[2026-04-03T04:21:08.000+0000] {taskinstance.py:1157} INFO - Dependencies all met for dep_context=non-requeueable deps ti=<TaskInstance: 02_industrial_sensor_elt.run_sensor_elt manual__2026-04-03T04:19:01.409563+00:00 [queued]>
[2026-04-03T04:21:08.017+0000] {taskinstance.py:1157} INFO - Dependencies all met for dep_context=requeueable deps ti=<TaskInstance: 02_industrial_sensor_elt.run_sensor_elt manual__2026-04-03T04:19:01.409563+00:00 [queued]>
[2026-04-03T04:21:08.018+0000] {taskinstance.py:1359} INFO - Starting attempt 2 of 2
[2026-04-03T04:21:08.041+0000] {taskinstance.py:1380} INFO - Executing <Task(SparkSubmitOperator): run_sensor_elt> on 2026-04-03 04:19:01.409563+00:00
[2026-04-03T04:21:08.057+0000] {standard_task_runner.py:57} INFO - Started process 356 to run task
[2026-04-03T04:21:08.061+0000] {standard_task_runner.py:84} INFO - Running: ['***', 'tasks', 'run', '02_industrial_sensor_elt', 'run_sensor_elt', 'manual__2026-04-03T04:19:01.409563+00:00', '--job-id', '3', '--raw', '--subdir', 'DAGS_FOLDER/dag_datalab_main.py', '--cfg-path', '/tmp/tmps4ncpfmw']
[2026-04-03T04:21:08.065+0000] {standard_task_runner.py:85} INFO - Job 3: Subtask run_sensor_elt
[2026-04-03T04:21:08.146+0000] {task_command.py:415} INFO - Running <TaskInstance: 02_industrial_sensor_elt.run_sensor_elt manual__2026-04-03T04:19:01.409563+00:00 [running]> on host 798fe7bdb874
[2026-04-03T04:21:08.288+0000] {taskinstance.py:1660} INFO - Exporting env vars: AIRFLOW_CTX_DAG_OWNER='juan_pablo' AIRFLOW_CTX_DAG_ID='02_industrial_sensor_elt' AIRFLOW_CTX_TASK_ID='run_sensor_elt' AIRFLOW_CTX_EXECUTION_DATE='2026-04-03T04:19:01.409563+00:00' AIRFLOW_CTX_TRY_NUMBER='2' AIRFLOW_CTX_DAG_RUN_ID='manual__2026-04-03T04:19:01.409563+00:00'
[2026-04-03T04:21:08.304+0000] {spark_submit.py:218} INFO - Could not load connection string spark_default, defaulting to yarn
[2026-04-03T04:21:08.306+0000] {spark_submit.py:340} INFO - Spark-Submit cmd: spark-submit --master yarn --conf spark.master=spark://spark-master:7077 --conf spark.driver.extraClassPath=/opt/bitnami/spark/extra-jars/postgresql-42.7.2.jar --driver-class-path /opt/bitnami/spark/extra-jars/postgresql-42.7.2.jar --jars /opt/bitnami/spark/extra-jars/postgresql-42.7.2.jar --name sensor_elt_job --verbose /app/scripts/process_data.py
[2026-04-03T04:21:10.938+0000] {spark_submit.py:491} INFO - Using properties file: null
[2026-04-03T04:21:11.114+0000] {spark_submit.py:491} INFO - Exception in thread "main" org.apache.spark.SparkException: When running with master 'yarn' either HADOOP_CONF_DIR or YARN_CONF_DIR must be set in the environment.
[2026-04-03T04:21:11.114+0000] {spark_submit.py:491} INFO - at org.apache.spark.deploy.SparkSubmitArguments.error(SparkSubmitArguments.scala:650)
[2026-04-03T04:21:11.115+0000] {spark_submit.py:491} INFO - at org.apache.spark.deploy.SparkSubmitArguments.validateSubmitArguments(SparkSubmitArguments.scala:281)
[2026-04-03T04:21:11.115+0000] {spark_submit.py:491} INFO - at org.apache.spark.deploy.SparkSubmitArguments.validateArguments(SparkSubmitArguments.scala:237)
[2026-04-03T04:21:11.115+0000] {spark_submit.py:491} INFO - at org.apache.spark.deploy.SparkSubmitArguments.<init>(SparkSubmitArguments.scala:122)
[2026-04-03T04:21:11.115+0000] {spark_submit.py:491} INFO - at org.apache.spark.deploy.SparkSubmit$$anon$2$$anon$3.<init>(SparkSubmit.scala:1103)
[2026-04-03T04:21:11.116+0000] {spark_submit.py:491} INFO - at org.apache.spark.deploy.SparkSubmit$$anon$2.parseArguments(SparkSubmit.scala:1103)
[2026-04-03T04:21:11.116+0000] {spark_submit.py:491} INFO - at org.apache.spark.deploy.SparkSubmit.doSubmit(SparkSubmit.scala:86)
[2026-04-03T04:21:11.116+0000] {spark_submit.py:491} INFO - at org.apache.spark.deploy.SparkSubmit$$anon$2.doSubmit(SparkSubmit.scala:1120)
[2026-04-03T04:21:11.116+0000] {spark_submit.py:491} INFO - at org.apache.spark.deploy.SparkSubmit$.main(SparkSubmit.scala:1129)
[2026-04-03T04:21:11.116+0000] {spark_submit.py:491} INFO - at org.apache.spark.deploy.SparkSubmit.main(SparkSubmit.scala)
[2026-04-03T04:21:11.179+0000] {taskinstance.py:1935} ERROR - Task failed with exception
Traceback (most recent call last):
  File "/home/airflow/.local/lib/python3.8/site-packages/airflow/providers/apache/spark/operators/spark_submit.py", line 156, in execute
    self._hook.submit(self._application)
  File "/home/airflow/.local/lib/python3.8/site-packages/airflow/providers/apache/spark/hooks/spark_submit.py", line 422, in submit
    raise AirflowException(
airflow.exceptions.AirflowException: Cannot execute: spark-submit --master yarn --conf spark.master=spark://spark-master:7077 --conf spark.driver.extraClassPath=/opt/bitnami/spark/extra-jars/postgresql-42.7.2.jar --driver-class-path /opt/bitnami/spark/extra-jars/postgresql-42.7.2.jar --jars /opt/bitnami/spark/extra-jars/postgresql-42.7.2.jar --name sensor_elt_job --verbose /app/scripts/process_data.py. Error code is: 1.
[2026-04-03T04:21:11.186+0000] {taskinstance.py:1398} INFO - Marking task as FAILED. dag_id=02_industrial_sensor_elt, task_id=run_sensor_elt, execution_date=20260403T041901, start_date=20260403T042108, end_date=20260403T042111
[2026-04-03T04:21:11.211+0000] {standard_task_runner.py:104} ERROR - Failed to execute job 3 for task run_sensor_elt (Cannot execute: spark-submit --master yarn --conf spark.master=spark://spark-master:7077 --conf spark.driver.extraClassPath=/opt/bitnami/spark/extra-jars/postgresql-42.7.2.jar --driver-class-path /opt/bitnami/spark/extra-jars/postgresql-42.7.2.jar --jars /opt/bitnami/spark/extra-jars/postgresql-42.7.2.jar --name sensor_elt_job --verbose /app/scripts/process_data.py. Error code is: 1.; 356)
[2026-04-03T04:21:11.245+0000] {local_task_job_runner.py:228} INFO - Task exited with return code 1
[2026-04-03T04:21:11.274+0000] {taskinstance.py:2776} INFO - 0 downstream tasks scheduled from follow-on schedule check
