[2026-04-03T08:39:35.680+0000] {local_task_job_runner.py:123} INFO - ::group::Pre task execution logs
[2026-04-03T08:39:35.729+0000] {taskinstance.py:2614} INFO - Dependencies all met for dep_context=non-requeueable deps ti=<TaskInstance: 02_industrial_sensor_elt.run_sensor_elt manual__2026-04-03T08:39:35.059380+00:00 [queued]>
[2026-04-03T08:39:35.750+0000] {taskinstance.py:2614} INFO - Dependencies all met for dep_context=requeueable deps ti=<TaskInstance: 02_industrial_sensor_elt.run_sensor_elt manual__2026-04-03T08:39:35.059380+00:00 [queued]>
[2026-04-03T08:39:35.750+0000] {taskinstance.py:2867} INFO - Starting attempt 1 of 2
[2026-04-03T08:39:35.782+0000] {taskinstance.py:2890} INFO - Executing <Task(SparkSubmitOperator): run_sensor_elt> on 2026-04-03 08:39:35.059380+00:00
[2026-04-03T08:39:35.804+0000] {standard_task_runner.py:104} INFO - Running: ['***', 'tasks', 'run', '02_industrial_sensor_elt', 'run_sensor_elt', 'manual__2026-04-03T08:39:35.059380+00:00', '--job-id', '12', '--raw', '--subdir', 'DAGS_FOLDER/dag_datalab_main.py', '--cfg-path', '/tmp/tmpwi81g8es']
[2026-04-03T08:39:35.809+0000] {standard_task_runner.py:105} INFO - Job 12: Subtask run_sensor_elt
[2026-04-03T08:39:35.811+0000] {logging_mixin.py:190} WARNING - /home/***/.local/lib/python3.12/site-packages/***/task/task_runner/standard_task_runner.py:70 DeprecationWarning: This process (pid=8769) is multi-threaded, use of fork() may lead to deadlocks in the child.
[2026-04-03T08:39:35.812+0000] {standard_task_runner.py:72} INFO - Started process 8777 to run task
[2026-04-03T08:39:35.935+0000] {task_command.py:467} INFO - Running <TaskInstance: 02_industrial_sensor_elt.run_sensor_elt manual__2026-04-03T08:39:35.059380+00:00 [running]> on host 2b08f200a2f3
[2026-04-03T08:39:36.155+0000] {taskinstance.py:3134} INFO - Exporting env vars: AIRFLOW_CTX_DAG_OWNER='juan_pablo' AIRFLOW_CTX_DAG_ID='02_industrial_sensor_elt' AIRFLOW_CTX_TASK_ID='run_sensor_elt' AIRFLOW_CTX_EXECUTION_DATE='2026-04-03T08:39:35.059380+00:00' AIRFLOW_CTX_TRY_NUMBER='1' AIRFLOW_CTX_DAG_RUN_ID='manual__2026-04-03T08:39:35.059380+00:00'
[2026-04-03T08:39:36.156+0000] {taskinstance.py:732} INFO - ::endgroup::
[2026-04-03T08:39:36.216+0000] {base.py:84} INFO - Retrieving connection 'spark_new'
[2026-04-03T08:39:36.219+0000] {spark_submit.py:403} INFO - Spark-Submit cmd: /opt/spark_dist/bin/spark-submit --master spark://spark-master:7077 --conf spark.driver.extraClassPath=/opt/***/plugins/postgresql-42.7.2.jar --conf spark.executor.extraClassPath=/opt/bitnami/spark/extra-jars/postgresql-42.7.2.jar --conf spark.driver.host=***-scheduler --conf spark.driver.port=7000 --conf spark.blockManager.port=7001 --conf spark.driver.bindAddress=0.0.0.0 --conf spark.executor.memory=1g --conf spark.executor.cores=1 --conf spark.cores.max=1 --conf spark.sql.shuffle.partitions=2 --conf spark.default.parallelism=2 --name sensor_elt_job --verbose --deploy-mode client /opt/***/scripts/process_data.py
[2026-04-03T08:39:36.860+0000] {spark_submit.py:579} INFO - WARNING: Using incubator modules: jdk.incubator.vector
[2026-04-03T08:39:38.527+0000] {spark_submit.py:579} INFO - Using properties file: /opt/spark_dist/conf/spark-defaults.conf
[2026-04-03T08:39:39.084+0000] {spark_submit.py:579} INFO - Parsed arguments:
[2026-04-03T08:39:39.084+0000] {spark_submit.py:579} INFO - master                  spark://spark-master:7077
[2026-04-03T08:39:39.085+0000] {spark_submit.py:579} INFO - remote                  null
[2026-04-03T08:39:39.085+0000] {spark_submit.py:579} INFO - deployMode              client
[2026-04-03T08:39:39.085+0000] {spark_submit.py:579} INFO - executorMemory          1g
[2026-04-03T08:39:39.086+0000] {spark_submit.py:579} INFO - executorCores           1
[2026-04-03T08:39:39.086+0000] {spark_submit.py:579} INFO - totalExecutorCores      1
[2026-04-03T08:39:39.086+0000] {spark_submit.py:579} INFO - propertiesFile          null
[2026-04-03T08:39:39.087+0000] {spark_submit.py:579} INFO - driverMemory            null
[2026-04-03T08:39:39.087+0000] {spark_submit.py:579} INFO - driverCores             null
[2026-04-03T08:39:39.087+0000] {spark_submit.py:579} INFO - driverExtraClassPath    /opt/***/plugins/postgresql-42.7.2.jar
[2026-04-03T08:39:39.087+0000] {spark_submit.py:579} INFO - driverExtraLibraryPath  null
[2026-04-03T08:39:39.088+0000] {spark_submit.py:579} INFO - driverExtraJavaOptions  --add-exports java.base/sun.nio.ch=ALL-UNNAMED
[2026-04-03T08:39:39.088+0000] {spark_submit.py:579} INFO - supervise               false
[2026-04-03T08:39:39.089+0000] {spark_submit.py:579} INFO - queue                   null
[2026-04-03T08:39:39.089+0000] {spark_submit.py:579} INFO - numExecutors            null
[2026-04-03T08:39:39.089+0000] {spark_submit.py:579} INFO - files                   null
[2026-04-03T08:39:39.089+0000] {spark_submit.py:579} INFO - pyFiles                 null
[2026-04-03T08:39:39.090+0000] {spark_submit.py:579} INFO - archives                null
[2026-04-03T08:39:39.090+0000] {spark_submit.py:579} INFO - mainClass               null
[2026-04-03T08:39:39.091+0000] {spark_submit.py:579} INFO - primaryResource         file:/opt/***/scripts/process_data.py
[2026-04-03T08:39:39.091+0000] {spark_submit.py:579} INFO - name                    sensor_elt_job
[2026-04-03T08:39:39.092+0000] {spark_submit.py:579} INFO - childArgs               []
[2026-04-03T08:39:39.092+0000] {spark_submit.py:579} INFO - jars                    null
[2026-04-03T08:39:39.092+0000] {spark_submit.py:579} INFO - packages                null
[2026-04-03T08:39:39.092+0000] {spark_submit.py:579} INFO - packagesExclusions      null
[2026-04-03T08:39:39.093+0000] {spark_submit.py:579} INFO - repositories            null
[2026-04-03T08:39:39.093+0000] {spark_submit.py:579} INFO - verbose                 true
[2026-04-03T08:39:39.093+0000] {spark_submit.py:579} INFO - 
[2026-04-03T08:39:39.093+0000] {spark_submit.py:579} INFO - Spark properties used, including those specified through
[2026-04-03T08:39:39.093+0000] {spark_submit.py:579} INFO - --conf and those from the properties file null:
[2026-04-03T08:39:39.094+0000] {spark_submit.py:579} INFO - (spark.blockManager.port,7001)
[2026-04-03T08:39:39.094+0000] {spark_submit.py:579} INFO - (spark.cores.max,1)
[2026-04-03T08:39:39.094+0000] {spark_submit.py:579} INFO - (spark.default.parallelism,2)
[2026-04-03T08:39:39.094+0000] {spark_submit.py:579} INFO - (spark.driver.bindAddress,0.0.0.0)
[2026-04-03T08:39:39.095+0000] {spark_submit.py:579} INFO - (spark.driver.extraClassPath,/opt/***/plugins/postgresql-42.7.2.jar)
[2026-04-03T08:39:39.095+0000] {spark_submit.py:579} INFO - (spark.driver.extraJavaOptions,--add-exports java.base/sun.nio.ch=ALL-UNNAMED)
[2026-04-03T08:39:39.095+0000] {spark_submit.py:579} INFO - (spark.driver.host,***-scheduler)
[2026-04-03T08:39:39.096+0000] {spark_submit.py:579} INFO - (spark.driver.port,7000)
[2026-04-03T08:39:39.096+0000] {spark_submit.py:579} INFO - (spark.executor.cores,1)
[2026-04-03T08:39:39.096+0000] {spark_submit.py:579} INFO - (spark.executor.extraClassPath,/opt/bitnami/spark/extra-jars/postgresql-42.7.2.jar)
[2026-04-03T08:39:39.097+0000] {spark_submit.py:579} INFO - (spark.executor.memory,1g)
[2026-04-03T08:39:39.097+0000] {spark_submit.py:579} INFO - (spark.sql.shuffle.partitions,2)
[2026-04-03T08:39:39.097+0000] {spark_submit.py:579} INFO - 
[2026-04-03T08:39:39.098+0000] {spark_submit.py:579} INFO - 
[2026-04-03T08:39:39.458+0000] {spark_submit.py:579} INFO - Main class:
[2026-04-03T08:39:39.458+0000] {spark_submit.py:579} INFO - org.apache.spark.deploy.PythonRunner
[2026-04-03T08:39:39.459+0000] {spark_submit.py:579} INFO - Arguments:
[2026-04-03T08:39:39.459+0000] {spark_submit.py:579} INFO - file:/opt/***/scripts/process_data.py
[2026-04-03T08:39:39.460+0000] {spark_submit.py:579} INFO - null
[2026-04-03T08:39:39.461+0000] {spark_submit.py:579} INFO - Spark config:
[2026-04-03T08:39:39.462+0000] {spark_submit.py:579} INFO - (spark.app.name,sensor_elt_job)
[2026-04-03T08:39:39.462+0000] {spark_submit.py:579} INFO - (spark.app.submitTime,1775205579418)
[2026-04-03T08:39:39.462+0000] {spark_submit.py:579} INFO - (spark.blockManager.port,7001)
[2026-04-03T08:39:39.463+0000] {spark_submit.py:579} INFO - (spark.cores.max,1)
[2026-04-03T08:39:39.463+0000] {spark_submit.py:579} INFO - (spark.default.parallelism,2)
[2026-04-03T08:39:39.464+0000] {spark_submit.py:579} INFO - (spark.driver.bindAddress,0.0.0.0)
[2026-04-03T08:39:39.464+0000] {spark_submit.py:579} INFO - (spark.driver.extraClassPath,/opt/***/plugins/postgresql-42.7.2.jar)
[2026-04-03T08:39:39.464+0000] {spark_submit.py:579} INFO - (spark.driver.extraJavaOptions,--add-exports java.base/sun.nio.ch=ALL-UNNAMED)
[2026-04-03T08:39:39.465+0000] {spark_submit.py:579} INFO - (spark.driver.host,***-scheduler)
[2026-04-03T08:39:39.465+0000] {spark_submit.py:579} INFO - (spark.driver.port,7000)
[2026-04-03T08:39:39.465+0000] {spark_submit.py:579} INFO - (spark.executor.cores,1)
[2026-04-03T08:39:39.466+0000] {spark_submit.py:579} INFO - (spark.executor.extraClassPath,/opt/bitnami/spark/extra-jars/postgresql-42.7.2.jar)
[2026-04-03T08:39:39.466+0000] {spark_submit.py:579} INFO - (spark.executor.memory,1g)
[2026-04-03T08:39:39.466+0000] {spark_submit.py:579} INFO - (spark.master,spark://spark-master:7077)
[2026-04-03T08:39:39.466+0000] {spark_submit.py:579} INFO - (spark.sql.shuffle.partitions,2)
[2026-04-03T08:39:39.467+0000] {spark_submit.py:579} INFO - (spark.submit.deployMode,client)
[2026-04-03T08:39:39.467+0000] {spark_submit.py:579} INFO - (spark.submit.pyFiles,)
[2026-04-03T08:39:39.467+0000] {spark_submit.py:579} INFO - Classpath elements:
[2026-04-03T08:39:39.467+0000] {spark_submit.py:579} INFO - 
[2026-04-03T08:39:39.468+0000] {spark_submit.py:579} INFO - 
[2026-04-03T08:39:39.468+0000] {spark_submit.py:579} INFO - 
[2026-04-03T08:39:40.810+0000] {spark_submit.py:579} INFO - Using Spark's default log4j profile: org/apache/spark/log4j2-defaults.properties
[2026-04-03T08:39:40.824+0000] {spark_submit.py:579} INFO - 26/04/03 08:39:40 INFO SparkContext: Running Spark version 4.1.1
[2026-04-03T08:39:40.832+0000] {spark_submit.py:579} INFO - 26/04/03 08:39:40 INFO SparkContext: OS info Linux, 6.18.13-200.fc43.x86_64, amd64
[2026-04-03T08:39:40.833+0000] {spark_submit.py:579} INFO - 26/04/03 08:39:40 INFO SparkContext: Java version 17.0.18+8-Debian-1deb12u1
[2026-04-03T08:39:40.997+0000] {spark_submit.py:579} INFO - 26/04/03 08:39:40 WARN NativeCodeLoader: Unable to load native-hadoop library for your platform... using builtin-java classes where applicable
[2026-04-03T08:39:41.100+0000] {spark_submit.py:579} INFO - 26/04/03 08:39:41 INFO ResourceUtils: ==============================================================
[2026-04-03T08:39:41.100+0000] {spark_submit.py:579} INFO - 26/04/03 08:39:41 INFO ResourceUtils: No custom resources configured for spark.driver.
[2026-04-03T08:39:41.101+0000] {spark_submit.py:579} INFO - 26/04/03 08:39:41 INFO ResourceUtils: ==============================================================
[2026-04-03T08:39:41.102+0000] {spark_submit.py:579} INFO - 26/04/03 08:39:41 INFO SparkContext: Submitted application: Industrial-ELT-Pipeline
[2026-04-03T08:39:41.222+0000] {spark_submit.py:579} INFO - 26/04/03 08:39:41 INFO SecurityManager: Changing view acls to: default
[2026-04-03T08:39:41.223+0000] {spark_submit.py:579} INFO - 26/04/03 08:39:41 INFO SecurityManager: Changing modify acls to: default
[2026-04-03T08:39:41.224+0000] {spark_submit.py:579} INFO - 26/04/03 08:39:41 INFO SecurityManager: Changing view acls groups to: default
[2026-04-03T08:39:41.225+0000] {spark_submit.py:579} INFO - 26/04/03 08:39:41 INFO SecurityManager: Changing modify acls groups to: default
[2026-04-03T08:39:41.227+0000] {spark_submit.py:579} INFO - 26/04/03 08:39:41 INFO SecurityManager: SecurityManager: authentication disabled; ui acls disabled; users with view permissions: default groups with view permissions: EMPTY; users with modify permissions: default; groups with modify permissions: EMPTY; RPC SSL disabled
[2026-04-03T08:39:41.764+0000] {spark_submit.py:579} INFO - 26/04/03 08:39:41 INFO Utils: Successfully started service 'sparkDriver' on port 7000.
[2026-04-03T08:39:41.820+0000] {spark_submit.py:579} INFO - 26/04/03 08:39:41 INFO SparkEnv: Registering MapOutputTracker
[2026-04-03T08:39:41.845+0000] {spark_submit.py:579} INFO - 26/04/03 08:39:41 INFO SparkEnv: Registering BlockManagerMaster
[2026-04-03T08:39:41.879+0000] {spark_submit.py:579} INFO - 26/04/03 08:39:41 INFO BlockManagerMasterEndpoint: Using org.apache.spark.storage.DefaultTopologyMapper for getting topology information
[2026-04-03T08:39:41.880+0000] {spark_submit.py:579} INFO - 26/04/03 08:39:41 INFO BlockManagerMasterEndpoint: BlockManagerMasterEndpoint up
[2026-04-03T08:39:41.886+0000] {spark_submit.py:579} INFO - 26/04/03 08:39:41 INFO SparkEnv: Registering BlockManagerMasterHeartbeat
[2026-04-03T08:39:41.926+0000] {spark_submit.py:579} INFO - 26/04/03 08:39:41 INFO DiskBlockManager: Created local directory at /tmp/blockmgr-78e71f84-65c3-4f63-ab1a-ef3ea7adc722
[2026-04-03T08:39:41.966+0000] {spark_submit.py:579} INFO - 26/04/03 08:39:41 INFO SparkEnv: Registering OutputCommitCoordinator
[2026-04-03T08:39:42.188+0000] {spark_submit.py:579} INFO - 26/04/03 08:39:42 INFO JettyUtils: Start Jetty 0.0.0.0:4040 for SparkUI
[2026-04-03T08:39:42.340+0000] {spark_submit.py:579} INFO - 26/04/03 08:39:42 INFO Utils: Successfully started service 'SparkUI' on port 4040.
[2026-04-03T08:39:42.404+0000] {spark_submit.py:579} INFO - 26/04/03 08:39:42 ERROR SparkContext: Failed to add /opt/bitnami/spark/extra-jars/postgresql-42.7.2.jar to Spark environment
[2026-04-03T08:39:42.405+0000] {spark_submit.py:579} INFO - java.io.FileNotFoundException: Jar /opt/bitnami/spark/extra-jars/postgresql-42.7.2.jar not found
[2026-04-03T08:39:42.405+0000] {spark_submit.py:579} INFO - at org.apache.spark.SparkContext.addLocalJarFile$1(SparkContext.scala:2185)
[2026-04-03T08:39:42.405+0000] {spark_submit.py:579} INFO - at org.apache.spark.SparkContext.addJar(SparkContext.scala:2241)
[2026-04-03T08:39:42.406+0000] {spark_submit.py:579} INFO - at org.apache.spark.SparkContext.$anonfun$new$16(SparkContext.scala:544)
[2026-04-03T08:39:42.406+0000] {spark_submit.py:579} INFO - at org.apache.spark.SparkContext.$anonfun$new$16$adapted(SparkContext.scala:544)
[2026-04-03T08:39:42.406+0000] {spark_submit.py:579} INFO - at scala.collection.IterableOnceOps.foreach(IterableOnce.scala:630)
[2026-04-03T08:39:42.406+0000] {spark_submit.py:579} INFO - at scala.collection.IterableOnceOps.foreach$(IterableOnce.scala:628)
[2026-04-03T08:39:42.407+0000] {spark_submit.py:579} INFO - at scala.collection.AbstractIterable.foreach(Iterable.scala:936)
[2026-04-03T08:39:42.407+0000] {spark_submit.py:579} INFO - at org.apache.spark.SparkContext.<init>(SparkContext.scala:544)
[2026-04-03T08:39:42.407+0000] {spark_submit.py:579} INFO - at org.apache.spark.api.java.JavaSparkContext.<init>(JavaSparkContext.scala:59)
[2026-04-03T08:39:42.407+0000] {spark_submit.py:579} INFO - at java.base/jdk.internal.reflect.NativeConstructorAccessorImpl.newInstance0(Native Method)
[2026-04-03T08:39:42.408+0000] {spark_submit.py:579} INFO - at java.base/jdk.internal.reflect.NativeConstructorAccessorImpl.newInstance(NativeConstructorAccessorImpl.java:77)
[2026-04-03T08:39:42.408+0000] {spark_submit.py:579} INFO - at java.base/jdk.internal.reflect.DelegatingConstructorAccessorImpl.newInstance(DelegatingConstructorAccessorImpl.java:45)
[2026-04-03T08:39:42.408+0000] {spark_submit.py:579} INFO - at java.base/java.lang.reflect.Constructor.newInstanceWithCaller(Constructor.java:500)
[2026-04-03T08:39:42.409+0000] {spark_submit.py:579} INFO - at java.base/java.lang.reflect.Constructor.newInstance(Constructor.java:481)
[2026-04-03T08:39:42.409+0000] {spark_submit.py:579} INFO - at py4j.reflection.MethodInvoker.invoke(MethodInvoker.java:247)
[2026-04-03T08:39:42.409+0000] {spark_submit.py:579} INFO - at py4j.reflection.ReflectionEngine.invoke(ReflectionEngine.java:374)
[2026-04-03T08:39:42.409+0000] {spark_submit.py:579} INFO - at py4j.Gateway.invoke(Gateway.java:238)
[2026-04-03T08:39:42.410+0000] {spark_submit.py:579} INFO - at py4j.commands.ConstructorCommand.invokeConstructor(ConstructorCommand.java:80)
[2026-04-03T08:39:42.410+0000] {spark_submit.py:579} INFO - at py4j.commands.ConstructorCommand.execute(ConstructorCommand.java:69)
[2026-04-03T08:39:42.410+0000] {spark_submit.py:579} INFO - at py4j.ClientServerConnection.waitForCommands(ClientServerConnection.java:184)
[2026-04-03T08:39:42.410+0000] {spark_submit.py:579} INFO - at py4j.ClientServerConnection.run(ClientServerConnection.java:108)
[2026-04-03T08:39:42.411+0000] {spark_submit.py:579} INFO - at java.base/java.lang.Thread.run(Thread.java:840)
[2026-04-03T08:39:42.448+0000] {spark_submit.py:579} INFO - 26/04/03 08:39:42 INFO ResourceProfile: Default ResourceProfile created, executor resources: Map(cores -> name: cores, amount: 1, script: , vendor: , memory -> name: memory, amount: 1024, script: , vendor: , offHeap -> name: offHeap, amount: 0, script: , vendor: ), task resources: Map(cpus -> name: cpus, amount: 1.0)
[2026-04-03T08:39:42.455+0000] {spark_submit.py:579} INFO - 26/04/03 08:39:42 INFO ResourceProfile: Limiting resource is cpus at 1 tasks per executor
[2026-04-03T08:39:42.458+0000] {spark_submit.py:579} INFO - 26/04/03 08:39:42 INFO ResourceProfileManager: Added ResourceProfile id: 0
[2026-04-03T08:39:42.481+0000] {spark_submit.py:579} INFO - 26/04/03 08:39:42 INFO SecurityManager: Changing view acls to: default
[2026-04-03T08:39:42.482+0000] {spark_submit.py:579} INFO - 26/04/03 08:39:42 INFO SecurityManager: Changing modify acls to: default
[2026-04-03T08:39:42.482+0000] {spark_submit.py:579} INFO - 26/04/03 08:39:42 INFO SecurityManager: Changing view acls groups to: default
[2026-04-03T08:39:42.482+0000] {spark_submit.py:579} INFO - 26/04/03 08:39:42 INFO SecurityManager: Changing modify acls groups to: default
[2026-04-03T08:39:42.483+0000] {spark_submit.py:579} INFO - 26/04/03 08:39:42 INFO SecurityManager: SecurityManager: authentication disabled; ui acls disabled; users with view permissions: default groups with view permissions: EMPTY; users with modify permissions: default; groups with modify permissions: EMPTY; RPC SSL disabled
[2026-04-03T08:39:42.702+0000] {spark_submit.py:579} INFO - 26/04/03 08:39:42 INFO StandaloneAppClient$ClientEndpoint: Connecting to master spark://spark-master:7077...
[2026-04-03T08:39:42.786+0000] {spark_submit.py:579} INFO - 26/04/03 08:39:42 INFO TransportClientFactory: Successfully created connection to spark-master/172.20.0.4:7077 after 44 ms (0 ms spent in bootstraps)
[2026-04-03T08:39:43.031+0000] {spark_submit.py:579} INFO - 26/04/03 08:39:43 INFO StandaloneSchedulerBackend: Connected to Spark cluster with app ID app-20260403083943-0010
[2026-04-03T08:39:43.035+0000] {spark_submit.py:579} INFO - 26/04/03 08:39:43 INFO StandaloneAppClient$ClientEndpoint: Executor added: app-20260403083943-0010/0 on worker-20260403083929-172.20.0.2-46299 (172.20.0.2:46299) with 1 core(s)
[2026-04-03T08:39:43.039+0000] {spark_submit.py:579} INFO - 26/04/03 08:39:43 INFO StandaloneSchedulerBackend: Granted executor ID app-20260403083943-0010/0 on hostPort 172.20.0.2:46299 with 1 core(s), 1024.0 MiB RAM
[2026-04-03T08:39:43.046+0000] {spark_submit.py:579} INFO - 26/04/03 08:39:43 INFO Utils: Successfully started service 'org.apache.spark.network.netty.NettyBlockTransferService' on port 7001.
[2026-04-03T08:39:43.047+0000] {spark_submit.py:579} INFO - 26/04/03 08:39:43 INFO NettyBlockTransferService: Server created on ***-scheduler 0.0.0.0:7001
[2026-04-03T08:39:43.050+0000] {spark_submit.py:579} INFO - 26/04/03 08:39:43 INFO BlockManager: Using org.apache.spark.storage.RandomBlockReplicationPolicy for block replication policy
[2026-04-03T08:39:43.081+0000] {spark_submit.py:579} INFO - 26/04/03 08:39:43 INFO BlockManagerMaster: Registering BlockManager BlockManagerId(driver, ***-scheduler, 7001, None)
[2026-04-03T08:39:43.094+0000] {spark_submit.py:579} INFO - 26/04/03 08:39:43 INFO BlockManagerMasterEndpoint: Registering block manager ***-scheduler:7001 with 434.4 MiB RAM, BlockManagerId(driver, ***-scheduler, 7001, None)
[2026-04-03T08:39:43.102+0000] {spark_submit.py:579} INFO - 26/04/03 08:39:43 INFO BlockManagerMaster: Registered BlockManager BlockManagerId(driver, ***-scheduler, 7001, None)
[2026-04-03T08:39:43.104+0000] {spark_submit.py:579} INFO - 26/04/03 08:39:43 INFO BlockManager: Initialized BlockManager: BlockManagerId(driver, ***-scheduler, 7001, None)
[2026-04-03T08:39:43.255+0000] {spark_submit.py:579} INFO - 26/04/03 08:39:43 INFO StandaloneAppClient$ClientEndpoint: Executor updated: app-20260403083943-0010/0 is now RUNNING
[2026-04-03T08:39:43.436+0000] {spark_submit.py:579} INFO - 26/04/03 08:39:43 INFO StandaloneSchedulerBackend: SchedulerBackend is ready for scheduling beginning after reached minRegisteredResourcesRatio: 0.0
[2026-04-03T08:39:48.038+0000] {spark_submit.py:579} INFO - 26/04/03 08:39:48 INFO StandaloneSchedulerBackend$StandaloneDriverEndpoint: Registered executor NettyRpcEndpointRef(spark-client://Executor) (172.20.0.1:33986) with ID 0, ResourceProfileId 0
[2026-04-03T08:39:48.164+0000] {spark_submit.py:579} INFO - 26/04/03 08:39:48 INFO SharedState: Setting hive.metastore.warehouse.dir ('null') to the value of spark.sql.warehouse.dir.
[2026-04-03T08:39:48.179+0000] {spark_submit.py:579} INFO - 26/04/03 08:39:48 INFO SharedState: Warehouse path is 'file:/opt/***/spark-warehouse'.
[2026-04-03T08:39:48.414+0000] {spark_submit.py:579} INFO - 26/04/03 08:39:48 INFO BlockManagerMasterEndpoint: Registering block manager 172.20.0.2:7001 with 434.4 MiB RAM, BlockManagerId(0, 172.20.0.2, 7001, None)
[2026-04-03T08:39:49.349+0000] {spark_submit.py:579} INFO - 26/04/03 08:39:49 WARN FileStreamSink: Assume no metadata directory. Error while looking for metadata directory in the path: /data/raw/sensors/*.json.
[2026-04-03T08:39:49.350+0000] {spark_submit.py:579} INFO - java.io.FileNotFoundException: File /data/raw/sensors/*.json does not exist
[2026-04-03T08:39:49.350+0000] {spark_submit.py:579} INFO - at org.apache.hadoop.fs.RawLocalFileSystem.deprecatedGetFileStatus(RawLocalFileSystem.java:980)
[2026-04-03T08:39:49.351+0000] {spark_submit.py:579} INFO - at org.apache.hadoop.fs.RawLocalFileSystem.getFileLinkStatusInternal(RawLocalFileSystem.java:1301)
[2026-04-03T08:39:49.351+0000] {spark_submit.py:579} INFO - at org.apache.hadoop.fs.RawLocalFileSystem.getFileStatus(RawLocalFileSystem.java:970)
[2026-04-03T08:39:49.351+0000] {spark_submit.py:579} INFO - at org.apache.hadoop.fs.FilterFileSystem.getFileStatus(FilterFileSystem.java:462)
[2026-04-03T08:39:49.351+0000] {spark_submit.py:579} INFO - at org.apache.spark.sql.execution.streaming.sinks.FileStreamSink$.hasMetadata(FileStreamSink.scala:58)
[2026-04-03T08:39:49.352+0000] {spark_submit.py:579} INFO - at org.apache.spark.sql.execution.datasources.DataSource.resolveRelation(DataSource.scala:384)
[2026-04-03T08:39:49.352+0000] {spark_submit.py:579} INFO - at org.apache.spark.sql.catalyst.analysis.ResolveDataSource.org$apache$spark$sql$catalyst$analysis$ResolveDataSource$$loadV1BatchSource(ResolveDataSource.scala:143)
[2026-04-03T08:39:49.352+0000] {spark_submit.py:579} INFO - at org.apache.spark.sql.catalyst.analysis.ResolveDataSource$$anonfun$apply$1.$anonfun$applyOrElse$2(ResolveDataSource.scala:61)
[2026-04-03T08:39:49.352+0000] {spark_submit.py:579} INFO - at scala.Option.getOrElse(Option.scala:201)
[2026-04-03T08:39:49.353+0000] {spark_submit.py:579} INFO - at org.apache.spark.sql.catalyst.analysis.ResolveDataSource$$anonfun$apply$1.applyOrElse(ResolveDataSource.scala:61)
[2026-04-03T08:39:49.353+0000] {spark_submit.py:579} INFO - at org.apache.spark.sql.catalyst.analysis.ResolveDataSource$$anonfun$apply$1.applyOrElse(ResolveDataSource.scala:45)
[2026-04-03T08:39:49.353+0000] {spark_submit.py:579} INFO - at org.apache.spark.sql.catalyst.plans.logical.AnalysisHelper.$anonfun$resolveOperatorsUpWithPruning$3(AnalysisHelper.scala:139)
[2026-04-03T08:39:49.354+0000] {spark_submit.py:579} INFO - at org.apache.spark.sql.catalyst.trees.CurrentOrigin$.withOrigin(origin.scala:107)
[2026-04-03T08:39:49.355+0000] {spark_submit.py:579} INFO - at org.apache.spark.sql.catalyst.plans.logical.AnalysisHelper.$anonfun$resolveOperatorsUpWithPruning$1(AnalysisHelper.scala:139)
[2026-04-03T08:39:49.355+0000] {spark_submit.py:579} INFO - at org.apache.spark.sql.catalyst.plans.logical.AnalysisHelper$.allowInvokingTransformsInAnalyzer(AnalysisHelper.scala:416)
[2026-04-03T08:39:49.356+0000] {spark_submit.py:579} INFO - at org.apache.spark.sql.catalyst.plans.logical.AnalysisHelper.resolveOperatorsUpWithPruning(AnalysisHelper.scala:135)
[2026-04-03T08:39:49.356+0000] {spark_submit.py:579} INFO - at org.apache.spark.sql.catalyst.plans.logical.AnalysisHelper.resolveOperatorsUpWithPruning$(AnalysisHelper.scala:131)
[2026-04-03T08:39:49.356+0000] {spark_submit.py:579} INFO - at org.apache.spark.sql.catalyst.plans.logical.LogicalPlan.resolveOperatorsUpWithPruning(LogicalPlan.scala:37)
[2026-04-03T08:39:49.356+0000] {spark_submit.py:579} INFO - at org.apache.spark.sql.catalyst.plans.logical.AnalysisHelper.resolveOperatorsUp(AnalysisHelper.scala:112)
[2026-04-03T08:39:49.357+0000] {spark_submit.py:579} INFO - at org.apache.spark.sql.catalyst.plans.logical.AnalysisHelper.resolveOperatorsUp$(AnalysisHelper.scala:111)
[2026-04-03T08:39:49.357+0000] {spark_submit.py:579} INFO - at org.apache.spark.sql.catalyst.plans.logical.LogicalPlan.resolveOperatorsUp(LogicalPlan.scala:37)
[2026-04-03T08:39:49.357+0000] {spark_submit.py:579} INFO - at org.apache.spark.sql.catalyst.analysis.ResolveDataSource.apply(ResolveDataSource.scala:45)
[2026-04-03T08:39:49.357+0000] {spark_submit.py:579} INFO - at org.apache.spark.sql.catalyst.analysis.ResolveDataSource.apply(ResolveDataSource.scala:43)
[2026-04-03T08:39:49.357+0000] {spark_submit.py:579} INFO - at org.apache.spark.sql.catalyst.rules.RuleExecutor.$anonfun$execute$2(RuleExecutor.scala:248)
[2026-04-03T08:39:49.358+0000] {spark_submit.py:579} INFO - at scala.collection.LinearSeqOps.foldLeft(LinearSeq.scala:183)
[2026-04-03T08:39:49.358+0000] {spark_submit.py:579} INFO - at scala.collection.LinearSeqOps.foldLeft$(LinearSeq.scala:179)
[2026-04-03T08:39:49.358+0000] {spark_submit.py:579} INFO - at scala.collection.immutable.List.foldLeft(List.scala:79)
[2026-04-03T08:39:49.358+0000] {spark_submit.py:579} INFO - at org.apache.spark.sql.catalyst.rules.RuleExecutor.$anonfun$execute$1(RuleExecutor.scala:245)
[2026-04-03T08:39:49.358+0000] {spark_submit.py:579} INFO - at org.apache.spark.sql.catalyst.rules.RuleExecutor.$anonfun$execute$1$adapted(RuleExecutor.scala:237)
[2026-04-03T08:39:49.359+0000] {spark_submit.py:579} INFO - at scala.collection.immutable.List.foreach(List.scala:323)
[2026-04-03T08:39:49.359+0000] {spark_submit.py:579} INFO - at org.apache.spark.sql.catalyst.rules.RuleExecutor.execute(RuleExecutor.scala:237)
[2026-04-03T08:39:49.359+0000] {spark_submit.py:579} INFO - at org.apache.spark.sql.catalyst.analysis.Analyzer.org$apache$spark$sql$catalyst$analysis$Analyzer$$executeSameContext(Analyzer.scala:343)
[2026-04-03T08:39:49.360+0000] {spark_submit.py:579} INFO - at org.apache.spark.sql.catalyst.analysis.Analyzer.$anonfun$execute$1(Analyzer.scala:339)
[2026-04-03T08:39:49.360+0000] {spark_submit.py:579} INFO - at org.apache.spark.sql.catalyst.analysis.AnalysisContext$.withNewAnalysisContext(Analyzer.scala:224)
[2026-04-03T08:39:49.360+0000] {spark_submit.py:579} INFO - at org.apache.spark.sql.catalyst.analysis.Analyzer.execute(Analyzer.scala:339)
[2026-04-03T08:39:49.360+0000] {spark_submit.py:579} INFO - at org.apache.spark.sql.catalyst.analysis.Analyzer.execute(Analyzer.scala:289)
[2026-04-03T08:39:49.361+0000] {spark_submit.py:579} INFO - at org.apache.spark.sql.catalyst.rules.RuleExecutor.$anonfun$executeAndTrack$1(RuleExecutor.scala:207)
[2026-04-03T08:39:49.361+0000] {spark_submit.py:579} INFO - at org.apache.spark.sql.catalyst.QueryPlanningTracker$.withTracker(QueryPlanningTracker.scala:89)
[2026-04-03T08:39:49.361+0000] {spark_submit.py:579} INFO - at org.apache.spark.sql.catalyst.rules.RuleExecutor.executeAndTrack(RuleExecutor.scala:207)
[2026-04-03T08:39:49.361+0000] {spark_submit.py:579} INFO - at org.apache.spark.sql.catalyst.analysis.resolver.HybridAnalyzer.resolveInFixedPoint(HybridAnalyzer.scala:236)
[2026-04-03T08:39:49.362+0000] {spark_submit.py:579} INFO - at org.apache.spark.sql.catalyst.analysis.resolver.HybridAnalyzer.$anonfun$apply$1(HybridAnalyzer.scala:91)
[2026-04-03T08:39:49.362+0000] {spark_submit.py:579} INFO - at org.apache.spark.sql.catalyst.analysis.resolver.HybridAnalyzer.withTrackedAnalyzerBridgeState(HybridAnalyzer.scala:122)
[2026-04-03T08:39:49.362+0000] {spark_submit.py:579} INFO - at org.apache.spark.sql.catalyst.analysis.resolver.HybridAnalyzer.apply(HybridAnalyzer.scala:84)
[2026-04-03T08:39:49.362+0000] {spark_submit.py:579} INFO - at org.apache.spark.sql.catalyst.analysis.Analyzer.$anonfun$executeAndCheck$1(Analyzer.scala:322)
[2026-04-03T08:39:49.363+0000] {spark_submit.py:579} INFO - at org.apache.spark.sql.catalyst.plans.logical.AnalysisHelper$.markInAnalyzer(AnalysisHelper.scala:423)
[2026-04-03T08:39:49.363+0000] {spark_submit.py:579} INFO - at org.apache.spark.sql.catalyst.analysis.Analyzer.executeAndCheck(Analyzer.scala:322)
[2026-04-03T08:39:49.363+0000] {spark_submit.py:579} INFO - at org.apache.spark.sql.execution.QueryExecution.$anonfun$lazyAnalyzed$2(QueryExecution.scala:139)
[2026-04-03T08:39:49.363+0000] {spark_submit.py:579} INFO - at org.apache.spark.sql.catalyst.QueryPlanningTracker.measurePhase(QueryPlanningTracker.scala:148)
[2026-04-03T08:39:49.363+0000] {spark_submit.py:579} INFO - at org.apache.spark.sql.execution.QueryExecution.$anonfun$executePhase$2(QueryExecution.scala:330)
[2026-04-03T08:39:49.364+0000] {spark_submit.py:579} INFO - at org.apache.spark.sql.execution.QueryExecution$.withInternalError(QueryExecution.scala:717)
[2026-04-03T08:39:49.364+0000] {spark_submit.py:579} INFO - at org.apache.spark.sql.execution.QueryExecution.$anonfun$executePhase$1(QueryExecution.scala:330)
[2026-04-03T08:39:49.364+0000] {spark_submit.py:579} INFO - at org.apache.spark.sql.SparkSession.withActive(SparkSession.scala:804)
[2026-04-03T08:39:49.364+0000] {spark_submit.py:579} INFO - at org.apache.spark.sql.execution.QueryExecution.executePhase(QueryExecution.scala:329)
[2026-04-03T08:39:49.365+0000] {spark_submit.py:579} INFO - at org.apache.spark.sql.execution.QueryExecution.$anonfun$lazyAnalyzed$1(QueryExecution.scala:139)
[2026-04-03T08:39:49.365+0000] {spark_submit.py:579} INFO - at scala.util.Try$.apply(Try.scala:217)
[2026-04-03T08:39:49.365+0000] {spark_submit.py:579} INFO - at org.apache.spark.util.Utils$.doTryWithCallerStacktrace(Utils.scala:1392)
[2026-04-03T08:39:49.365+0000] {spark_submit.py:579} INFO - at org.apache.spark.util.LazyTry.tryT$lzycompute(LazyTry.scala:46)
[2026-04-03T08:39:49.365+0000] {spark_submit.py:579} INFO - at org.apache.spark.util.LazyTry.tryT(LazyTry.scala:46)
[2026-04-03T08:39:49.366+0000] {spark_submit.py:579} INFO - at org.apache.spark.util.LazyTry.get(LazyTry.scala:58)
[2026-04-03T08:39:49.366+0000] {spark_submit.py:579} INFO - at org.apache.spark.sql.execution.QueryExecution.analyzed(QueryExecution.scala:150)
[2026-04-03T08:39:49.366+0000] {spark_submit.py:579} INFO - at org.apache.spark.sql.execution.QueryExecution.assertAnalyzed(QueryExecution.scala:90)
[2026-04-03T08:39:49.366+0000] {spark_submit.py:579} INFO - at org.apache.spark.sql.classic.Dataset$.$anonfun$ofRows$1(Dataset.scala:114)
[2026-04-03T08:39:49.366+0000] {spark_submit.py:579} INFO - at org.apache.spark.sql.SparkSession.withActive(SparkSession.scala:804)
[2026-04-03T08:39:49.367+0000] {spark_submit.py:579} INFO - at org.apache.spark.sql.classic.Dataset$.ofRows(Dataset.scala:112)
[2026-04-03T08:39:49.367+0000] {spark_submit.py:579} INFO - at org.apache.spark.sql.classic.DataFrameReader.load(DataFrameReader.scala:108)
[2026-04-03T08:39:49.367+0000] {spark_submit.py:579} INFO - at org.apache.spark.sql.classic.DataFrameReader.load(DataFrameReader.scala:57)
[2026-04-03T08:39:49.367+0000] {spark_submit.py:579} INFO - at org.apache.spark.sql.DataFrameReader.json(DataFrameReader.scala:296)
[2026-04-03T08:39:49.368+0000] {spark_submit.py:579} INFO - at org.apache.spark.sql.classic.DataFrameReader.json(DataFrameReader.scala:149)
[2026-04-03T08:39:49.368+0000] {spark_submit.py:579} INFO - at java.base/jdk.internal.reflect.NativeMethodAccessorImpl.invoke0(Native Method)
[2026-04-03T08:39:49.368+0000] {spark_submit.py:579} INFO - at java.base/jdk.internal.reflect.NativeMethodAccessorImpl.invoke(NativeMethodAccessorImpl.java:77)
[2026-04-03T08:39:49.368+0000] {spark_submit.py:579} INFO - at java.base/jdk.internal.reflect.DelegatingMethodAccessorImpl.invoke(DelegatingMethodAccessorImpl.java:43)
[2026-04-03T08:39:49.368+0000] {spark_submit.py:579} INFO - at java.base/java.lang.reflect.Method.invoke(Method.java:569)
[2026-04-03T08:39:49.369+0000] {spark_submit.py:579} INFO - at py4j.reflection.MethodInvoker.invoke(MethodInvoker.java:244)
[2026-04-03T08:39:49.369+0000] {spark_submit.py:579} INFO - at py4j.reflection.ReflectionEngine.invoke(ReflectionEngine.java:374)
[2026-04-03T08:39:49.369+0000] {spark_submit.py:579} INFO - at py4j.Gateway.invoke(Gateway.java:282)
[2026-04-03T08:39:49.369+0000] {spark_submit.py:579} INFO - at py4j.commands.AbstractCommand.invokeMethod(AbstractCommand.java:132)
[2026-04-03T08:39:49.370+0000] {spark_submit.py:579} INFO - at py4j.commands.CallCommand.execute(CallCommand.java:79)
[2026-04-03T08:39:49.371+0000] {spark_submit.py:579} INFO - at py4j.ClientServerConnection.waitForCommands(ClientServerConnection.java:184)
[2026-04-03T08:39:49.372+0000] {spark_submit.py:579} INFO - at py4j.ClientServerConnection.run(ClientServerConnection.java:108)
[2026-04-03T08:39:49.372+0000] {spark_submit.py:579} INFO - at java.base/java.lang.Thread.run(Thread.java:840)
[2026-04-03T08:39:49.486+0000] {spark_submit.py:579} INFO - 26/04/03 08:39:49 INFO HadoopFSUtils: Listing leaf files and directories in parallel under50 paths. The first several paths are: file:/data/raw/sensors/log_00562d.json, file:/data/raw/sensors/log_0170c3.json, file:/data/raw/sensors/log_028779.json, file:/data/raw/sensors/log_0394c3.json, file:/data/raw/sensors/log_16ba56.json, file:/data/raw/sensors/log_1f5f24.json, file:/data/raw/sensors/log_213236.json, file:/data/raw/sensors/log_25cef9.json, file:/data/raw/sensors/log_2b3ddf.json, file:/data/raw/sensors/log_32bc05.json.
[2026-04-03T08:39:49.754+0000] {spark_submit.py:579} INFO - 26/04/03 08:39:49 INFO SparkContext: Starting job: json at NativeMethodAccessorImpl.java:0
[2026-04-03T08:39:49.777+0000] {spark_submit.py:579} INFO - 26/04/03 08:39:49 INFO DAGScheduler: Got job 0 (json at NativeMethodAccessorImpl.java:0) with 50 output partitions
[2026-04-03T08:39:49.778+0000] {spark_submit.py:579} INFO - 26/04/03 08:39:49 INFO DAGScheduler: Final stage: ResultStage 0 (json at NativeMethodAccessorImpl.java:0)
[2026-04-03T08:39:49.779+0000] {spark_submit.py:579} INFO - 26/04/03 08:39:49 INFO DAGScheduler: Parents of final stage: List()
[2026-04-03T08:39:49.782+0000] {spark_submit.py:579} INFO - 26/04/03 08:39:49 INFO DAGScheduler: Missing parents: List()
[2026-04-03T08:39:49.786+0000] {spark_submit.py:579} INFO - 26/04/03 08:39:49 INFO DAGScheduler: Missing parents found for ResultStage 0: List()
[2026-04-03T08:39:49.788+0000] {spark_submit.py:579} INFO - 26/04/03 08:39:49 INFO DAGScheduler: Submitting ResultStage 0 (MapPartitionsRDD[1] at json at NativeMethodAccessorImpl.java:0), which has no missing parents
[2026-04-03T08:39:49.860+0000] {spark_submit.py:579} INFO - 26/04/03 08:39:49 INFO MemoryStore: MemoryStore started with capacity 434.4 MiB
[2026-04-03T08:39:49.895+0000] {spark_submit.py:579} INFO - 26/04/03 08:39:49 INFO MemoryStore: Block broadcast_0 stored as values in memory (estimated size 115.2 KiB, free 434.3 MiB)
[2026-04-03T08:39:49.953+0000] {spark_submit.py:579} INFO - 26/04/03 08:39:49 INFO MemoryStore: Block broadcast_0_piece0 stored as bytes in memory (estimated size 41.5 KiB, free 434.2 MiB)
[2026-04-03T08:39:49.972+0000] {spark_submit.py:579} INFO - 26/04/03 08:39:49 INFO SparkContext: Created broadcast 0 from broadcast at DAGScheduler.scala:1686
[2026-04-03T08:39:50.006+0000] {spark_submit.py:579} INFO - 26/04/03 08:39:50 INFO DAGScheduler: Submitting 50 missing tasks from ResultStage 0 (MapPartitionsRDD[1] at json at NativeMethodAccessorImpl.java:0) (first 15 tasks are for partitions Vector(0, 1, 2, 3, 4, 5, 6, 7, 8, 9, 10, 11, 12, 13, 14))
[2026-04-03T08:39:50.010+0000] {spark_submit.py:579} INFO - 26/04/03 08:39:50 INFO TaskSchedulerImpl: Adding task set 0.0 with 50 tasks resource profile 0
[2026-04-03T08:39:50.061+0000] {spark_submit.py:579} INFO - 26/04/03 08:39:50 INFO TaskSetManager: Starting task 0.0 in stage 0.0 (TID 0) (172.20.0.2,executor 0, partition 0, PROCESS_LOCAL, 9854 bytes)
[2026-04-03T08:39:50.963+0000] {spark_submit.py:579} INFO - 26/04/03 08:39:50 INFO TaskSetManager: Starting task 1.0 in stage 0.0 (TID 1) (172.20.0.2,executor 0, partition 1, PROCESS_LOCAL, 9854 bytes)
[2026-04-03T08:39:50.987+0000] {spark_submit.py:579} INFO - 26/04/03 08:39:50 INFO TaskSetManager: Finished task 0.0 in stage 0.0 (TID 0) in 948 ms on 172.20.0.2 (executor 0) (1/50)
[2026-04-03T08:39:51.031+0000] {spark_submit.py:579} INFO - 26/04/03 08:39:51 INFO TaskSetManager: Starting task 2.0 in stage 0.0 (TID 2) (172.20.0.2,executor 0, partition 2, PROCESS_LOCAL, 9854 bytes)
[2026-04-03T08:39:51.034+0000] {spark_submit.py:579} INFO - 26/04/03 08:39:51 INFO TaskSetManager: Finished task 1.0 in stage 0.0 (TID 1) in 71 ms on 172.20.0.2 (executor 0) (2/50)
[2026-04-03T08:39:51.074+0000] {spark_submit.py:579} INFO - 26/04/03 08:39:51 INFO TaskSetManager: Starting task 3.0 in stage 0.0 (TID 3) (172.20.0.2,executor 0, partition 3, PROCESS_LOCAL, 9854 bytes)
[2026-04-03T08:39:51.077+0000] {spark_submit.py:579} INFO - 26/04/03 08:39:51 INFO TaskSetManager: Finished task 2.0 in stage 0.0 (TID 2) in 47 ms on 172.20.0.2 (executor 0) (3/50)
[2026-04-03T08:39:51.117+0000] {spark_submit.py:579} INFO - 26/04/03 08:39:51 INFO TaskSetManager: Starting task 4.0 in stage 0.0 (TID 4) (172.20.0.2,executor 0, partition 4, PROCESS_LOCAL, 9854 bytes)
[2026-04-03T08:39:51.119+0000] {spark_submit.py:579} INFO - 26/04/03 08:39:51 INFO TaskSetManager: Finished task 3.0 in stage 0.0 (TID 3) in 46 ms on 172.20.0.2 (executor 0) (4/50)
[2026-04-03T08:39:51.153+0000] {spark_submit.py:579} INFO - 26/04/03 08:39:51 INFO TaskSetManager: Starting task 5.0 in stage 0.0 (TID 5) (172.20.0.2,executor 0, partition 5, PROCESS_LOCAL, 9854 bytes)
[2026-04-03T08:39:51.156+0000] {spark_submit.py:579} INFO - 26/04/03 08:39:51 INFO TaskSetManager: Finished task 4.0 in stage 0.0 (TID 4) in 40 ms on 172.20.0.2 (executor 0) (5/50)
[2026-04-03T08:39:51.181+0000] {spark_submit.py:579} INFO - 26/04/03 08:39:51 INFO TaskSetManager: Starting task 6.0 in stage 0.0 (TID 6) (172.20.0.2,executor 0, partition 6, PROCESS_LOCAL, 9854 bytes)
[2026-04-03T08:39:51.183+0000] {spark_submit.py:579} INFO - 26/04/03 08:39:51 INFO TaskSetManager: Finished task 5.0 in stage 0.0 (TID 5) in 30 ms on 172.20.0.2 (executor 0) (6/50)
[2026-04-03T08:39:51.206+0000] {spark_submit.py:579} INFO - 26/04/03 08:39:51 INFO TaskSetManager: Starting task 7.0 in stage 0.0 (TID 7) (172.20.0.2,executor 0, partition 7, PROCESS_LOCAL, 9854 bytes)
[2026-04-03T08:39:51.210+0000] {spark_submit.py:579} INFO - 26/04/03 08:39:51 INFO TaskSetManager: Finished task 6.0 in stage 0.0 (TID 6) in 29 ms on 172.20.0.2 (executor 0) (7/50)
[2026-04-03T08:39:51.235+0000] {spark_submit.py:579} INFO - 26/04/03 08:39:51 INFO TaskSetManager: Starting task 8.0 in stage 0.0 (TID 8) (172.20.0.2,executor 0, partition 8, PROCESS_LOCAL, 9854 bytes)
[2026-04-03T08:39:51.238+0000] {spark_submit.py:579} INFO - 26/04/03 08:39:51 INFO TaskSetManager: Finished task 7.0 in stage 0.0 (TID 7) in 32 ms on 172.20.0.2 (executor 0) (8/50)
[2026-04-03T08:39:51.260+0000] {spark_submit.py:579} INFO - 26/04/03 08:39:51 INFO TaskSetManager: Starting task 9.0 in stage 0.0 (TID 9) (172.20.0.2,executor 0, partition 9, PROCESS_LOCAL, 9854 bytes)
[2026-04-03T08:39:51.262+0000] {spark_submit.py:579} INFO - 26/04/03 08:39:51 INFO TaskSetManager: Finished task 8.0 in stage 0.0 (TID 8) in 27 ms on 172.20.0.2 (executor 0) (9/50)
[2026-04-03T08:39:51.284+0000] {spark_submit.py:579} INFO - 26/04/03 08:39:51 INFO TaskSetManager: Starting task 10.0 in stage 0.0 (TID 10) (172.20.0.2,executor 0, partition 10, PROCESS_LOCAL, 9854 bytes)
[2026-04-03T08:39:51.286+0000] {spark_submit.py:579} INFO - 26/04/03 08:39:51 INFO TaskSetManager: Finished task 9.0 in stage 0.0 (TID 9) in 26 ms on 172.20.0.2 (executor 0) (10/50)
[2026-04-03T08:39:51.309+0000] {spark_submit.py:579} INFO - 26/04/03 08:39:51 INFO TaskSetManager: Starting task 11.0 in stage 0.0 (TID 11) (172.20.0.2,executor 0, partition 11, PROCESS_LOCAL, 9854 bytes)
[2026-04-03T08:39:51.312+0000] {spark_submit.py:579} INFO - 26/04/03 08:39:51 INFO TaskSetManager: Finished task 10.0 in stage 0.0 (TID 10) in 27 ms on 172.20.0.2 (executor 0) (11/50)
[2026-04-03T08:39:51.341+0000] {spark_submit.py:579} INFO - 26/04/03 08:39:51 INFO TaskSetManager: Starting task 12.0 in stage 0.0 (TID 12) (172.20.0.2,executor 0, partition 12, PROCESS_LOCAL, 9854 bytes)
[2026-04-03T08:39:51.344+0000] {spark_submit.py:579} INFO - 26/04/03 08:39:51 INFO TaskSetManager: Finished task 11.0 in stage 0.0 (TID 11) in 35 ms on 172.20.0.2 (executor 0) (12/50)
[2026-04-03T08:39:51.365+0000] {spark_submit.py:579} INFO - 26/04/03 08:39:51 INFO TaskSetManager: Starting task 13.0 in stage 0.0 (TID 13) (172.20.0.2,executor 0, partition 13, PROCESS_LOCAL, 9854 bytes)
[2026-04-03T08:39:51.366+0000] {spark_submit.py:579} INFO - 26/04/03 08:39:51 INFO TaskSetManager: Finished task 12.0 in stage 0.0 (TID 12) in 26 ms on 172.20.0.2 (executor 0) (13/50)
[2026-04-03T08:39:51.385+0000] {spark_submit.py:579} INFO - 26/04/03 08:39:51 INFO TaskSetManager: Starting task 14.0 in stage 0.0 (TID 14) (172.20.0.2,executor 0, partition 14, PROCESS_LOCAL, 9854 bytes)
[2026-04-03T08:39:51.387+0000] {spark_submit.py:579} INFO - 26/04/03 08:39:51 INFO TaskSetManager: Finished task 13.0 in stage 0.0 (TID 13) in 22 ms on 172.20.0.2 (executor 0) (14/50)
[2026-04-03T08:39:51.411+0000] {spark_submit.py:579} INFO - 26/04/03 08:39:51 INFO TaskSetManager: Starting task 15.0 in stage 0.0 (TID 15) (172.20.0.2,executor 0, partition 15, PROCESS_LOCAL, 9854 bytes)
[2026-04-03T08:39:51.413+0000] {spark_submit.py:579} INFO - 26/04/03 08:39:51 INFO TaskSetManager: Finished task 14.0 in stage 0.0 (TID 14) in 28 ms on 172.20.0.2 (executor 0) (15/50)
[2026-04-03T08:39:51.435+0000] {spark_submit.py:579} INFO - 26/04/03 08:39:51 INFO TaskSetManager: Starting task 16.0 in stage 0.0 (TID 16) (172.20.0.2,executor 0, partition 16, PROCESS_LOCAL, 9854 bytes)
[2026-04-03T08:39:51.438+0000] {spark_submit.py:579} INFO - 26/04/03 08:39:51 INFO TaskSetManager: Finished task 15.0 in stage 0.0 (TID 15) in 28 ms on 172.20.0.2 (executor 0) (16/50)
[2026-04-03T08:39:51.457+0000] {spark_submit.py:579} INFO - 26/04/03 08:39:51 INFO TaskSetManager: Starting task 17.0 in stage 0.0 (TID 17) (172.20.0.2,executor 0, partition 17, PROCESS_LOCAL, 9854 bytes)
[2026-04-03T08:39:51.460+0000] {spark_submit.py:579} INFO - 26/04/03 08:39:51 INFO TaskSetManager: Finished task 16.0 in stage 0.0 (TID 16) in 24 ms on 172.20.0.2 (executor 0) (17/50)
[2026-04-03T08:39:51.480+0000] {spark_submit.py:579} INFO - 26/04/03 08:39:51 INFO TaskSetManager: Starting task 18.0 in stage 0.0 (TID 18) (172.20.0.2,executor 0, partition 18, PROCESS_LOCAL, 9854 bytes)
[2026-04-03T08:39:51.482+0000] {spark_submit.py:579} INFO - 26/04/03 08:39:51 INFO TaskSetManager: Finished task 17.0 in stage 0.0 (TID 17) in 25 ms on 172.20.0.2 (executor 0) (18/50)
[2026-04-03T08:39:51.508+0000] {spark_submit.py:579} INFO - 26/04/03 08:39:51 INFO TaskSetManager: Starting task 19.0 in stage 0.0 (TID 19) (172.20.0.2,executor 0, partition 19, PROCESS_LOCAL, 9854 bytes)
[2026-04-03T08:39:51.510+0000] {spark_submit.py:579} INFO - 26/04/03 08:39:51 INFO TaskSetManager: Finished task 18.0 in stage 0.0 (TID 18) in 30 ms on 172.20.0.2 (executor 0) (19/50)
[2026-04-03T08:39:51.530+0000] {spark_submit.py:579} INFO - 26/04/03 08:39:51 INFO TaskSetManager: Starting task 20.0 in stage 0.0 (TID 20) (172.20.0.2,executor 0, partition 20, PROCESS_LOCAL, 9854 bytes)
[2026-04-03T08:39:51.531+0000] {spark_submit.py:579} INFO - 26/04/03 08:39:51 INFO TaskSetManager: Finished task 19.0 in stage 0.0 (TID 19) in 24 ms on 172.20.0.2 (executor 0) (20/50)
[2026-04-03T08:39:51.551+0000] {spark_submit.py:579} INFO - 26/04/03 08:39:51 INFO TaskSetManager: Starting task 21.0 in stage 0.0 (TID 21) (172.20.0.2,executor 0, partition 21, PROCESS_LOCAL, 9854 bytes)
[2026-04-03T08:39:51.553+0000] {spark_submit.py:579} INFO - 26/04/03 08:39:51 INFO TaskSetManager: Finished task 20.0 in stage 0.0 (TID 20) in 23 ms on 172.20.0.2 (executor 0) (21/50)
[2026-04-03T08:39:51.570+0000] {spark_submit.py:579} INFO - 26/04/03 08:39:51 INFO TaskSetManager: Starting task 22.0 in stage 0.0 (TID 22) (172.20.0.2,executor 0, partition 22, PROCESS_LOCAL, 9854 bytes)
[2026-04-03T08:39:51.572+0000] {spark_submit.py:579} INFO - 26/04/03 08:39:51 INFO TaskSetManager: Finished task 21.0 in stage 0.0 (TID 21) in 22 ms on 172.20.0.2 (executor 0) (22/50)
[2026-04-03T08:39:51.591+0000] {spark_submit.py:579} INFO - 26/04/03 08:39:51 INFO TaskSetManager: Starting task 23.0 in stage 0.0 (TID 23) (172.20.0.2,executor 0, partition 23, PROCESS_LOCAL, 9854 bytes)
[2026-04-03T08:39:51.594+0000] {spark_submit.py:579} INFO - 26/04/03 08:39:51 INFO TaskSetManager: Finished task 22.0 in stage 0.0 (TID 22) in 23 ms on 172.20.0.2 (executor 0) (23/50)
[2026-04-03T08:39:51.612+0000] {spark_submit.py:579} INFO - 26/04/03 08:39:51 INFO TaskSetManager: Starting task 24.0 in stage 0.0 (TID 24) (172.20.0.2,executor 0, partition 24, PROCESS_LOCAL, 9854 bytes)
[2026-04-03T08:39:51.614+0000] {spark_submit.py:579} INFO - 26/04/03 08:39:51 INFO TaskSetManager: Finished task 23.0 in stage 0.0 (TID 23) in 23 ms on 172.20.0.2 (executor 0) (24/50)
[2026-04-03T08:39:51.634+0000] {spark_submit.py:579} INFO - 26/04/03 08:39:51 INFO TaskSetManager: Starting task 25.0 in stage 0.0 (TID 25) (172.20.0.2,executor 0, partition 25, PROCESS_LOCAL, 9854 bytes)
[2026-04-03T08:39:51.636+0000] {spark_submit.py:579} INFO - 26/04/03 08:39:51 INFO TaskSetManager: Finished task 24.0 in stage 0.0 (TID 24) in 23 ms on 172.20.0.2 (executor 0) (25/50)
[2026-04-03T08:39:51.661+0000] {spark_submit.py:579} INFO - 26/04/03 08:39:51 INFO TaskSetManager: Starting task 26.0 in stage 0.0 (TID 26) (172.20.0.2,executor 0, partition 26, PROCESS_LOCAL, 9854 bytes)
[2026-04-03T08:39:51.663+0000] {spark_submit.py:579} INFO - 26/04/03 08:39:51 INFO TaskSetManager: Finished task 25.0 in stage 0.0 (TID 25) in 29 ms on 172.20.0.2 (executor 0) (26/50)
[2026-04-03T08:39:51.681+0000] {spark_submit.py:579} INFO - 26/04/03 08:39:51 INFO TaskSetManager: Starting task 27.0 in stage 0.0 (TID 27) (172.20.0.2,executor 0, partition 27, PROCESS_LOCAL, 9854 bytes)
[2026-04-03T08:39:51.682+0000] {spark_submit.py:579} INFO - 26/04/03 08:39:51 INFO TaskSetManager: Finished task 26.0 in stage 0.0 (TID 26) in 22 ms on 172.20.0.2 (executor 0) (27/50)
[2026-04-03T08:39:51.698+0000] {spark_submit.py:579} INFO - 26/04/03 08:39:51 INFO TaskSetManager: Starting task 28.0 in stage 0.0 (TID 28) (172.20.0.2,executor 0, partition 28, PROCESS_LOCAL, 9854 bytes)
[2026-04-03T08:39:51.699+0000] {spark_submit.py:579} INFO - 26/04/03 08:39:51 INFO TaskSetManager: Finished task 27.0 in stage 0.0 (TID 27) in 19 ms on 172.20.0.2 (executor 0) (28/50)
[2026-04-03T08:39:51.717+0000] {spark_submit.py:579} INFO - 26/04/03 08:39:51 INFO TaskSetManager: Starting task 29.0 in stage 0.0 (TID 29) (172.20.0.2,executor 0, partition 29, PROCESS_LOCAL, 9854 bytes)
[2026-04-03T08:39:51.719+0000] {spark_submit.py:579} INFO - 26/04/03 08:39:51 INFO TaskSetManager: Finished task 28.0 in stage 0.0 (TID 28) in 21 ms on 172.20.0.2 (executor 0) (29/50)
[2026-04-03T08:39:51.736+0000] {spark_submit.py:579} INFO - 26/04/03 08:39:51 INFO TaskSetManager: Starting task 30.0 in stage 0.0 (TID 30) (172.20.0.2,executor 0, partition 30, PROCESS_LOCAL, 9854 bytes)
[2026-04-03T08:39:51.739+0000] {spark_submit.py:579} INFO - 26/04/03 08:39:51 INFO TaskSetManager: Finished task 29.0 in stage 0.0 (TID 29) in 21 ms on 172.20.0.2 (executor 0) (30/50)
[2026-04-03T08:39:51.757+0000] {spark_submit.py:579} INFO - 26/04/03 08:39:51 INFO TaskSetManager: Starting task 31.0 in stage 0.0 (TID 31) (172.20.0.2,executor 0, partition 31, PROCESS_LOCAL, 9854 bytes)
[2026-04-03T08:39:51.759+0000] {spark_submit.py:579} INFO - 26/04/03 08:39:51 INFO TaskSetManager: Finished task 30.0 in stage 0.0 (TID 30) in 23 ms on 172.20.0.2 (executor 0) (31/50)
[2026-04-03T08:39:51.777+0000] {spark_submit.py:579} INFO - 26/04/03 08:39:51 INFO TaskSetManager: Starting task 32.0 in stage 0.0 (TID 32) (172.20.0.2,executor 0, partition 32, PROCESS_LOCAL, 9854 bytes)
[2026-04-03T08:39:51.779+0000] {spark_submit.py:579} INFO - 26/04/03 08:39:51 INFO TaskSetManager: Finished task 31.0 in stage 0.0 (TID 31) in 22 ms on 172.20.0.2 (executor 0) (32/50)
[2026-04-03T08:39:51.805+0000] {spark_submit.py:579} INFO - 26/04/03 08:39:51 INFO TaskSetManager: Starting task 33.0 in stage 0.0 (TID 33) (172.20.0.2,executor 0, partition 33, PROCESS_LOCAL, 9854 bytes)
[2026-04-03T08:39:51.807+0000] {spark_submit.py:579} INFO - 26/04/03 08:39:51 INFO TaskSetManager: Finished task 32.0 in stage 0.0 (TID 32) in 30 ms on 172.20.0.2 (executor 0) (33/50)
[2026-04-03T08:39:51.825+0000] {spark_submit.py:579} INFO - 26/04/03 08:39:51 INFO TaskSetManager: Starting task 34.0 in stage 0.0 (TID 34) (172.20.0.2,executor 0, partition 34, PROCESS_LOCAL, 9854 bytes)
[2026-04-03T08:39:51.827+0000] {spark_submit.py:579} INFO - 26/04/03 08:39:51 INFO TaskSetManager: Finished task 33.0 in stage 0.0 (TID 33) in 22 ms on 172.20.0.2 (executor 0) (34/50)
[2026-04-03T08:39:51.845+0000] {spark_submit.py:579} INFO - 26/04/03 08:39:51 INFO TaskSetManager: Starting task 35.0 in stage 0.0 (TID 35) (172.20.0.2,executor 0, partition 35, PROCESS_LOCAL, 9854 bytes)
[2026-04-03T08:39:51.846+0000] {spark_submit.py:579} INFO - 26/04/03 08:39:51 INFO TaskSetManager: Finished task 34.0 in stage 0.0 (TID 34) in 22 ms on 172.20.0.2 (executor 0) (35/50)
[2026-04-03T08:39:51.865+0000] {spark_submit.py:579} INFO - 26/04/03 08:39:51 INFO TaskSetManager: Starting task 36.0 in stage 0.0 (TID 36) (172.20.0.2,executor 0, partition 36, PROCESS_LOCAL, 9854 bytes)
[2026-04-03T08:39:51.866+0000] {spark_submit.py:579} INFO - 26/04/03 08:39:51 INFO TaskSetManager: Finished task 35.0 in stage 0.0 (TID 35) in 22 ms on 172.20.0.2 (executor 0) (36/50)
[2026-04-03T08:39:51.888+0000] {spark_submit.py:579} INFO - 26/04/03 08:39:51 INFO TaskSetManager: Starting task 37.0 in stage 0.0 (TID 37) (172.20.0.2,executor 0, partition 37, PROCESS_LOCAL, 9854 bytes)
[2026-04-03T08:39:51.890+0000] {spark_submit.py:579} INFO - 26/04/03 08:39:51 INFO TaskSetManager: Finished task 36.0 in stage 0.0 (TID 36) in 25 ms on 172.20.0.2 (executor 0) (37/50)
[2026-04-03T08:39:51.916+0000] {spark_submit.py:579} INFO - 26/04/03 08:39:51 INFO TaskSetManager: Starting task 38.0 in stage 0.0 (TID 38) (172.20.0.2,executor 0, partition 38, PROCESS_LOCAL, 9854 bytes)
[2026-04-03T08:39:51.918+0000] {spark_submit.py:579} INFO - 26/04/03 08:39:51 INFO TaskSetManager: Finished task 37.0 in stage 0.0 (TID 37) in 30 ms on 172.20.0.2 (executor 0) (38/50)
[2026-04-03T08:39:51.942+0000] {spark_submit.py:579} INFO - 26/04/03 08:39:51 INFO TaskSetManager: Starting task 39.0 in stage 0.0 (TID 39) (172.20.0.2,executor 0, partition 39, PROCESS_LOCAL, 9854 bytes)
[2026-04-03T08:39:51.944+0000] {spark_submit.py:579} INFO - 26/04/03 08:39:51 INFO TaskSetManager: Finished task 38.0 in stage 0.0 (TID 38) in 28 ms on 172.20.0.2 (executor 0) (39/50)
[2026-04-03T08:39:51.972+0000] {spark_submit.py:579} INFO - 26/04/03 08:39:51 INFO TaskSetManager: Starting task 40.0 in stage 0.0 (TID 40) (172.20.0.2,executor 0, partition 40, PROCESS_LOCAL, 9854 bytes)
[2026-04-03T08:39:51.974+0000] {spark_submit.py:579} INFO - 26/04/03 08:39:51 INFO TaskSetManager: Finished task 39.0 in stage 0.0 (TID 39) in 32 ms on 172.20.0.2 (executor 0) (40/50)
[2026-04-03T08:39:52.001+0000] {spark_submit.py:579} INFO - 26/04/03 08:39:52 INFO TaskSetManager: Starting task 41.0 in stage 0.0 (TID 41) (172.20.0.2,executor 0, partition 41, PROCESS_LOCAL, 9854 bytes)
[2026-04-03T08:39:52.002+0000] {spark_submit.py:579} INFO - 26/04/03 08:39:52 INFO TaskSetManager: Finished task 40.0 in stage 0.0 (TID 40) in 31 ms on 172.20.0.2 (executor 0) (41/50)
[2026-04-03T08:39:52.026+0000] {spark_submit.py:579} INFO - 26/04/03 08:39:52 INFO TaskSetManager: Starting task 42.0 in stage 0.0 (TID 42) (172.20.0.2,executor 0, partition 42, PROCESS_LOCAL, 9854 bytes)
[2026-04-03T08:39:52.028+0000] {spark_submit.py:579} INFO - 26/04/03 08:39:52 INFO TaskSetManager: Finished task 41.0 in stage 0.0 (TID 41) in 27 ms on 172.20.0.2 (executor 0) (42/50)
[2026-04-03T08:39:52.052+0000] {spark_submit.py:579} INFO - 26/04/03 08:39:52 INFO TaskSetManager: Starting task 43.0 in stage 0.0 (TID 43) (172.20.0.2,executor 0, partition 43, PROCESS_LOCAL, 9854 bytes)
[2026-04-03T08:39:52.053+0000] {spark_submit.py:579} INFO - 26/04/03 08:39:52 INFO TaskSetManager: Finished task 42.0 in stage 0.0 (TID 42) in 28 ms on 172.20.0.2 (executor 0) (43/50)
[2026-04-03T08:39:52.082+0000] {spark_submit.py:579} INFO - 26/04/03 08:39:52 INFO TaskSetManager: Starting task 44.0 in stage 0.0 (TID 44) (172.20.0.2,executor 0, partition 44, PROCESS_LOCAL, 9854 bytes)
[2026-04-03T08:39:52.083+0000] {spark_submit.py:579} INFO - 26/04/03 08:39:52 INFO TaskSetManager: Finished task 43.0 in stage 0.0 (TID 43) in 32 ms on 172.20.0.2 (executor 0) (44/50)
[2026-04-03T08:39:52.107+0000] {spark_submit.py:579} INFO - 26/04/03 08:39:52 INFO TaskSetManager: Starting task 45.0 in stage 0.0 (TID 45) (172.20.0.2,executor 0, partition 45, PROCESS_LOCAL, 9854 bytes)
[2026-04-03T08:39:52.108+0000] {spark_submit.py:579} INFO - 26/04/03 08:39:52 INFO TaskSetManager: Finished task 44.0 in stage 0.0 (TID 44) in 27 ms on 172.20.0.2 (executor 0) (45/50)
[2026-04-03T08:39:52.132+0000] {spark_submit.py:579} INFO - 26/04/03 08:39:52 INFO TaskSetManager: Starting task 46.0 in stage 0.0 (TID 46) (172.20.0.2,executor 0, partition 46, PROCESS_LOCAL, 9854 bytes)
[2026-04-03T08:39:52.134+0000] {spark_submit.py:579} INFO - 26/04/03 08:39:52 INFO TaskSetManager: Finished task 45.0 in stage 0.0 (TID 45) in 27 ms on 172.20.0.2 (executor 0) (46/50)
[2026-04-03T08:39:52.160+0000] {spark_submit.py:579} INFO - 26/04/03 08:39:52 INFO TaskSetManager: Starting task 47.0 in stage 0.0 (TID 47) (172.20.0.2,executor 0, partition 47, PROCESS_LOCAL, 9854 bytes)
[2026-04-03T08:39:52.162+0000] {spark_submit.py:579} INFO - 26/04/03 08:39:52 INFO TaskSetManager: Finished task 46.0 in stage 0.0 (TID 46) in 29 ms on 172.20.0.2 (executor 0) (47/50)
[2026-04-03T08:39:52.185+0000] {spark_submit.py:579} INFO - 26/04/03 08:39:52 INFO TaskSetManager: Starting task 48.0 in stage 0.0 (TID 48) (172.20.0.2,executor 0, partition 48, PROCESS_LOCAL, 9854 bytes)
[2026-04-03T08:39:52.187+0000] {spark_submit.py:579} INFO - 26/04/03 08:39:52 INFO TaskSetManager: Finished task 47.0 in stage 0.0 (TID 47) in 27 ms on 172.20.0.2 (executor 0) (48/50)
[2026-04-03T08:39:52.213+0000] {spark_submit.py:579} INFO - 26/04/03 08:39:52 INFO TaskSetManager: Starting task 49.0 in stage 0.0 (TID 49) (172.20.0.2,executor 0, partition 49, PROCESS_LOCAL, 9854 bytes)
[2026-04-03T08:39:52.215+0000] {spark_submit.py:579} INFO - 26/04/03 08:39:52 INFO TaskSetManager: Finished task 48.0 in stage 0.0 (TID 48) in 30 ms on 172.20.0.2 (executor 0) (49/50)
[2026-04-03T08:39:52.244+0000] {spark_submit.py:579} INFO - 26/04/03 08:39:52 INFO TaskSetManager: Finished task 49.0 in stage 0.0 (TID 49) in 31 ms on 172.20.0.2 (executor 0) (50/50)
[2026-04-03T08:39:52.246+0000] {spark_submit.py:579} INFO - 26/04/03 08:39:52 INFO TaskSchedulerImpl: Removed TaskSet 0.0 whose tasks have all completed, from pool
[2026-04-03T08:39:52.246+0000] {spark_submit.py:579} INFO - 26/04/03 08:39:52 INFO DAGScheduler: ResultStage 0 (json at NativeMethodAccessorImpl.java:0) finished in 2432 ms
[2026-04-03T08:39:52.249+0000] {spark_submit.py:579} INFO - 26/04/03 08:39:52 INFO DAGScheduler: Job 0 is finished. Cancelling potential speculative or zombie tasks for this job
[2026-04-03T08:39:52.250+0000] {spark_submit.py:579} INFO - 26/04/03 08:39:52 INFO TaskSchedulerImpl: Canceling stage 0
[2026-04-03T08:39:52.251+0000] {spark_submit.py:579} INFO - 26/04/03 08:39:52 INFO TaskSchedulerImpl: Killing all running tasks in stage 0: Stage finished
[2026-04-03T08:39:52.254+0000] {spark_submit.py:579} INFO - 26/04/03 08:39:52 INFO DAGScheduler: Job 0 finished: json at NativeMethodAccessorImpl.java:0, took 2499.803136 ms
[2026-04-03T08:39:52.279+0000] {spark_submit.py:579} INFO - 26/04/03 08:39:52 INFO InMemoryFileIndex: It took 2806 ms to list leaf files for 50 paths.
[2026-04-03T08:39:52.394+0000] {spark_submit.py:579} INFO - 26/04/03 08:39:52 INFO HadoopFSUtils: Listing leaf files and directories in parallel under50 paths. The first several paths are: file:/data/raw/sensors/log_00562d.json, file:/data/raw/sensors/log_0170c3.json, file:/data/raw/sensors/log_028779.json, file:/data/raw/sensors/log_0394c3.json, file:/data/raw/sensors/log_16ba56.json, file:/data/raw/sensors/log_1f5f24.json, file:/data/raw/sensors/log_213236.json, file:/data/raw/sensors/log_25cef9.json, file:/data/raw/sensors/log_2b3ddf.json, file:/data/raw/sensors/log_32bc05.json.
[2026-04-03T08:39:52.458+0000] {spark_submit.py:579} INFO - 26/04/03 08:39:52 INFO SparkContext: Starting job: json at NativeMethodAccessorImpl.java:0
[2026-04-03T08:39:52.460+0000] {spark_submit.py:579} INFO - 26/04/03 08:39:52 INFO DAGScheduler: Got job 1 (json at NativeMethodAccessorImpl.java:0) with 50 output partitions
[2026-04-03T08:39:52.461+0000] {spark_submit.py:579} INFO - 26/04/03 08:39:52 INFO DAGScheduler: Final stage: ResultStage 1 (json at NativeMethodAccessorImpl.java:0)
[2026-04-03T08:39:52.461+0000] {spark_submit.py:579} INFO - 26/04/03 08:39:52 INFO DAGScheduler: Parents of final stage: List()
[2026-04-03T08:39:52.462+0000] {spark_submit.py:579} INFO - 26/04/03 08:39:52 INFO DAGScheduler: Missing parents: List()
[2026-04-03T08:39:52.462+0000] {spark_submit.py:579} INFO - 26/04/03 08:39:52 INFO DAGScheduler: Missing parents found for ResultStage 1: List()
[2026-04-03T08:39:52.469+0000] {spark_submit.py:579} INFO - 26/04/03 08:39:52 INFO DAGScheduler: Submitting ResultStage 1 (MapPartitionsRDD[3] at json at NativeMethodAccessorImpl.java:0), which has no missing parents
[2026-04-03T08:39:52.486+0000] {spark_submit.py:579} INFO - 26/04/03 08:39:52 INFO MemoryStore: Block broadcast_1 stored as values in memory (estimated size 115.2 KiB, free 434.1 MiB)
[2026-04-03T08:39:52.495+0000] {spark_submit.py:579} INFO - 26/04/03 08:39:52 INFO MemoryStore: Block broadcast_1_piece0 stored as bytes in memory (estimated size 41.5 KiB, free 434.1 MiB)
[2026-04-03T08:39:52.501+0000] {spark_submit.py:579} INFO - 26/04/03 08:39:52 INFO SparkContext: Created broadcast 1 from broadcast at DAGScheduler.scala:1686
[2026-04-03T08:39:52.503+0000] {spark_submit.py:579} INFO - 26/04/03 08:39:52 INFO DAGScheduler: Submitting 50 missing tasks from ResultStage 1 (MapPartitionsRDD[3] at json at NativeMethodAccessorImpl.java:0) (first 15 tasks are for partitions Vector(0, 1, 2, 3, 4, 5, 6, 7, 8, 9, 10, 11, 12, 13, 14))
[2026-04-03T08:39:52.504+0000] {spark_submit.py:579} INFO - 26/04/03 08:39:52 INFO TaskSchedulerImpl: Adding task set 1.0 with 50 tasks resource profile 0
[2026-04-03T08:39:52.508+0000] {spark_submit.py:579} INFO - 26/04/03 08:39:52 INFO TaskSetManager: Starting task 0.0 in stage 1.0 (TID 50) (172.20.0.2,executor 0, partition 0, PROCESS_LOCAL, 9854 bytes)
[2026-04-03T08:39:52.566+0000] {spark_submit.py:579} INFO - 26/04/03 08:39:52 INFO TaskSetManager: Starting task 1.0 in stage 1.0 (TID 51) (172.20.0.2,executor 0, partition 1, PROCESS_LOCAL, 9854 bytes)
[2026-04-03T08:39:52.567+0000] {spark_submit.py:579} INFO - 26/04/03 08:39:52 INFO TaskSetManager: Finished task 0.0 in stage 1.0 (TID 50) in 60 ms on 172.20.0.2 (executor 0) (1/50)
[2026-04-03T08:39:52.592+0000] {spark_submit.py:579} INFO - 26/04/03 08:39:52 INFO TaskSetManager: Starting task 2.0 in stage 1.0 (TID 52) (172.20.0.2,executor 0, partition 2, PROCESS_LOCAL, 9854 bytes)
[2026-04-03T08:39:52.594+0000] {spark_submit.py:579} INFO - 26/04/03 08:39:52 INFO TaskSetManager: Finished task 1.0 in stage 1.0 (TID 51) in 28 ms on 172.20.0.2 (executor 0) (2/50)
[2026-04-03T08:39:52.617+0000] {spark_submit.py:579} INFO - 26/04/03 08:39:52 INFO TaskSetManager: Starting task 3.0 in stage 1.0 (TID 53) (172.20.0.2,executor 0, partition 3, PROCESS_LOCAL, 9854 bytes)
[2026-04-03T08:39:52.618+0000] {spark_submit.py:579} INFO - 26/04/03 08:39:52 INFO TaskSetManager: Finished task 2.0 in stage 1.0 (TID 52) in 26 ms on 172.20.0.2 (executor 0) (3/50)
[2026-04-03T08:39:52.640+0000] {spark_submit.py:579} INFO - 26/04/03 08:39:52 INFO TaskSetManager: Starting task 4.0 in stage 1.0 (TID 54) (172.20.0.2,executor 0, partition 4, PROCESS_LOCAL, 9854 bytes)
[2026-04-03T08:39:52.642+0000] {spark_submit.py:579} INFO - 26/04/03 08:39:52 INFO TaskSetManager: Finished task 3.0 in stage 1.0 (TID 53) in 25 ms on 172.20.0.2 (executor 0) (4/50)
[2026-04-03T08:39:52.665+0000] {spark_submit.py:579} INFO - 26/04/03 08:39:52 INFO TaskSetManager: Starting task 5.0 in stage 1.0 (TID 55) (172.20.0.2,executor 0, partition 5, PROCESS_LOCAL, 9854 bytes)
[2026-04-03T08:39:52.666+0000] {spark_submit.py:579} INFO - 26/04/03 08:39:52 INFO TaskSetManager: Finished task 4.0 in stage 1.0 (TID 54) in 27 ms on 172.20.0.2 (executor 0) (5/50)
[2026-04-03T08:39:52.689+0000] {spark_submit.py:579} INFO - 26/04/03 08:39:52 INFO TaskSetManager: Starting task 6.0 in stage 1.0 (TID 56) (172.20.0.2,executor 0, partition 6, PROCESS_LOCAL, 9854 bytes)
[2026-04-03T08:39:52.690+0000] {spark_submit.py:579} INFO - 26/04/03 08:39:52 INFO TaskSetManager: Finished task 5.0 in stage 1.0 (TID 55) in 26 ms on 172.20.0.2 (executor 0) (6/50)
[2026-04-03T08:39:52.714+0000] {spark_submit.py:579} INFO - 26/04/03 08:39:52 INFO TaskSetManager: Starting task 7.0 in stage 1.0 (TID 57) (172.20.0.2,executor 0, partition 7, PROCESS_LOCAL, 9854 bytes)
[2026-04-03T08:39:52.715+0000] {spark_submit.py:579} INFO - 26/04/03 08:39:52 INFO TaskSetManager: Finished task 6.0 in stage 1.0 (TID 56) in 27 ms on 172.20.0.2 (executor 0) (7/50)
[2026-04-03T08:39:52.737+0000] {spark_submit.py:579} INFO - 26/04/03 08:39:52 INFO TaskSetManager: Starting task 8.0 in stage 1.0 (TID 58) (172.20.0.2,executor 0, partition 8, PROCESS_LOCAL, 9854 bytes)
[2026-04-03T08:39:52.738+0000] {spark_submit.py:579} INFO - 26/04/03 08:39:52 INFO TaskSetManager: Finished task 7.0 in stage 1.0 (TID 57) in 26 ms on 172.20.0.2 (executor 0) (8/50)
[2026-04-03T08:39:52.762+0000] {spark_submit.py:579} INFO - 26/04/03 08:39:52 INFO TaskSetManager: Starting task 9.0 in stage 1.0 (TID 59) (172.20.0.2,executor 0, partition 9, PROCESS_LOCAL, 9854 bytes)
[2026-04-03T08:39:52.764+0000] {spark_submit.py:579} INFO - 26/04/03 08:39:52 INFO TaskSetManager: Finished task 8.0 in stage 1.0 (TID 58) in 27 ms on 172.20.0.2 (executor 0) (9/50)
[2026-04-03T08:39:52.787+0000] {spark_submit.py:579} INFO - 26/04/03 08:39:52 INFO TaskSetManager: Starting task 10.0 in stage 1.0 (TID 60) (172.20.0.2,executor 0, partition 10, PROCESS_LOCAL, 9854 bytes)
[2026-04-03T08:39:52.791+0000] {spark_submit.py:579} INFO - 26/04/03 08:39:52 INFO TaskSetManager: Finished task 9.0 in stage 1.0 (TID 59) in 29 ms on 172.20.0.2 (executor 0) (10/50)
[2026-04-03T08:39:52.815+0000] {spark_submit.py:579} INFO - 26/04/03 08:39:52 INFO TaskSetManager: Starting task 11.0 in stage 1.0 (TID 61) (172.20.0.2,executor 0, partition 11, PROCESS_LOCAL, 9854 bytes)
[2026-04-03T08:39:52.817+0000] {spark_submit.py:579} INFO - 26/04/03 08:39:52 INFO TaskSetManager: Finished task 10.0 in stage 1.0 (TID 60) in 31 ms on 172.20.0.2 (executor 0) (11/50)
[2026-04-03T08:39:52.840+0000] {spark_submit.py:579} INFO - 26/04/03 08:39:52 INFO TaskSetManager: Starting task 12.0 in stage 1.0 (TID 62) (172.20.0.2,executor 0, partition 12, PROCESS_LOCAL, 9854 bytes)
[2026-04-03T08:39:52.843+0000] {spark_submit.py:579} INFO - 26/04/03 08:39:52 INFO TaskSetManager: Finished task 11.0 in stage 1.0 (TID 61) in 27 ms on 172.20.0.2 (executor 0) (12/50)
[2026-04-03T08:39:52.867+0000] {spark_submit.py:579} INFO - 26/04/03 08:39:52 INFO TaskSetManager: Starting task 13.0 in stage 1.0 (TID 63) (172.20.0.2,executor 0, partition 13, PROCESS_LOCAL, 9854 bytes)
[2026-04-03T08:39:52.869+0000] {spark_submit.py:579} INFO - 26/04/03 08:39:52 INFO TaskSetManager: Finished task 12.0 in stage 1.0 (TID 62) in 29 ms on 172.20.0.2 (executor 0) (13/50)
[2026-04-03T08:39:52.892+0000] {spark_submit.py:579} INFO - 26/04/03 08:39:52 INFO TaskSetManager: Starting task 14.0 in stage 1.0 (TID 64) (172.20.0.2,executor 0, partition 14, PROCESS_LOCAL, 9854 bytes)
[2026-04-03T08:39:52.894+0000] {spark_submit.py:579} INFO - 26/04/03 08:39:52 INFO TaskSetManager: Finished task 13.0 in stage 1.0 (TID 63) in 27 ms on 172.20.0.2 (executor 0) (14/50)
[2026-04-03T08:39:52.921+0000] {spark_submit.py:579} INFO - 26/04/03 08:39:52 INFO TaskSetManager: Starting task 15.0 in stage 1.0 (TID 65) (172.20.0.2,executor 0, partition 15, PROCESS_LOCAL, 9854 bytes)
[2026-04-03T08:39:52.922+0000] {spark_submit.py:579} INFO - 26/04/03 08:39:52 INFO TaskSetManager: Finished task 14.0 in stage 1.0 (TID 64) in 30 ms on 172.20.0.2 (executor 0) (15/50)
[2026-04-03T08:39:52.940+0000] {spark_submit.py:579} INFO - 26/04/03 08:39:52 INFO TaskSetManager: Starting task 16.0 in stage 1.0 (TID 66) (172.20.0.2,executor 0, partition 16, PROCESS_LOCAL, 9854 bytes)
[2026-04-03T08:39:52.942+0000] {spark_submit.py:579} INFO - 26/04/03 08:39:52 INFO TaskSetManager: Finished task 15.0 in stage 1.0 (TID 65) in 21 ms on 172.20.0.2 (executor 0) (16/50)
[2026-04-03T08:39:52.959+0000] {spark_submit.py:579} INFO - 26/04/03 08:39:52 INFO TaskSetManager: Starting task 17.0 in stage 1.0 (TID 67) (172.20.0.2,executor 0, partition 17, PROCESS_LOCAL, 9854 bytes)
[2026-04-03T08:39:52.960+0000] {spark_submit.py:579} INFO - 26/04/03 08:39:52 INFO TaskSetManager: Finished task 16.0 in stage 1.0 (TID 66) in 21 ms on 172.20.0.2 (executor 0) (17/50)
[2026-04-03T08:39:52.976+0000] {spark_submit.py:579} INFO - 26/04/03 08:39:52 INFO TaskSetManager: Starting task 18.0 in stage 1.0 (TID 68) (172.20.0.2,executor 0, partition 18, PROCESS_LOCAL, 9854 bytes)
[2026-04-03T08:39:52.978+0000] {spark_submit.py:579} INFO - 26/04/03 08:39:52 INFO TaskSetManager: Finished task 17.0 in stage 1.0 (TID 67) in 20 ms on 172.20.0.2 (executor 0) (18/50)
[2026-04-03T08:39:52.999+0000] {spark_submit.py:579} INFO - 26/04/03 08:39:52 INFO TaskSetManager: Starting task 19.0 in stage 1.0 (TID 69) (172.20.0.2,executor 0, partition 19, PROCESS_LOCAL, 9854 bytes)
[2026-04-03T08:39:53.000+0000] {spark_submit.py:579} INFO - 26/04/03 08:39:53 INFO TaskSetManager: Finished task 18.0 in stage 1.0 (TID 68) in 25 ms on 172.20.0.2 (executor 0) (19/50)
[2026-04-03T08:39:53.016+0000] {spark_submit.py:579} INFO - 26/04/03 08:39:53 INFO TaskSetManager: Starting task 20.0 in stage 1.0 (TID 70) (172.20.0.2,executor 0, partition 20, PROCESS_LOCAL, 9854 bytes)
[2026-04-03T08:39:53.018+0000] {spark_submit.py:579} INFO - 26/04/03 08:39:53 INFO TaskSetManager: Finished task 19.0 in stage 1.0 (TID 69) in 20 ms on 172.20.0.2 (executor 0) (20/50)
[2026-04-03T08:39:53.034+0000] {spark_submit.py:579} INFO - 26/04/03 08:39:53 INFO TaskSetManager: Starting task 21.0 in stage 1.0 (TID 71) (172.20.0.2,executor 0, partition 21, PROCESS_LOCAL, 9854 bytes)
[2026-04-03T08:39:53.035+0000] {spark_submit.py:579} INFO - 26/04/03 08:39:53 INFO TaskSetManager: Finished task 20.0 in stage 1.0 (TID 70) in 19 ms on 172.20.0.2 (executor 0) (21/50)
[2026-04-03T08:39:53.050+0000] {spark_submit.py:579} INFO - 26/04/03 08:39:53 INFO TaskSetManager: Starting task 22.0 in stage 1.0 (TID 72) (172.20.0.2,executor 0, partition 22, PROCESS_LOCAL, 9854 bytes)
[2026-04-03T08:39:53.052+0000] {spark_submit.py:579} INFO - 26/04/03 08:39:53 INFO TaskSetManager: Finished task 21.0 in stage 1.0 (TID 71) in 18 ms on 172.20.0.2 (executor 0) (22/50)
[2026-04-03T08:39:53.068+0000] {spark_submit.py:579} INFO - 26/04/03 08:39:53 INFO TaskSetManager: Starting task 23.0 in stage 1.0 (TID 73) (172.20.0.2,executor 0, partition 23, PROCESS_LOCAL, 9854 bytes)
[2026-04-03T08:39:53.070+0000] {spark_submit.py:579} INFO - 26/04/03 08:39:53 INFO TaskSetManager: Finished task 22.0 in stage 1.0 (TID 72) in 20 ms on 172.20.0.2 (executor 0) (23/50)
[2026-04-03T08:39:53.086+0000] {spark_submit.py:579} INFO - 26/04/03 08:39:53 INFO TaskSetManager: Starting task 24.0 in stage 1.0 (TID 74) (172.20.0.2,executor 0, partition 24, PROCESS_LOCAL, 9854 bytes)
[2026-04-03T08:39:53.087+0000] {spark_submit.py:579} INFO - 26/04/03 08:39:53 INFO TaskSetManager: Finished task 23.0 in stage 1.0 (TID 73) in 18 ms on 172.20.0.2 (executor 0) (24/50)
[2026-04-03T08:39:53.102+0000] {spark_submit.py:579} INFO - 26/04/03 08:39:53 INFO TaskSetManager: Starting task 25.0 in stage 1.0 (TID 75) (172.20.0.2,executor 0, partition 25, PROCESS_LOCAL, 9854 bytes)
[2026-04-03T08:39:53.104+0000] {spark_submit.py:579} INFO - 26/04/03 08:39:53 INFO TaskSetManager: Finished task 24.0 in stage 1.0 (TID 74) in 18 ms on 172.20.0.2 (executor 0) (25/50)
[2026-04-03T08:39:53.120+0000] {spark_submit.py:579} INFO - 26/04/03 08:39:53 INFO TaskSetManager: Starting task 26.0 in stage 1.0 (TID 76) (172.20.0.2,executor 0, partition 26, PROCESS_LOCAL, 9854 bytes)
[2026-04-03T08:39:53.121+0000] {spark_submit.py:579} INFO - 26/04/03 08:39:53 INFO TaskSetManager: Finished task 25.0 in stage 1.0 (TID 75) in 19 ms on 172.20.0.2 (executor 0) (26/50)
[2026-04-03T08:39:53.136+0000] {spark_submit.py:579} INFO - 26/04/03 08:39:53 INFO TaskSetManager: Starting task 27.0 in stage 1.0 (TID 77) (172.20.0.2,executor 0, partition 27, PROCESS_LOCAL, 9854 bytes)
[2026-04-03T08:39:53.138+0000] {spark_submit.py:579} INFO - 26/04/03 08:39:53 INFO TaskSetManager: Finished task 26.0 in stage 1.0 (TID 76) in 18 ms on 172.20.0.2 (executor 0) (27/50)
[2026-04-03T08:39:53.153+0000] {spark_submit.py:579} INFO - 26/04/03 08:39:53 INFO TaskSetManager: Starting task 28.0 in stage 1.0 (TID 78) (172.20.0.2,executor 0, partition 28, PROCESS_LOCAL, 9854 bytes)
[2026-04-03T08:39:53.156+0000] {spark_submit.py:579} INFO - 26/04/03 08:39:53 INFO TaskSetManager: Finished task 27.0 in stage 1.0 (TID 77) in 19 ms on 172.20.0.2 (executor 0) (28/50)
[2026-04-03T08:39:53.171+0000] {spark_submit.py:579} INFO - 26/04/03 08:39:53 INFO TaskSetManager: Starting task 29.0 in stage 1.0 (TID 79) (172.20.0.2,executor 0, partition 29, PROCESS_LOCAL, 9854 bytes)
[2026-04-03T08:39:53.172+0000] {spark_submit.py:579} INFO - 26/04/03 08:39:53 INFO TaskSetManager: Finished task 28.0 in stage 1.0 (TID 78) in 20 ms on 172.20.0.2 (executor 0) (29/50)
[2026-04-03T08:39:53.188+0000] {spark_submit.py:579} INFO - 26/04/03 08:39:53 INFO TaskSetManager: Starting task 30.0 in stage 1.0 (TID 80) (172.20.0.2,executor 0, partition 30, PROCESS_LOCAL, 9854 bytes)
[2026-04-03T08:39:53.189+0000] {spark_submit.py:579} INFO - 26/04/03 08:39:53 INFO TaskSetManager: Finished task 29.0 in stage 1.0 (TID 79) in 19 ms on 172.20.0.2 (executor 0) (30/50)
[2026-04-03T08:39:53.205+0000] {spark_submit.py:579} INFO - 26/04/03 08:39:53 INFO TaskSetManager: Starting task 31.0 in stage 1.0 (TID 81) (172.20.0.2,executor 0, partition 31, PROCESS_LOCAL, 9854 bytes)
[2026-04-03T08:39:53.207+0000] {spark_submit.py:579} INFO - 26/04/03 08:39:53 INFO TaskSetManager: Finished task 30.0 in stage 1.0 (TID 80) in 19 ms on 172.20.0.2 (executor 0) (31/50)
[2026-04-03T08:39:53.223+0000] {spark_submit.py:579} INFO - 26/04/03 08:39:53 INFO TaskSetManager: Starting task 32.0 in stage 1.0 (TID 82) (172.20.0.2,executor 0, partition 32, PROCESS_LOCAL, 9854 bytes)
[2026-04-03T08:39:53.225+0000] {spark_submit.py:579} INFO - 26/04/03 08:39:53 INFO TaskSetManager: Finished task 31.0 in stage 1.0 (TID 81) in 20 ms on 172.20.0.2 (executor 0) (32/50)
[2026-04-03T08:39:53.244+0000] {spark_submit.py:579} INFO - 26/04/03 08:39:53 INFO TaskSetManager: Starting task 33.0 in stage 1.0 (TID 83) (172.20.0.2,executor 0, partition 33, PROCESS_LOCAL, 9854 bytes)
[2026-04-03T08:39:53.246+0000] {spark_submit.py:579} INFO - 26/04/03 08:39:53 INFO TaskSetManager: Finished task 32.0 in stage 1.0 (TID 82) in 23 ms on 172.20.0.2 (executor 0) (33/50)
[2026-04-03T08:39:53.266+0000] {spark_submit.py:579} INFO - 26/04/03 08:39:53 INFO TaskSetManager: Starting task 34.0 in stage 1.0 (TID 84) (172.20.0.2,executor 0, partition 34, PROCESS_LOCAL, 9854 bytes)
[2026-04-03T08:39:53.268+0000] {spark_submit.py:579} INFO - 26/04/03 08:39:53 INFO TaskSetManager: Finished task 33.0 in stage 1.0 (TID 83) in 24 ms on 172.20.0.2 (executor 0) (34/50)
[2026-04-03T08:39:53.287+0000] {spark_submit.py:579} INFO - 26/04/03 08:39:53 INFO TaskSetManager: Starting task 35.0 in stage 1.0 (TID 85) (172.20.0.2,executor 0, partition 35, PROCESS_LOCAL, 9854 bytes)
[2026-04-03T08:39:53.289+0000] {spark_submit.py:579} INFO - 26/04/03 08:39:53 INFO TaskSetManager: Finished task 34.0 in stage 1.0 (TID 84) in 23 ms on 172.20.0.2 (executor 0) (35/50)
[2026-04-03T08:39:53.310+0000] {spark_submit.py:579} INFO - 26/04/03 08:39:53 INFO TaskSetManager: Starting task 36.0 in stage 1.0 (TID 86) (172.20.0.2,executor 0, partition 36, PROCESS_LOCAL, 9854 bytes)
[2026-04-03T08:39:53.312+0000] {spark_submit.py:579} INFO - 26/04/03 08:39:53 INFO TaskSetManager: Finished task 35.0 in stage 1.0 (TID 85) in 25 ms on 172.20.0.2 (executor 0) (36/50)
[2026-04-03T08:39:53.329+0000] {spark_submit.py:579} INFO - 26/04/03 08:39:53 INFO TaskSetManager: Starting task 37.0 in stage 1.0 (TID 87) (172.20.0.2,executor 0, partition 37, PROCESS_LOCAL, 9854 bytes)
[2026-04-03T08:39:53.331+0000] {spark_submit.py:579} INFO - 26/04/03 08:39:53 INFO TaskSetManager: Finished task 36.0 in stage 1.0 (TID 86) in 23 ms on 172.20.0.2 (executor 0) (37/50)
[2026-04-03T08:39:53.348+0000] {spark_submit.py:579} INFO - 26/04/03 08:39:53 INFO TaskSetManager: Starting task 38.0 in stage 1.0 (TID 88) (172.20.0.2,executor 0, partition 38, PROCESS_LOCAL, 9854 bytes)
[2026-04-03T08:39:53.350+0000] {spark_submit.py:579} INFO - 26/04/03 08:39:53 INFO TaskSetManager: Finished task 37.0 in stage 1.0 (TID 87) in 21 ms on 172.20.0.2 (executor 0) (38/50)
[2026-04-03T08:39:53.365+0000] {spark_submit.py:579} INFO - 26/04/03 08:39:53 INFO TaskSetManager: Starting task 39.0 in stage 1.0 (TID 89) (172.20.0.2,executor 0, partition 39, PROCESS_LOCAL, 9854 bytes)
[2026-04-03T08:39:53.366+0000] {spark_submit.py:579} INFO - 26/04/03 08:39:53 INFO TaskSetManager: Finished task 38.0 in stage 1.0 (TID 88) in 19 ms on 172.20.0.2 (executor 0) (39/50)
[2026-04-03T08:39:53.381+0000] {spark_submit.py:579} INFO - 26/04/03 08:39:53 INFO TaskSetManager: Starting task 40.0 in stage 1.0 (TID 90) (172.20.0.2,executor 0, partition 40, PROCESS_LOCAL, 9854 bytes)
[2026-04-03T08:39:53.382+0000] {spark_submit.py:579} INFO - 26/04/03 08:39:53 INFO TaskSetManager: Finished task 39.0 in stage 1.0 (TID 89) in 18 ms on 172.20.0.2 (executor 0) (40/50)
[2026-04-03T08:39:53.398+0000] {spark_submit.py:579} INFO - 26/04/03 08:39:53 INFO TaskSetManager: Starting task 41.0 in stage 1.0 (TID 91) (172.20.0.2,executor 0, partition 41, PROCESS_LOCAL, 9854 bytes)
[2026-04-03T08:39:53.399+0000] {spark_submit.py:579} INFO - 26/04/03 08:39:53 INFO TaskSetManager: Finished task 40.0 in stage 1.0 (TID 90) in 19 ms on 172.20.0.2 (executor 0) (41/50)
[2026-04-03T08:39:53.414+0000] {spark_submit.py:579} INFO - 26/04/03 08:39:53 INFO TaskSetManager: Starting task 42.0 in stage 1.0 (TID 92) (172.20.0.2,executor 0, partition 42, PROCESS_LOCAL, 9854 bytes)
[2026-04-03T08:39:53.416+0000] {spark_submit.py:579} INFO - 26/04/03 08:39:53 INFO TaskSetManager: Finished task 41.0 in stage 1.0 (TID 91) in 18 ms on 172.20.0.2 (executor 0) (42/50)
[2026-04-03T08:39:53.432+0000] {spark_submit.py:579} INFO - 26/04/03 08:39:53 INFO TaskSetManager: Starting task 43.0 in stage 1.0 (TID 93) (172.20.0.2,executor 0, partition 43, PROCESS_LOCAL, 9854 bytes)
[2026-04-03T08:39:53.433+0000] {spark_submit.py:579} INFO - 26/04/03 08:39:53 INFO TaskSetManager: Finished task 42.0 in stage 1.0 (TID 92) in 19 ms on 172.20.0.2 (executor 0) (43/50)
[2026-04-03T08:39:53.448+0000] {spark_submit.py:579} INFO - 26/04/03 08:39:53 INFO TaskSetManager: Starting task 44.0 in stage 1.0 (TID 94) (172.20.0.2,executor 0, partition 44, PROCESS_LOCAL, 9854 bytes)
[2026-04-03T08:39:53.449+0000] {spark_submit.py:579} INFO - 26/04/03 08:39:53 INFO TaskSetManager: Finished task 43.0 in stage 1.0 (TID 93) in 18 ms on 172.20.0.2 (executor 0) (44/50)
[2026-04-03T08:39:53.468+0000] {spark_submit.py:579} INFO - 26/04/03 08:39:53 INFO TaskSetManager: Starting task 45.0 in stage 1.0 (TID 95) (172.20.0.2,executor 0, partition 45, PROCESS_LOCAL, 9854 bytes)
[2026-04-03T08:39:53.470+0000] {spark_submit.py:579} INFO - 26/04/03 08:39:53 INFO TaskSetManager: Finished task 44.0 in stage 1.0 (TID 94) in 23 ms on 172.20.0.2 (executor 0) (45/50)
[2026-04-03T08:39:53.484+0000] {spark_submit.py:579} INFO - 26/04/03 08:39:53 INFO TaskSetManager: Starting task 46.0 in stage 1.0 (TID 96) (172.20.0.2,executor 0, partition 46, PROCESS_LOCAL, 9854 bytes)
[2026-04-03T08:39:53.486+0000] {spark_submit.py:579} INFO - 26/04/03 08:39:53 INFO TaskSetManager: Finished task 45.0 in stage 1.0 (TID 95) in 18 ms on 172.20.0.2 (executor 0) (46/50)
[2026-04-03T08:39:53.506+0000] {spark_submit.py:579} INFO - 26/04/03 08:39:53 INFO TaskSetManager: Starting task 47.0 in stage 1.0 (TID 97) (172.20.0.2,executor 0, partition 47, PROCESS_LOCAL, 9854 bytes)
[2026-04-03T08:39:53.507+0000] {spark_submit.py:579} INFO - 26/04/03 08:39:53 INFO TaskSetManager: Finished task 46.0 in stage 1.0 (TID 96) in 23 ms on 172.20.0.2 (executor 0) (47/50)
[2026-04-03T08:39:53.523+0000] {spark_submit.py:579} INFO - 26/04/03 08:39:53 INFO TaskSetManager: Starting task 48.0 in stage 1.0 (TID 98) (172.20.0.2,executor 0, partition 48, PROCESS_LOCAL, 9854 bytes)
[2026-04-03T08:39:53.525+0000] {spark_submit.py:579} INFO - 26/04/03 08:39:53 INFO TaskSetManager: Finished task 47.0 in stage 1.0 (TID 97) in 19 ms on 172.20.0.2 (executor 0) (48/50)
[2026-04-03T08:39:53.539+0000] {spark_submit.py:579} INFO - 26/04/03 08:39:53 INFO TaskSetManager: Starting task 49.0 in stage 1.0 (TID 99) (172.20.0.2,executor 0, partition 49, PROCESS_LOCAL, 9854 bytes)
[2026-04-03T08:39:53.540+0000] {spark_submit.py:579} INFO - 26/04/03 08:39:53 INFO TaskSetManager: Finished task 48.0 in stage 1.0 (TID 98) in 18 ms on 172.20.0.2 (executor 0) (49/50)
[2026-04-03T08:39:53.557+0000] {spark_submit.py:579} INFO - 26/04/03 08:39:53 INFO TaskSetManager: Finished task 49.0 in stage 1.0 (TID 99) in 19 ms on 172.20.0.2 (executor 0) (50/50)
[2026-04-03T08:39:53.558+0000] {spark_submit.py:579} INFO - 26/04/03 08:39:53 INFO TaskSchedulerImpl: Removed TaskSet 1.0 whose tasks have all completed, from pool
[2026-04-03T08:39:53.558+0000] {spark_submit.py:579} INFO - 26/04/03 08:39:53 INFO DAGScheduler: ResultStage 1 (json at NativeMethodAccessorImpl.java:0) finished in 1086 ms
[2026-04-03T08:39:53.559+0000] {spark_submit.py:579} INFO - 26/04/03 08:39:53 INFO DAGScheduler: Job 1 is finished. Cancelling potential speculative or zombie tasks for this job
[2026-04-03T08:39:53.559+0000] {spark_submit.py:579} INFO - 26/04/03 08:39:53 INFO TaskSchedulerImpl: Canceling stage 1
[2026-04-03T08:39:53.559+0000] {spark_submit.py:579} INFO - 26/04/03 08:39:53 INFO TaskSchedulerImpl: Killing all running tasks in stage 1: Stage finished
[2026-04-03T08:39:53.560+0000] {spark_submit.py:579} INFO - 26/04/03 08:39:53 INFO DAGScheduler: Job 1 finished: json at NativeMethodAccessorImpl.java:0, took 1101.26109 ms
[2026-04-03T08:39:53.571+0000] {spark_submit.py:579} INFO - 26/04/03 08:39:53 INFO InMemoryFileIndex: It took 1181 ms to list leaf files for 50 paths.
[2026-04-03T08:39:54.758+0000] {spark_submit.py:579} INFO - 26/04/03 08:39:54 INFO FileSourceStrategy: Pushed Filters:
[2026-04-03T08:39:54.763+0000] {spark_submit.py:579} INFO - 26/04/03 08:39:54 INFO FileSourceStrategy: Post-Scan Filters: Set()
[2026-04-03T08:39:54.868+0000] {spark_submit.py:579} INFO - 26/04/03 08:39:54 INFO MemoryStore: Block broadcast_2 stored as values in memory (estimated size 215.9 KiB, free 434.2 MiB)
[2026-04-03T08:39:54.890+0000] {spark_submit.py:579} INFO - 26/04/03 08:39:54 INFO MemoryStore: Block broadcast_2_piece0 stored as bytes in memory (estimated size 39.2 KiB, free 434.2 MiB)
[2026-04-03T08:39:54.893+0000] {spark_submit.py:579} INFO - 26/04/03 08:39:54 INFO SparkContext: Created broadcast 2 from json at NativeMethodAccessorImpl.java:0
[2026-04-03T08:39:54.926+0000] {spark_submit.py:579} INFO - 26/04/03 08:39:54 INFO FileSourceScanExec: Planning scan with bin packing, max size: 104862680 bytes, open cost is considered as scanning 4194304 bytes.
[2026-04-03T08:39:55.034+0000] {spark_submit.py:579} INFO - 26/04/03 08:39:55 INFO SparkContext: Starting job: json at NativeMethodAccessorImpl.java:0
[2026-04-03T08:39:55.036+0000] {spark_submit.py:579} INFO - 26/04/03 08:39:55 INFO DAGScheduler: Got job 2 (json at NativeMethodAccessorImpl.java:0) with 2 output partitions
[2026-04-03T08:39:55.036+0000] {spark_submit.py:579} INFO - 26/04/03 08:39:55 INFO DAGScheduler: Final stage: ResultStage 2 (json at NativeMethodAccessorImpl.java:0)
[2026-04-03T08:39:55.037+0000] {spark_submit.py:579} INFO - 26/04/03 08:39:55 INFO DAGScheduler: Parents of final stage: List()
[2026-04-03T08:39:55.037+0000] {spark_submit.py:579} INFO - 26/04/03 08:39:55 INFO DAGScheduler: Missing parents: List()
[2026-04-03T08:39:55.037+0000] {spark_submit.py:579} INFO - 26/04/03 08:39:55 INFO DAGScheduler: Missing parents found for ResultStage 2: List()
[2026-04-03T08:39:55.037+0000] {spark_submit.py:579} INFO - 26/04/03 08:39:55 INFO DAGScheduler: Submitting ResultStage 2 (MapPartitionsRDD[7] at json at NativeMethodAccessorImpl.java:0), which has no missing parents
[2026-04-03T08:39:55.089+0000] {spark_submit.py:579} INFO - 26/04/03 08:39:55 INFO MemoryStore: Block broadcast_3 stored as values in memory (estimated size 17.8 KiB, free 434.1 MiB)
[2026-04-03T08:39:55.097+0000] {spark_submit.py:579} INFO - 26/04/03 08:39:55 INFO MemoryStore: Block broadcast_3_piece0 stored as bytes in memory (estimated size 8.2 KiB, free 434.1 MiB)
[2026-04-03T08:39:55.098+0000] {spark_submit.py:579} INFO - 26/04/03 08:39:55 INFO SparkContext: Created broadcast 3 from broadcast at DAGScheduler.scala:1686
[2026-04-03T08:39:55.099+0000] {spark_submit.py:579} INFO - 26/04/03 08:39:55 INFO DAGScheduler: Submitting 2 missing tasks from ResultStage 2 (MapPartitionsRDD[7] at json at NativeMethodAccessorImpl.java:0) (first 15 tasks are for partitions Vector(0, 1))
[2026-04-03T08:39:55.100+0000] {spark_submit.py:579} INFO - 26/04/03 08:39:55 INFO TaskSchedulerImpl: Adding task set 2.0 with 2 tasks resource profile 0
[2026-04-03T08:39:55.108+0000] {spark_submit.py:579} INFO - 26/04/03 08:39:55 INFO TaskSetManager: Starting task 0.0 in stage 2.0 (TID 100) (172.20.0.2,executor 0, partition 0, PROCESS_LOCAL, 12566 bytes)
[2026-04-03T08:39:57.113+0000] {spark_submit.py:579} INFO - 26/04/03 08:39:57 INFO TaskSetManager: Starting task 1.0 in stage 2.0 (TID 101) (172.20.0.2,executor 0, partition 1, PROCESS_LOCAL, 12566 bytes)
[2026-04-03T08:39:57.117+0000] {spark_submit.py:579} INFO - 26/04/03 08:39:57 INFO TaskSetManager: Finished task 0.0 in stage 2.0 (TID 100) in 2015 ms on 172.20.0.2 (executor 0) (1/2)
[2026-04-03T08:39:57.353+0000] {spark_submit.py:579} INFO - 26/04/03 08:39:57 INFO TaskSetManager: Finished task 1.0 in stage 2.0 (TID 101) in 241 ms on 172.20.0.2 (executor 0) (2/2)
[2026-04-03T08:39:57.354+0000] {spark_submit.py:579} INFO - 26/04/03 08:39:57 INFO TaskSchedulerImpl: Removed TaskSet 2.0 whose tasks have all completed, from pool
[2026-04-03T08:39:57.355+0000] {spark_submit.py:579} INFO - 26/04/03 08:39:57 INFO DAGScheduler: ResultStage 2 (json at NativeMethodAccessorImpl.java:0) finished in 2313 ms
[2026-04-03T08:39:57.355+0000] {spark_submit.py:579} INFO - 26/04/03 08:39:57 INFO DAGScheduler: Job 2 is finished. Cancelling potential speculative or zombie tasks for this job
[2026-04-03T08:39:57.356+0000] {spark_submit.py:579} INFO - 26/04/03 08:39:57 INFO TaskSchedulerImpl: Canceling stage 2
[2026-04-03T08:39:57.356+0000] {spark_submit.py:579} INFO - 26/04/03 08:39:57 INFO TaskSchedulerImpl: Killing all running tasks in stage 2: Stage finished
[2026-04-03T08:39:57.356+0000] {spark_submit.py:579} INFO - 26/04/03 08:39:57 INFO DAGScheduler: Job 2 finished: json at NativeMethodAccessorImpl.java:0, took 2320.822872 ms
[2026-04-03T08:39:57.987+0000] {spark_submit.py:579} INFO - Enviando datos a Postgres en datalab...
[2026-04-03T08:39:58.889+0000] {spark_submit.py:579} INFO - 26/04/03 08:39:58 INFO FileSourceStrategy: Pushed Filters: IsNotNull(temperature),GreaterThanOrEqual(temperature,-50.0),LessThanOrEqual(temperature,100.0)
[2026-04-03T08:39:58.890+0000] {spark_submit.py:579} INFO - 26/04/03 08:39:58 INFO FileSourceStrategy: Post-Scan Filters: Set(isnotnull(temperature#10), (temperature#10 >= -50.0), (temperature#10 <= 100.0))
[2026-04-03T08:40:00.087+0000] {spark_submit.py:579} INFO - 26/04/03 08:40:00 INFO CodeGenerator: Code generated in 615.813122 ms
[2026-04-03T08:40:00.098+0000] {spark_submit.py:579} INFO - 26/04/03 08:40:00 INFO MemoryStore: Block broadcast_4 stored as values in memory (estimated size 215.8 KiB, free 434.2 MiB)
[2026-04-03T08:40:00.117+0000] {spark_submit.py:579} INFO - 26/04/03 08:40:00 INFO MemoryStore: Block broadcast_4_piece0 stored as bytes in memory (estimated size 39.1 KiB, free 434.2 MiB)
[2026-04-03T08:40:00.122+0000] {spark_submit.py:579} INFO - 26/04/03 08:40:00 INFO SparkContext: Created broadcast 4 from $anonfun$withThreadLocalCaptured$2 at CompletableFuture.java:1768
[2026-04-03T08:40:00.133+0000] {spark_submit.py:579} INFO - 26/04/03 08:40:00 INFO FileSourceScanExec: Planning scan with bin packing, max size: 104862680 bytes, open cost is considered as scanning 4194304 bytes.
[2026-04-03T08:40:00.304+0000] {spark_submit.py:579} INFO - 26/04/03 08:40:00 INFO DAGScheduler: Registering RDD 11 ($anonfun$withThreadLocalCaptured$2 at CompletableFuture.java:1768) as input to shuffle 0
[2026-04-03T08:40:00.318+0000] {spark_submit.py:579} INFO - 26/04/03 08:40:00 INFO DAGScheduler: Got map stage job 3 ($anonfun$withThreadLocalCaptured$2 at CompletableFuture.java:1768) with 2 output partitions
[2026-04-03T08:40:00.319+0000] {spark_submit.py:579} INFO - 26/04/03 08:40:00 INFO DAGScheduler: Final stage: ShuffleMapStage 3 ($anonfun$withThreadLocalCaptured$2 at CompletableFuture.java:1768)
[2026-04-03T08:40:00.320+0000] {spark_submit.py:579} INFO - 26/04/03 08:40:00 INFO DAGScheduler: Parents of final stage: List()
[2026-04-03T08:40:00.322+0000] {spark_submit.py:579} INFO - 26/04/03 08:40:00 INFO DAGScheduler: Missing parents: List()
[2026-04-03T08:40:00.324+0000] {spark_submit.py:579} INFO - 26/04/03 08:40:00 INFO DAGScheduler: Missing parents found for ShuffleMapStage 3: List()
[2026-04-03T08:40:00.326+0000] {spark_submit.py:579} INFO - 26/04/03 08:40:00 INFO DAGScheduler: Submitting ShuffleMapStage 3 (MapPartitionsRDD[11] at $anonfun$withThreadLocalCaptured$2 at CompletableFuture.java:1768), which has no missing parents
[2026-04-03T08:40:00.359+0000] {spark_submit.py:579} INFO - 26/04/03 08:40:00 INFO MemoryStore: Block broadcast_5 stored as values in memory (estimated size 46.1 KiB, free 434.1 MiB)
[2026-04-03T08:40:00.369+0000] {spark_submit.py:579} INFO - 26/04/03 08:40:00 INFO MemoryStore: Block broadcast_5_piece0 stored as bytes in memory (estimated size 19.8 KiB, free 434.1 MiB)
[2026-04-03T08:40:00.371+0000] {spark_submit.py:579} INFO - 26/04/03 08:40:00 INFO SparkContext: Created broadcast 5 from broadcast at DAGScheduler.scala:1686
[2026-04-03T08:40:00.374+0000] {spark_submit.py:579} INFO - 26/04/03 08:40:00 INFO DAGScheduler: Submitting 2 missing tasks from ShuffleMapStage 3 (MapPartitionsRDD[11] at $anonfun$withThreadLocalCaptured$2 at CompletableFuture.java:1768) (first 15 tasks are for partitions Vector(0, 1))
[2026-04-03T08:40:00.375+0000] {spark_submit.py:579} INFO - 26/04/03 08:40:00 INFO TaskSchedulerImpl: Adding task set 3.0 with 2 tasks resource profile 0
[2026-04-03T08:40:00.379+0000] {spark_submit.py:579} INFO - 26/04/03 08:40:00 INFO TaskSetManager: Starting task 0.0 in stage 3.0 (TID 102) (172.20.0.2,executor 0, partition 0, PROCESS_LOCAL, 12555 bytes)
[2026-04-03T08:40:01.818+0000] {spark_submit.py:579} INFO - 26/04/03 08:40:01 INFO TaskSetManager: Starting task 1.0 in stage 3.0 (TID 103) (172.20.0.2,executor 0, partition 1, PROCESS_LOCAL, 12555 bytes)
[2026-04-03T08:40:01.821+0000] {spark_submit.py:579} INFO - 26/04/03 08:40:01 INFO TaskSetManager: Finished task 0.0 in stage 3.0 (TID 102) in 1445 ms on 172.20.0.2 (executor 0) (1/2)
[2026-04-03T08:40:02.096+0000] {spark_submit.py:579} INFO - 26/04/03 08:40:02 INFO TaskSetManager: Finished task 1.0 in stage 3.0 (TID 103) in 278 ms on 172.20.0.2 (executor 0) (2/2)
[2026-04-03T08:40:02.096+0000] {spark_submit.py:579} INFO - 26/04/03 08:40:02 INFO TaskSchedulerImpl: Removed TaskSet 3.0 whose tasks have all completed, from pool
[2026-04-03T08:40:02.097+0000] {spark_submit.py:579} INFO - 26/04/03 08:40:02 INFO DAGScheduler: ShuffleMapStage 3 ($anonfun$withThreadLocalCaptured$2 at CompletableFuture.java:1768) finished in 1766 ms
[2026-04-03T08:40:02.098+0000] {spark_submit.py:579} INFO - 26/04/03 08:40:02 INFO DAGScheduler: looking for newly runnable stages
[2026-04-03T08:40:02.099+0000] {spark_submit.py:579} INFO - 26/04/03 08:40:02 INFO DAGScheduler: running: HashSet()
[2026-04-03T08:40:02.100+0000] {spark_submit.py:579} INFO - 26/04/03 08:40:02 INFO DAGScheduler: waiting: HashSet()
[2026-04-03T08:40:02.101+0000] {spark_submit.py:579} INFO - 26/04/03 08:40:02 INFO DAGScheduler: failed: HashSet()
[2026-04-03T08:40:02.140+0000] {spark_submit.py:579} INFO - 26/04/03 08:40:02 INFO ShufflePartitionsUtil: For shuffle(0, advisory target size: 67108864, actual target size 1048576, minimum partition size: 1048576
[2026-04-03T08:40:02.195+0000] {spark_submit.py:579} INFO - 26/04/03 08:40:02 INFO HashAggregateExec: spark.sql.codegen.aggregate.map.twolevel.enabled is set to true, but current version of codegened fast hashmap does not support this aggregate.
[2026-04-03T08:40:02.294+0000] {spark_submit.py:579} INFO - 26/04/03 08:40:02 INFO CodeGenerator: Code generated in 70.571965 ms
[2026-04-03T08:40:02.465+0000] {spark_submit.py:579} INFO - 26/04/03 08:40:02 INFO SparkContext: Starting job: save at NativeMethodAccessorImpl.java:0
[2026-04-03T08:40:02.467+0000] {spark_submit.py:579} INFO - 26/04/03 08:40:02 INFO DAGScheduler: Got job 4 (save at NativeMethodAccessorImpl.java:0) with 1 output partitions
[2026-04-03T08:40:02.468+0000] {spark_submit.py:579} INFO - 26/04/03 08:40:02 INFO DAGScheduler: Final stage: ResultStage 5 (save at NativeMethodAccessorImpl.java:0)
[2026-04-03T08:40:02.469+0000] {spark_submit.py:579} INFO - 26/04/03 08:40:02 INFO DAGScheduler: Parents of final stage: List(ShuffleMapStage 4)
[2026-04-03T08:40:02.469+0000] {spark_submit.py:579} INFO - 26/04/03 08:40:02 INFO DAGScheduler: Missing parents: List()
[2026-04-03T08:40:02.470+0000] {spark_submit.py:579} INFO - 26/04/03 08:40:02 INFO DAGScheduler: Missing parents found for ResultStage 5: List()
[2026-04-03T08:40:02.471+0000] {spark_submit.py:579} INFO - 26/04/03 08:40:02 INFO DAGScheduler: Submitting ResultStage 5 (MapPartitionsRDD[16] at save at NativeMethodAccessorImpl.java:0), which has no missing parents
[2026-04-03T08:40:02.491+0000] {spark_submit.py:579} INFO - 26/04/03 08:40:02 INFO MemoryStore: Block broadcast_6 stored as values in memory (estimated size 63.8 KiB, free 434.0 MiB)
[2026-04-03T08:40:02.499+0000] {spark_submit.py:579} INFO - 26/04/03 08:40:02 INFO MemoryStore: Block broadcast_6_piece0 stored as bytes in memory (estimated size 26.9 KiB, free 434.0 MiB)
[2026-04-03T08:40:02.501+0000] {spark_submit.py:579} INFO - 26/04/03 08:40:02 INFO SparkContext: Created broadcast 6 from broadcast at DAGScheduler.scala:1686
[2026-04-03T08:40:02.502+0000] {spark_submit.py:579} INFO - 26/04/03 08:40:02 INFO DAGScheduler: Submitting 1 missing tasks from ResultStage 5 (MapPartitionsRDD[16] at save at NativeMethodAccessorImpl.java:0) (first 15 tasks are for partitions Vector(0))
[2026-04-03T08:40:02.503+0000] {spark_submit.py:579} INFO - 26/04/03 08:40:02 INFO TaskSchedulerImpl: Adding task set 5.0 with 1 tasks resource profile 0
[2026-04-03T08:40:02.513+0000] {spark_submit.py:579} INFO - 26/04/03 08:40:02 INFO TaskSetManager: Starting task 0.0 in stage 5.0 (TID 104) (172.20.0.2,executor 0, partition 0, NODE_LOCAL, 9635 bytes)
[2026-04-03T08:40:02.883+0000] {spark_submit.py:579} INFO - 26/04/03 08:40:02 INFO MapOutputTrackerMasterEndpoint: Asked to send map output locations for shuffle 0 to 172.20.0.1:33986
[2026-04-03T08:40:05.702+0000] {spark_submit.py:579} INFO - 26/04/03 08:40:05 INFO TaskSetManager: Finished task 0.0 in stage 5.0 (TID 104) in 3191 ms on 172.20.0.2 (executor 0) (1/1)
[2026-04-03T08:40:05.703+0000] {spark_submit.py:579} INFO - 26/04/03 08:40:05 INFO TaskSchedulerImpl: Removed TaskSet 5.0 whose tasks have all completed, from pool
[2026-04-03T08:40:05.703+0000] {spark_submit.py:579} INFO - 26/04/03 08:40:05 INFO DAGScheduler: ResultStage 5 (save at NativeMethodAccessorImpl.java:0) finished in 3225 ms
[2026-04-03T08:40:05.704+0000] {spark_submit.py:579} INFO - 26/04/03 08:40:05 INFO DAGScheduler: Job 4 is finished. Cancelling potential speculative or zombie tasks for this job
[2026-04-03T08:40:05.705+0000] {spark_submit.py:579} INFO - 26/04/03 08:40:05 INFO TaskSchedulerImpl: Canceling stage 5
[2026-04-03T08:40:05.705+0000] {spark_submit.py:579} INFO - 26/04/03 08:40:05 INFO TaskSchedulerImpl: Killing all running tasks in stage 5: Stage finished
[2026-04-03T08:40:05.706+0000] {spark_submit.py:579} INFO - 26/04/03 08:40:05 INFO DAGScheduler: Job 4 finished: save at NativeMethodAccessorImpl.java:0, took 3238.865496 ms
[2026-04-03T08:40:05.747+0000] {spark_submit.py:579} INFO - 26/04/03 08:40:05 INFO JDBCRDD: Generated JDBC query to get scan output schema: SELECT * FROM gold_sensor_metrics WHERE 1=0
[2026-04-03T08:40:05.791+0000] {spark_submit.py:579} INFO - Pipeline Medallion completado.
[2026-04-03T08:40:05.793+0000] {spark_submit.py:579} INFO - 26/04/03 08:40:05 INFO SparkContext: SparkContext is stopping with exitCode 0 from stop at NativeMethodAccessorImpl.java:0.
[2026-04-03T08:40:05.810+0000] {spark_submit.py:579} INFO - 26/04/03 08:40:05 INFO SparkUI: Stopped Spark web UI at http://***-scheduler:4040
[2026-04-03T08:40:05.815+0000] {spark_submit.py:579} INFO - 26/04/03 08:40:05 INFO StandaloneSchedulerBackend: Shutting down all executors
[2026-04-03T08:40:05.815+0000] {spark_submit.py:579} INFO - 26/04/03 08:40:05 INFO StandaloneSchedulerBackend$StandaloneDriverEndpoint: Asking each executor to shut down
[2026-04-03T08:40:05.844+0000] {spark_submit.py:579} INFO - 26/04/03 08:40:05 INFO MapOutputTrackerMasterEndpoint: MapOutputTrackerMasterEndpoint stopped!
[2026-04-03T08:40:05.877+0000] {spark_submit.py:579} INFO - 26/04/03 08:40:05 INFO MemoryStore: MemoryStore cleared
[2026-04-03T08:40:05.878+0000] {spark_submit.py:579} INFO - 26/04/03 08:40:05 INFO BlockManager: BlockManager stopped
[2026-04-03T08:40:05.886+0000] {spark_submit.py:579} INFO - 26/04/03 08:40:05 INFO BlockManagerMaster: BlockManagerMaster stopped
[2026-04-03T08:40:05.890+0000] {spark_submit.py:579} INFO - 26/04/03 08:40:05 INFO OutputCommitCoordinator$OutputCommitCoordinatorEndpoint: OutputCommitCoordinator stopped!
[2026-04-03T08:40:05.909+0000] {spark_submit.py:579} INFO - 26/04/03 08:40:05 INFO SparkContext: Successfully stopped SparkContext (Uptime: 25115 ms)
[2026-04-03T08:40:06.342+0000] {taskinstance.py:341} INFO - ::group::Post task execution logs
[2026-04-03T08:40:06.342+0000] {taskinstance.py:353} INFO - Marking task as SUCCESS. dag_id=02_industrial_sensor_elt, task_id=run_sensor_elt, run_id=manual__2026-04-03T08:39:35.059380+00:00, execution_date=20260403T083935, start_date=20260403T083935, end_date=20260403T084006
[2026-04-03T08:40:06.451+0000] {local_task_job_runner.py:266} INFO - Task exited with return code 0
[2026-04-03T08:40:06.491+0000] {taskinstance.py:3901} INFO - 0 downstream tasks scheduled from follow-on schedule check
[2026-04-03T08:40:06.494+0000] {local_task_job_runner.py:245} INFO - ::endgroup::
