[2026-04-03T04:25:43.319+0000] {taskinstance.py:1157} INFO - Dependencies all met for dep_context=non-requeueable deps ti=<TaskInstance: 02_industrial_sensor_elt.run_sensor_elt manual__2026-04-03T04:23:36.228431+00:00 [queued]>
[2026-04-03T04:25:43.334+0000] {taskinstance.py:1157} INFO - Dependencies all met for dep_context=requeueable deps ti=<TaskInstance: 02_industrial_sensor_elt.run_sensor_elt manual__2026-04-03T04:23:36.228431+00:00 [queued]>
[2026-04-03T04:25:43.335+0000] {taskinstance.py:1359} INFO - Starting attempt 2 of 2
[2026-04-03T04:25:43.362+0000] {taskinstance.py:1380} INFO - Executing <Task(SparkSubmitOperator): run_sensor_elt> on 2026-04-03 04:23:36.228431+00:00
[2026-04-03T04:25:43.376+0000] {standard_task_runner.py:57} INFO - Started process 581 to run task
[2026-04-03T04:25:43.381+0000] {standard_task_runner.py:84} INFO - Running: ['***', 'tasks', 'run', '02_industrial_sensor_elt', 'run_sensor_elt', 'manual__2026-04-03T04:23:36.228431+00:00', '--job-id', '5', '--raw', '--subdir', 'DAGS_FOLDER/dag_datalab_main.py', '--cfg-path', '/tmp/tmpb7879gvh']
[2026-04-03T04:25:43.385+0000] {standard_task_runner.py:85} INFO - Job 5: Subtask run_sensor_elt
[2026-04-03T04:25:43.464+0000] {task_command.py:415} INFO - Running <TaskInstance: 02_industrial_sensor_elt.run_sensor_elt manual__2026-04-03T04:23:36.228431+00:00 [running]> on host 798fe7bdb874
[2026-04-03T04:25:43.598+0000] {taskinstance.py:1660} INFO - Exporting env vars: AIRFLOW_CTX_DAG_OWNER='juan_pablo' AIRFLOW_CTX_DAG_ID='02_industrial_sensor_elt' AIRFLOW_CTX_TASK_ID='run_sensor_elt' AIRFLOW_CTX_EXECUTION_DATE='2026-04-03T04:23:36.228431+00:00' AIRFLOW_CTX_TRY_NUMBER='2' AIRFLOW_CTX_DAG_RUN_ID='manual__2026-04-03T04:23:36.228431+00:00'
[2026-04-03T04:25:43.615+0000] {base.py:73} INFO - Using connection ID 'spark_default' for task execution.
[2026-04-03T04:25:43.617+0000] {spark_submit.py:340} INFO - Spark-Submit cmd: spark-submit --master spark://spark-master:7077 --conf spark.master=spark://spark-master:7077 --conf spark.driver.extraClassPath=/opt/bitnami/spark/extra-jars/postgresql-42.7.2.jar --driver-class-path /opt/bitnami/spark/extra-jars/postgresql-42.7.2.jar --jars /opt/bitnami/spark/extra-jars/postgresql-42.7.2.jar --name sensor_elt_job --verbose /app/scripts/process_data.py
[2026-04-03T04:25:46.063+0000] {spark_submit.py:491} INFO - Using properties file: null
[2026-04-03T04:25:46.249+0000] {spark_submit.py:491} INFO - Parsed arguments:
[2026-04-03T04:25:46.250+0000] {spark_submit.py:491} INFO - master                  spark://spark-master:7077
[2026-04-03T04:25:46.250+0000] {spark_submit.py:491} INFO - remote                  null
[2026-04-03T04:25:46.251+0000] {spark_submit.py:491} INFO - deployMode              null
[2026-04-03T04:25:46.251+0000] {spark_submit.py:491} INFO - executorMemory          null
[2026-04-03T04:25:46.251+0000] {spark_submit.py:491} INFO - executorCores           null
[2026-04-03T04:25:46.251+0000] {spark_submit.py:491} INFO - totalExecutorCores      null
[2026-04-03T04:25:46.251+0000] {spark_submit.py:491} INFO - propertiesFile          null
[2026-04-03T04:25:46.251+0000] {spark_submit.py:491} INFO - driverMemory            null
[2026-04-03T04:25:46.252+0000] {spark_submit.py:491} INFO - driverCores             null
[2026-04-03T04:25:46.252+0000] {spark_submit.py:491} INFO - driverExtraClassPath    /opt/bitnami/spark/extra-jars/postgresql-42.7.2.jar
[2026-04-03T04:25:46.252+0000] {spark_submit.py:491} INFO - driverExtraLibraryPath  null
[2026-04-03T04:25:46.253+0000] {spark_submit.py:491} INFO - driverExtraJavaOptions  null
[2026-04-03T04:25:46.253+0000] {spark_submit.py:491} INFO - supervise               false
[2026-04-03T04:25:46.253+0000] {spark_submit.py:491} INFO - queue                   null
[2026-04-03T04:25:46.253+0000] {spark_submit.py:491} INFO - numExecutors            null
[2026-04-03T04:25:46.253+0000] {spark_submit.py:491} INFO - files                   null
[2026-04-03T04:25:46.253+0000] {spark_submit.py:491} INFO - pyFiles                 null
[2026-04-03T04:25:46.253+0000] {spark_submit.py:491} INFO - archives                null
[2026-04-03T04:25:46.254+0000] {spark_submit.py:491} INFO - mainClass               null
[2026-04-03T04:25:46.254+0000] {spark_submit.py:491} INFO - primaryResource         file:/app/scripts/process_data.py
[2026-04-03T04:25:46.254+0000] {spark_submit.py:491} INFO - name                    sensor_elt_job
[2026-04-03T04:25:46.254+0000] {spark_submit.py:491} INFO - childArgs               []
[2026-04-03T04:25:46.254+0000] {spark_submit.py:491} INFO - jars                    file:/opt/bitnami/spark/extra-jars/postgresql-42.7.2.jar
[2026-04-03T04:25:46.254+0000] {spark_submit.py:491} INFO - packages                null
[2026-04-03T04:25:46.255+0000] {spark_submit.py:491} INFO - packagesExclusions      null
[2026-04-03T04:25:46.255+0000] {spark_submit.py:491} INFO - repositories            null
[2026-04-03T04:25:46.255+0000] {spark_submit.py:491} INFO - verbose                 true
[2026-04-03T04:25:46.255+0000] {spark_submit.py:491} INFO - 
[2026-04-03T04:25:46.255+0000] {spark_submit.py:491} INFO - Spark properties used, including those specified through
[2026-04-03T04:25:46.255+0000] {spark_submit.py:491} INFO - --conf and those from the properties file null:
[2026-04-03T04:25:46.256+0000] {spark_submit.py:491} INFO - (spark.driver.extraClassPath,/opt/bitnami/spark/extra-jars/postgresql-42.7.2.jar)
[2026-04-03T04:25:46.256+0000] {spark_submit.py:491} INFO - (spark.master,spark://spark-master:7077)
[2026-04-03T04:25:46.256+0000] {spark_submit.py:491} INFO - 
[2026-04-03T04:25:46.256+0000] {spark_submit.py:491} INFO - 
[2026-04-03T04:25:46.701+0000] {spark_submit.py:491} INFO - 26/04/03 04:25:46 WARN NativeCodeLoader: Unable to load native-hadoop library for your platform... using builtin-java classes where applicable
[2026-04-03T04:25:46.972+0000] {spark_submit.py:491} INFO - Main class:
[2026-04-03T04:25:46.973+0000] {spark_submit.py:491} INFO - org.apache.spark.deploy.PythonRunner
[2026-04-03T04:25:46.973+0000] {spark_submit.py:491} INFO - Arguments:
[2026-04-03T04:25:46.973+0000] {spark_submit.py:491} INFO - file:/app/scripts/process_data.py
[2026-04-03T04:25:46.973+0000] {spark_submit.py:491} INFO - null
[2026-04-03T04:25:46.977+0000] {spark_submit.py:491} INFO - Spark config:
[2026-04-03T04:25:46.977+0000] {spark_submit.py:491} INFO - (spark.app.name,sensor_elt_job)
[2026-04-03T04:25:46.978+0000] {spark_submit.py:491} INFO - (spark.app.submitTime,1775190346941)
[2026-04-03T04:25:46.978+0000] {spark_submit.py:491} INFO - (spark.driver.extraClassPath,/opt/bitnami/spark/extra-jars/postgresql-42.7.2.jar)
[2026-04-03T04:25:46.978+0000] {spark_submit.py:491} INFO - (spark.jars,file:/opt/bitnami/spark/extra-jars/postgresql-42.7.2.jar)
[2026-04-03T04:25:46.978+0000] {spark_submit.py:491} INFO - (spark.master,spark://spark-master:7077)
[2026-04-03T04:25:46.979+0000] {spark_submit.py:491} INFO - (spark.repl.local.jars,file:/opt/bitnami/spark/extra-jars/postgresql-42.7.2.jar)
[2026-04-03T04:25:46.979+0000] {spark_submit.py:491} INFO - (spark.submit.deployMode,client)
[2026-04-03T04:25:46.979+0000] {spark_submit.py:491} INFO - (spark.submit.pyFiles,)
[2026-04-03T04:25:46.979+0000] {spark_submit.py:491} INFO - Classpath elements:
[2026-04-03T04:25:46.980+0000] {spark_submit.py:491} INFO - file:/opt/bitnami/spark/extra-jars/postgresql-42.7.2.jar
[2026-04-03T04:25:46.980+0000] {spark_submit.py:491} INFO - 
[2026-04-03T04:25:46.980+0000] {spark_submit.py:491} INFO - 
[2026-04-03T04:25:46.983+0000] {spark_submit.py:491} INFO - 26/04/03 04:25:46 WARN DependencyUtils: Local jar /opt/bitnami/spark/extra-jars/postgresql-42.7.2.jar does not exist, skipping.
[2026-04-03T04:25:47.317+0000] {spark_submit.py:491} INFO - python3: can't open file '/app/scripts/process_data.py': [Errno 2] No such file or directory
[2026-04-03T04:25:47.337+0000] {spark_submit.py:491} INFO - 26/04/03 04:25:47 INFO ShutdownHookManager: Shutdown hook called
[2026-04-03T04:25:47.338+0000] {spark_submit.py:491} INFO - 26/04/03 04:25:47 INFO ShutdownHookManager: Deleting directory /tmp/spark-cdad5d21-9ce0-4ee4-b72e-eff982b094a5
[2026-04-03T04:25:47.430+0000] {taskinstance.py:1935} ERROR - Task failed with exception
Traceback (most recent call last):
  File "/home/airflow/.local/lib/python3.8/site-packages/airflow/providers/apache/spark/operators/spark_submit.py", line 156, in execute
    self._hook.submit(self._application)
  File "/home/airflow/.local/lib/python3.8/site-packages/airflow/providers/apache/spark/hooks/spark_submit.py", line 422, in submit
    raise AirflowException(
airflow.exceptions.AirflowException: Cannot execute: spark-submit --master spark://spark-master:7077 --conf spark.master=spark://spark-master:7077 --conf spark.driver.extraClassPath=/opt/bitnami/spark/extra-jars/postgresql-42.7.2.jar --driver-class-path /opt/bitnami/spark/extra-jars/postgresql-42.7.2.jar --jars /opt/bitnami/spark/extra-jars/postgresql-42.7.2.jar --name sensor_elt_job --verbose /app/scripts/process_data.py. Error code is: 2.
[2026-04-03T04:25:47.437+0000] {taskinstance.py:1398} INFO - Marking task as FAILED. dag_id=02_industrial_sensor_elt, task_id=run_sensor_elt, execution_date=20260403T042336, start_date=20260403T042543, end_date=20260403T042547
[2026-04-03T04:25:47.461+0000] {standard_task_runner.py:104} ERROR - Failed to execute job 5 for task run_sensor_elt (Cannot execute: spark-submit --master spark://spark-master:7077 --conf spark.master=spark://spark-master:7077 --conf spark.driver.extraClassPath=/opt/bitnami/spark/extra-jars/postgresql-42.7.2.jar --driver-class-path /opt/bitnami/spark/extra-jars/postgresql-42.7.2.jar --jars /opt/bitnami/spark/extra-jars/postgresql-42.7.2.jar --name sensor_elt_job --verbose /app/scripts/process_data.py. Error code is: 2.; 581)
[2026-04-03T04:25:47.489+0000] {local_task_job_runner.py:228} INFO - Task exited with return code 1
[2026-04-03T04:25:47.520+0000] {taskinstance.py:2776} INFO - 0 downstream tasks scheduled from follow-on schedule check
