[2026-04-03T03:59:00.172+0000] {taskinstance.py:1157} INFO - Dependencies all met for dep_context=non-requeueable deps ti=<TaskInstance: 02_industrial_sensor_elt.run_sensor_elt manual__2026-04-03T03:56:56.518306+00:00 [queued]>
[2026-04-03T03:59:00.186+0000] {taskinstance.py:1157} INFO - Dependencies all met for dep_context=requeueable deps ti=<TaskInstance: 02_industrial_sensor_elt.run_sensor_elt manual__2026-04-03T03:56:56.518306+00:00 [queued]>
[2026-04-03T03:59:00.186+0000] {taskinstance.py:1359} INFO - Starting attempt 2 of 2
[2026-04-03T03:59:00.210+0000] {taskinstance.py:1380} INFO - Executing <Task(SparkSubmitOperator): run_sensor_elt> on 2026-04-03 03:56:56.518306+00:00
[2026-04-03T03:59:00.224+0000] {standard_task_runner.py:57} INFO - Started process 302 to run task
[2026-04-03T03:59:00.229+0000] {standard_task_runner.py:84} INFO - Running: ['***', 'tasks', 'run', '02_industrial_sensor_elt', 'run_sensor_elt', 'manual__2026-04-03T03:56:56.518306+00:00', '--job-id', '13', '--raw', '--subdir', 'DAGS_FOLDER/dag_datalab_main.py', '--cfg-path', '/tmp/tmpqmxfr5ax']
[2026-04-03T03:59:00.233+0000] {standard_task_runner.py:85} INFO - Job 13: Subtask run_sensor_elt
[2026-04-03T03:59:00.314+0000] {task_command.py:415} INFO - Running <TaskInstance: 02_industrial_sensor_elt.run_sensor_elt manual__2026-04-03T03:56:56.518306+00:00 [running]> on host d7e496a2d3c4
[2026-04-03T03:59:00.447+0000] {taskinstance.py:1660} INFO - Exporting env vars: AIRFLOW_CTX_DAG_OWNER='juan_pablo' AIRFLOW_CTX_DAG_ID='02_industrial_sensor_elt' AIRFLOW_CTX_TASK_ID='run_sensor_elt' AIRFLOW_CTX_EXECUTION_DATE='2026-04-03T03:56:56.518306+00:00' AIRFLOW_CTX_TRY_NUMBER='2' AIRFLOW_CTX_DAG_RUN_ID='manual__2026-04-03T03:56:56.518306+00:00'
[2026-04-03T03:59:00.463+0000] {base.py:73} INFO - Using connection ID 'spark_default' for task execution.
[2026-04-03T03:59:00.465+0000] {spark_submit.py:340} INFO - Spark-Submit cmd: spark-submit --master spark://spark-master:7077 --conf spark.master=spark://spark-master:7077 --conf spark.driver.extraClassPath=/opt/bitnami/spark/extra-jars/postgresql-42.7.2.jar --driver-class-path /opt/bitnami/spark/extra-jars/postgresql-42.7.2.jar --jars /opt/bitnami/spark/extra-jars/postgresql-42.7.2.jar --name sensor_elt_job --verbose /app/scripts/process_data.py
[2026-04-03T03:59:00.748+0000] {spark_submit.py:491} INFO - /home/***/.local/lib/python3.8/site-packages/pyspark/bin/load-spark-env.sh: line 68: ps: command not found
[2026-04-03T03:59:00.751+0000] {spark_submit.py:491} INFO - /home/***/.local/lib/python3.8/site-packages/pyspark/bin/spark-class: line 71: /usr/lib/jvm/java-17-openjdk-amd64/bin/java: No such file or directory
[2026-04-03T03:59:00.752+0000] {spark_submit.py:491} INFO - /home/***/.local/lib/python3.8/site-packages/pyspark/bin/spark-class: line 97: CMD: bad array subscript
[2026-04-03T03:59:00.777+0000] {taskinstance.py:1935} ERROR - Task failed with exception
Traceback (most recent call last):
  File "/home/airflow/.local/lib/python3.8/site-packages/airflow/providers/apache/spark/operators/spark_submit.py", line 156, in execute
    self._hook.submit(self._application)
  File "/home/airflow/.local/lib/python3.8/site-packages/airflow/providers/apache/spark/hooks/spark_submit.py", line 422, in submit
    raise AirflowException(
airflow.exceptions.AirflowException: Cannot execute: spark-submit --master spark://spark-master:7077 --conf spark.master=spark://spark-master:7077 --conf spark.driver.extraClassPath=/opt/bitnami/spark/extra-jars/postgresql-42.7.2.jar --driver-class-path /opt/bitnami/spark/extra-jars/postgresql-42.7.2.jar --jars /opt/bitnami/spark/extra-jars/postgresql-42.7.2.jar --name sensor_elt_job --verbose /app/scripts/process_data.py. Error code is: 1.
[2026-04-03T03:59:00.782+0000] {taskinstance.py:1398} INFO - Marking task as FAILED. dag_id=02_industrial_sensor_elt, task_id=run_sensor_elt, execution_date=20260403T035656, start_date=20260403T035900, end_date=20260403T035900
[2026-04-03T03:59:00.809+0000] {standard_task_runner.py:104} ERROR - Failed to execute job 13 for task run_sensor_elt (Cannot execute: spark-submit --master spark://spark-master:7077 --conf spark.master=spark://spark-master:7077 --conf spark.driver.extraClassPath=/opt/bitnami/spark/extra-jars/postgresql-42.7.2.jar --driver-class-path /opt/bitnami/spark/extra-jars/postgresql-42.7.2.jar --jars /opt/bitnami/spark/extra-jars/postgresql-42.7.2.jar --name sensor_elt_job --verbose /app/scripts/process_data.py. Error code is: 1.; 302)
[2026-04-03T03:59:00.843+0000] {local_task_job_runner.py:228} INFO - Task exited with return code 1
[2026-04-03T03:59:00.871+0000] {taskinstance.py:2776} INFO - 0 downstream tasks scheduled from follow-on schedule check
