[2026-04-03T03:30:22.554+0000] {taskinstance.py:1157} INFO - Dependencies all met for dep_context=non-requeueable deps ti=<TaskInstance: 02_industrial_sensor_elt.run_sensor_elt manual__2026-04-03T03:30:20.399212+00:00 [queued]>
[2026-04-03T03:30:22.570+0000] {taskinstance.py:1157} INFO - Dependencies all met for dep_context=requeueable deps ti=<TaskInstance: 02_industrial_sensor_elt.run_sensor_elt manual__2026-04-03T03:30:20.399212+00:00 [queued]>
[2026-04-03T03:30:22.571+0000] {taskinstance.py:1359} INFO - Starting attempt 1 of 2
[2026-04-03T03:30:22.598+0000] {taskinstance.py:1380} INFO - Executing <Task(SparkSubmitOperator): run_sensor_elt> on 2026-04-03 03:30:20.399212+00:00
[2026-04-03T03:30:22.612+0000] {standard_task_runner.py:57} INFO - Started process 269 to run task
[2026-04-03T03:30:22.617+0000] {standard_task_runner.py:84} INFO - Running: ['***', 'tasks', 'run', '02_industrial_sensor_elt', 'run_sensor_elt', 'manual__2026-04-03T03:30:20.399212+00:00', '--job-id', '8', '--raw', '--subdir', 'DAGS_FOLDER/dag_datalab_main.py', '--cfg-path', '/tmp/tmpan0iqxno']
[2026-04-03T03:30:22.621+0000] {standard_task_runner.py:85} INFO - Job 8: Subtask run_sensor_elt
[2026-04-03T03:30:22.702+0000] {task_command.py:415} INFO - Running <TaskInstance: 02_industrial_sensor_elt.run_sensor_elt manual__2026-04-03T03:30:20.399212+00:00 [running]> on host 5bb10d96160a
[2026-04-03T03:30:22.853+0000] {taskinstance.py:1660} INFO - Exporting env vars: AIRFLOW_CTX_DAG_OWNER='juan_pablo' AIRFLOW_CTX_DAG_ID='02_industrial_sensor_elt' AIRFLOW_CTX_TASK_ID='run_sensor_elt' AIRFLOW_CTX_EXECUTION_DATE='2026-04-03T03:30:20.399212+00:00' AIRFLOW_CTX_TRY_NUMBER='1' AIRFLOW_CTX_DAG_RUN_ID='manual__2026-04-03T03:30:20.399212+00:00'
[2026-04-03T03:30:22.870+0000] {base.py:73} INFO - Using connection ID 'spark_default' for task execution.
[2026-04-03T03:30:22.872+0000] {spark_submit.py:340} INFO - Spark-Submit cmd: spark-submit --master spark-master:7077 --conf spark.master=spark://spark-master:7077 --conf spark.driver.extraClassPath=/opt/***/plugins/postgresql-42.7.2.jar --driver-class-path /opt/***/plugins/postgresql-42.7.2.jar --jars /opt/***/plugins/postgresql-42.7.2.jar --name sensor_elt_job --verbose --deploy-mode client /app/scripts/process_data.py
[2026-04-03T03:30:23.130+0000] {spark_submit.py:491} INFO - /home/***/.local/lib/python3.8/site-packages/pyspark/bin/load-spark-env.sh: line 68: ps: command not found
[2026-04-03T03:30:23.132+0000] {spark_submit.py:491} INFO - JAVA_HOME is not set
[2026-04-03T03:30:23.151+0000] {taskinstance.py:1935} ERROR - Task failed with exception
Traceback (most recent call last):
  File "/home/airflow/.local/lib/python3.8/site-packages/airflow/providers/apache/spark/operators/spark_submit.py", line 156, in execute
    self._hook.submit(self._application)
  File "/home/airflow/.local/lib/python3.8/site-packages/airflow/providers/apache/spark/hooks/spark_submit.py", line 422, in submit
    raise AirflowException(
airflow.exceptions.AirflowException: Cannot execute: spark-submit --master spark-master:7077 --conf spark.master=spark://spark-master:7077 --conf spark.driver.extraClassPath=/opt/***/plugins/postgresql-42.7.2.jar --driver-class-path /opt/***/plugins/postgresql-42.7.2.jar --jars /opt/***/plugins/postgresql-42.7.2.jar --name sensor_elt_job --verbose --deploy-mode client /app/scripts/process_data.py. Error code is: 1.
[2026-04-03T03:30:23.157+0000] {taskinstance.py:1398} INFO - Marking task as UP_FOR_RETRY. dag_id=02_industrial_sensor_elt, task_id=run_sensor_elt, execution_date=20260403T033020, start_date=20260403T033022, end_date=20260403T033023
[2026-04-03T03:30:23.179+0000] {standard_task_runner.py:104} ERROR - Failed to execute job 8 for task run_sensor_elt (Cannot execute: spark-submit --master spark-master:7077 --conf spark.master=spark://spark-master:7077 --conf spark.driver.extraClassPath=/opt/***/plugins/postgresql-42.7.2.jar --driver-class-path /opt/***/plugins/postgresql-42.7.2.jar --jars /opt/***/plugins/postgresql-42.7.2.jar --name sensor_elt_job --verbose --deploy-mode client /app/scripts/process_data.py. Error code is: 1.; 269)
[2026-04-03T03:30:23.231+0000] {local_task_job_runner.py:228} INFO - Task exited with return code 1
[2026-04-03T03:30:23.261+0000] {taskinstance.py:2776} INFO - 0 downstream tasks scheduled from follow-on schedule check
