[2026-04-03T06:01:04.427+0000] {local_task_job_runner.py:123} INFO - ::group::Pre task execution logs
[2026-04-03T06:01:04.476+0000] {taskinstance.py:2614} INFO - Dependencies all met for dep_context=non-requeueable deps ti=<TaskInstance: 02_industrial_sensor_elt.run_sensor_elt manual__2026-04-03T05:59:01.915977+00:00 [queued]>
[2026-04-03T06:01:04.493+0000] {taskinstance.py:2614} INFO - Dependencies all met for dep_context=requeueable deps ti=<TaskInstance: 02_industrial_sensor_elt.run_sensor_elt manual__2026-04-03T05:59:01.915977+00:00 [queued]>
[2026-04-03T06:01:04.493+0000] {taskinstance.py:2867} INFO - Starting attempt 2 of 2
[2026-04-03T06:01:04.527+0000] {taskinstance.py:2890} INFO - Executing <Task(SparkSubmitOperator): run_sensor_elt> on 2026-04-03 05:59:01.915977+00:00
[2026-04-03T06:01:04.546+0000] {standard_task_runner.py:104} INFO - Running: ['***', 'tasks', 'run', '02_industrial_sensor_elt', 'run_sensor_elt', 'manual__2026-04-03T05:59:01.915977+00:00', '--job-id', '3', '--raw', '--subdir', 'DAGS_FOLDER/dag_datalab_main.py', '--cfg-path', '/tmp/tmpigozmdje']
[2026-04-03T06:01:04.550+0000] {standard_task_runner.py:105} INFO - Job 3: Subtask run_sensor_elt
[2026-04-03T06:01:04.553+0000] {logging_mixin.py:190} WARNING - /home/***/.local/lib/python3.12/site-packages/***/task/task_runner/standard_task_runner.py:70 DeprecationWarning: This process (pid=549) is multi-threaded, use of fork() may lead to deadlocks in the child.
[2026-04-03T06:01:04.554+0000] {standard_task_runner.py:72} INFO - Started process 550 to run task
[2026-04-03T06:01:04.668+0000] {task_command.py:467} INFO - Running <TaskInstance: 02_industrial_sensor_elt.run_sensor_elt manual__2026-04-03T05:59:01.915977+00:00 [running]> on host 006d689b7df1
[2026-04-03T06:01:04.868+0000] {taskinstance.py:3134} INFO - Exporting env vars: AIRFLOW_CTX_DAG_OWNER='juan_pablo' AIRFLOW_CTX_DAG_ID='02_industrial_sensor_elt' AIRFLOW_CTX_TASK_ID='run_sensor_elt' AIRFLOW_CTX_EXECUTION_DATE='2026-04-03T05:59:01.915977+00:00' AIRFLOW_CTX_TRY_NUMBER='2' AIRFLOW_CTX_DAG_RUN_ID='manual__2026-04-03T05:59:01.915977+00:00'
[2026-04-03T06:01:04.869+0000] {taskinstance.py:732} INFO - ::endgroup::
[2026-04-03T06:01:04.925+0000] {base.py:84} INFO - Retrieving connection 'spark_default'
[2026-04-03T06:01:04.928+0000] {spark_submit.py:403} INFO - Spark-Submit cmd: spark-submit --master spark://spark-master:7077 --conf spark.executor.extraClassPath=/opt/bitnami/spark/extra-jars/postgresql-42.7.2.jar --conf spark.driver.extraClassPath=/opt/bitnami/spark/extra-jars/postgresql-42.7.2.jar --driver-class-path /opt/bitnami/spark/extra-jars/postgresql-42.7.2.jar --jars /opt/bitnami/spark/extra-jars/postgresql-42.7.2.jar --name sensor_elt_job --verbose --deploy-mode client /opt/bitnami/spark/scripts/process_data.py
[2026-04-03T06:01:04.938+0000] {spark_submit.py:579} INFO - /home/***/.local/bin/spark-submit: line 27: /opt/bitnami/spark/bin/spark-class: No such file or directory
[2026-04-03T06:01:04.966+0000] {taskinstance.py:3313} ERROR - Task failed with exception
Traceback (most recent call last):
  File "/home/airflow/.local/lib/python3.12/site-packages/airflow/models/taskinstance.py", line 768, in _execute_task
    result = _execute_callable(context=context, **execute_callable_kwargs)
             ^^^^^^^^^^^^^^^^^^^^^^^^^^^^^^^^^^^^^^^^^^^^^^^^^^^^^^^^^^^^^
  File "/home/airflow/.local/lib/python3.12/site-packages/airflow/models/taskinstance.py", line 734, in _execute_callable
    return ExecutionCallableRunner(
           ^^^^^^^^^^^^^^^^^^^^^^^^
  File "/home/airflow/.local/lib/python3.12/site-packages/airflow/utils/operator_helpers.py", line 252, in run
    return self.func(*args, **kwargs)
           ^^^^^^^^^^^^^^^^^^^^^^^^^^
  File "/home/airflow/.local/lib/python3.12/site-packages/airflow/models/baseoperator.py", line 424, in wrapper
    return func(self, *args, **kwargs)
           ^^^^^^^^^^^^^^^^^^^^^^^^^^^
  File "/home/airflow/.local/lib/python3.12/site-packages/airflow/providers/apache/spark/operators/spark_submit.py", line 174, in execute
    self._hook.submit(self.application)
  File "/home/airflow/.local/lib/python3.12/site-packages/airflow/providers/apache/spark/hooks/spark_submit.py", line 505, in submit
    raise AirflowException(
airflow.exceptions.AirflowException: Cannot execute: spark-submit --master spark://spark-master:7077 --conf spark.executor.extraClassPath=/opt/bitnami/spark/extra-jars/postgresql-42.7.2.jar --conf spark.driver.extraClassPath=/opt/bitnami/spark/extra-jars/postgresql-42.7.2.jar --driver-class-path /opt/bitnami/spark/extra-jars/postgresql-42.7.2.jar --jars /opt/bitnami/spark/extra-jars/postgresql-42.7.2.jar --name sensor_elt_job --verbose --deploy-mode client /opt/bitnami/spark/scripts/process_data.py. Error code is: 127.
[2026-04-03T06:01:04.974+0000] {taskinstance.py:1226} INFO - Marking task as FAILED. dag_id=02_industrial_sensor_elt, task_id=run_sensor_elt, run_id=manual__2026-04-03T05:59:01.915977+00:00, execution_date=20260403T055901, start_date=20260403T060104, end_date=20260403T060104
[2026-04-03T06:01:05.053+0000] {taskinstance.py:341} INFO - ::group::Post task execution logs
[2026-04-03T06:01:05.054+0000] {standard_task_runner.py:124} ERROR - Failed to execute job 3 for task run_sensor_elt (Cannot execute: spark-submit --master spark://spark-master:7077 --conf spark.executor.extraClassPath=/opt/bitnami/spark/extra-jars/postgresql-42.7.2.jar --conf spark.driver.extraClassPath=/opt/bitnami/spark/extra-jars/postgresql-42.7.2.jar --driver-class-path /opt/bitnami/spark/extra-jars/postgresql-42.7.2.jar --jars /opt/bitnami/spark/extra-jars/postgresql-42.7.2.jar --name sensor_elt_job --verbose --deploy-mode client /opt/bitnami/spark/scripts/process_data.py. Error code is: 127.; 550)
Traceback (most recent call last):
  File "/home/airflow/.local/lib/python3.12/site-packages/airflow/task/task_runner/standard_task_runner.py", line 117, in _start_by_fork
    ret = args.func(args, dag=self.dag)
          ^^^^^^^^^^^^^^^^^^^^^^^^^^^^^
  File "/home/airflow/.local/lib/python3.12/site-packages/airflow/cli/cli_config.py", line 49, in command
    return func(*args, **kwargs)
           ^^^^^^^^^^^^^^^^^^^^^
  File "/home/airflow/.local/lib/python3.12/site-packages/airflow/utils/cli.py", line 116, in wrapper
    return f(*args, **kwargs)
           ^^^^^^^^^^^^^^^^^^
  File "/home/airflow/.local/lib/python3.12/site-packages/airflow/cli/commands/task_command.py", line 483, in task_run
    task_return_code = _run_task_by_selected_method(args, _dag, ti)
                       ^^^^^^^^^^^^^^^^^^^^^^^^^^^^^^^^^^^^^^^^^^^^
  File "/home/airflow/.local/lib/python3.12/site-packages/airflow/cli/commands/task_command.py", line 256, in _run_task_by_selected_method
    return _run_raw_task(args, ti)
           ^^^^^^^^^^^^^^^^^^^^^^^
  File "/home/airflow/.local/lib/python3.12/site-packages/airflow/cli/commands/task_command.py", line 341, in _run_raw_task
    return ti._run_raw_task(
           ^^^^^^^^^^^^^^^^^
  File "/home/airflow/.local/lib/python3.12/site-packages/airflow/utils/session.py", line 97, in wrapper
    return func(*args, session=session, **kwargs)
           ^^^^^^^^^^^^^^^^^^^^^^^^^^^^^^^^^^^^^^
  File "/home/airflow/.local/lib/python3.12/site-packages/airflow/models/taskinstance.py", line 3006, in _run_raw_task
    return _run_raw_task(
           ^^^^^^^^^^^^^^
  File "/home/airflow/.local/lib/python3.12/site-packages/airflow/models/taskinstance.py", line 274, in _run_raw_task
    TaskInstance._execute_task_with_callbacks(
  File "/home/airflow/.local/lib/python3.12/site-packages/airflow/models/taskinstance.py", line 3161, in _execute_task_with_callbacks
    result = self._execute_task(context, task_orig)
             ^^^^^^^^^^^^^^^^^^^^^^^^^^^^^^^^^^^^^^
  File "/home/airflow/.local/lib/python3.12/site-packages/airflow/models/taskinstance.py", line 3185, in _execute_task
    return _execute_task(self, context, task_orig)
           ^^^^^^^^^^^^^^^^^^^^^^^^^^^^^^^^^^^^^^^
  File "/home/airflow/.local/lib/python3.12/site-packages/airflow/models/taskinstance.py", line 768, in _execute_task
    result = _execute_callable(context=context, **execute_callable_kwargs)
             ^^^^^^^^^^^^^^^^^^^^^^^^^^^^^^^^^^^^^^^^^^^^^^^^^^^^^^^^^^^^^
  File "/home/airflow/.local/lib/python3.12/site-packages/airflow/models/taskinstance.py", line 734, in _execute_callable
    return ExecutionCallableRunner(
           ^^^^^^^^^^^^^^^^^^^^^^^^
  File "/home/airflow/.local/lib/python3.12/site-packages/airflow/utils/operator_helpers.py", line 252, in run
    return self.func(*args, **kwargs)
           ^^^^^^^^^^^^^^^^^^^^^^^^^^
  File "/home/airflow/.local/lib/python3.12/site-packages/airflow/models/baseoperator.py", line 424, in wrapper
    return func(self, *args, **kwargs)
           ^^^^^^^^^^^^^^^^^^^^^^^^^^^
  File "/home/airflow/.local/lib/python3.12/site-packages/airflow/providers/apache/spark/operators/spark_submit.py", line 174, in execute
    self._hook.submit(self.application)
  File "/home/airflow/.local/lib/python3.12/site-packages/airflow/providers/apache/spark/hooks/spark_submit.py", line 505, in submit
    raise AirflowException(
airflow.exceptions.AirflowException: Cannot execute: spark-submit --master spark://spark-master:7077 --conf spark.executor.extraClassPath=/opt/bitnami/spark/extra-jars/postgresql-42.7.2.jar --conf spark.driver.extraClassPath=/opt/bitnami/spark/extra-jars/postgresql-42.7.2.jar --driver-class-path /opt/bitnami/spark/extra-jars/postgresql-42.7.2.jar --jars /opt/bitnami/spark/extra-jars/postgresql-42.7.2.jar --name sensor_elt_job --verbose --deploy-mode client /opt/bitnami/spark/scripts/process_data.py. Error code is: 127.
[2026-04-03T06:01:05.091+0000] {local_task_job_runner.py:266} INFO - Task exited with return code 1
[2026-04-03T06:01:05.134+0000] {taskinstance.py:3901} INFO - 0 downstream tasks scheduled from follow-on schedule check
[2026-04-03T06:01:05.137+0000] {local_task_job_runner.py:245} INFO - ::endgroup::
