[2026-04-03T06:19:26.465+0000] {local_task_job_runner.py:123} INFO - ::group::Pre task execution logs
[2026-04-03T06:19:26.513+0000] {taskinstance.py:2614} INFO - Dependencies all met for dep_context=non-requeueable deps ti=<TaskInstance: 02_industrial_sensor_elt.run_sensor_elt manual__2026-04-03T05:59:01.915977+00:00 [queued]>
[2026-04-03T06:19:26.531+0000] {taskinstance.py:2614} INFO - Dependencies all met for dep_context=requeueable deps ti=<TaskInstance: 02_industrial_sensor_elt.run_sensor_elt manual__2026-04-03T05:59:01.915977+00:00 [queued]>
[2026-04-03T06:19:26.531+0000] {taskinstance.py:2867} INFO - Starting attempt 4 of 4
[2026-04-03T06:19:26.562+0000] {taskinstance.py:2890} INFO - Executing <Task(SparkSubmitOperator): run_sensor_elt> on 2026-04-03 05:59:01.915977+00:00
[2026-04-03T06:19:26.581+0000] {standard_task_runner.py:104} INFO - Running: ['***', 'tasks', 'run', '02_industrial_sensor_elt', 'run_sensor_elt', 'manual__2026-04-03T05:59:01.915977+00:00', '--job-id', '5', '--raw', '--subdir', 'DAGS_FOLDER/dag_datalab_main.py', '--cfg-path', '/tmp/tmprz3hmezo']
[2026-04-03T06:19:26.584+0000] {standard_task_runner.py:105} INFO - Job 5: Subtask run_sensor_elt
[2026-04-03T06:19:26.587+0000] {logging_mixin.py:190} WARNING - /home/***/.local/lib/python3.12/site-packages/***/task/task_runner/standard_task_runner.py:70 DeprecationWarning: This process (pid=1069) is multi-threaded, use of fork() may lead to deadlocks in the child.
[2026-04-03T06:19:26.588+0000] {standard_task_runner.py:72} INFO - Started process 1070 to run task
[2026-04-03T06:19:26.699+0000] {task_command.py:467} INFO - Running <TaskInstance: 02_industrial_sensor_elt.run_sensor_elt manual__2026-04-03T05:59:01.915977+00:00 [running]> on host 006d689b7df1
[2026-04-03T06:19:26.900+0000] {taskinstance.py:3134} INFO - Exporting env vars: AIRFLOW_CTX_DAG_OWNER='juan_pablo' AIRFLOW_CTX_DAG_ID='02_industrial_sensor_elt' AIRFLOW_CTX_TASK_ID='run_sensor_elt' AIRFLOW_CTX_EXECUTION_DATE='2026-04-03T05:59:01.915977+00:00' AIRFLOW_CTX_TRY_NUMBER='4' AIRFLOW_CTX_DAG_RUN_ID='manual__2026-04-03T05:59:01.915977+00:00'
[2026-04-03T06:19:26.901+0000] {taskinstance.py:732} INFO - ::endgroup::
[2026-04-03T06:19:26.959+0000] {base.py:84} INFO - Retrieving connection 'spark_default'
[2026-04-03T06:19:26.962+0000] {spark_submit.py:403} INFO - Spark-Submit cmd: spark-submit --master spark://spark-master:7077 --conf spark.driver.extraClassPath=/opt/bitnami/spark/extra-jars/postgresql-42.7.2.jar --conf spark.executor.extraClassPath=/opt/bitnami/spark/extra-jars/postgresql-42.7.2.jar --driver-class-path /opt/bitnami/spark/extra-jars/postgresql-42.7.2.jar --jars /opt/bitnami/spark/extra-jars/postgresql-42.7.2.jar --name sensor_elt_job --verbose --deploy-mode client /opt/bitnami/spark/scripts/process_data.py
[2026-04-03T06:19:27.669+0000] {spark_submit.py:579} INFO - WARNING: Using incubator modules: jdk.incubator.vector
[2026-04-03T06:19:29.778+0000] {spark_submit.py:579} INFO - Parsed arguments:
[2026-04-03T06:19:29.778+0000] {spark_submit.py:579} INFO - master                  spark://spark-master:7077
[2026-04-03T06:19:29.779+0000] {spark_submit.py:579} INFO - remote                  null
[2026-04-03T06:19:29.779+0000] {spark_submit.py:579} INFO - deployMode              client
[2026-04-03T06:19:29.780+0000] {spark_submit.py:579} INFO - executorMemory          null
[2026-04-03T06:19:29.780+0000] {spark_submit.py:579} INFO - executorCores           null
[2026-04-03T06:19:29.781+0000] {spark_submit.py:579} INFO - totalExecutorCores      null
[2026-04-03T06:19:29.781+0000] {spark_submit.py:579} INFO - propertiesFile          null
[2026-04-03T06:19:29.781+0000] {spark_submit.py:579} INFO - driverMemory            null
[2026-04-03T06:19:29.781+0000] {spark_submit.py:579} INFO - driverCores             null
[2026-04-03T06:19:29.782+0000] {spark_submit.py:579} INFO - driverExtraClassPath    /opt/bitnami/spark/extra-jars/postgresql-42.7.2.jar
[2026-04-03T06:19:29.782+0000] {spark_submit.py:579} INFO - driverExtraLibraryPath  null
[2026-04-03T06:19:29.782+0000] {spark_submit.py:579} INFO - driverExtraJavaOptions  null
[2026-04-03T06:19:29.782+0000] {spark_submit.py:579} INFO - supervise               false
[2026-04-03T06:19:29.783+0000] {spark_submit.py:579} INFO - queue                   null
[2026-04-03T06:19:29.783+0000] {spark_submit.py:579} INFO - numExecutors            null
[2026-04-03T06:19:29.783+0000] {spark_submit.py:579} INFO - files                   null
[2026-04-03T06:19:29.784+0000] {spark_submit.py:579} INFO - pyFiles                 null
[2026-04-03T06:19:29.784+0000] {spark_submit.py:579} INFO - archives                null
[2026-04-03T06:19:29.784+0000] {spark_submit.py:579} INFO - mainClass               null
[2026-04-03T06:19:29.784+0000] {spark_submit.py:579} INFO - primaryResource         file:/opt/bitnami/spark/scripts/process_data.py
[2026-04-03T06:19:29.784+0000] {spark_submit.py:579} INFO - name                    sensor_elt_job
[2026-04-03T06:19:29.785+0000] {spark_submit.py:579} INFO - childArgs               []
[2026-04-03T06:19:29.785+0000] {spark_submit.py:579} INFO - jars                    file:/opt/bitnami/spark/extra-jars/postgresql-42.7.2.jar
[2026-04-03T06:19:29.785+0000] {spark_submit.py:579} INFO - packages                null
[2026-04-03T06:19:29.786+0000] {spark_submit.py:579} INFO - packagesExclusions      null
[2026-04-03T06:19:29.786+0000] {spark_submit.py:579} INFO - repositories            null
[2026-04-03T06:19:29.786+0000] {spark_submit.py:579} INFO - verbose                 true
[2026-04-03T06:19:29.786+0000] {spark_submit.py:579} INFO - 
[2026-04-03T06:19:29.787+0000] {spark_submit.py:579} INFO - Spark properties used, including those specified through
[2026-04-03T06:19:29.787+0000] {spark_submit.py:579} INFO - --conf and those from the properties file null:
[2026-04-03T06:19:29.788+0000] {spark_submit.py:579} INFO - (spark.driver.extraClassPath,/opt/bitnami/spark/extra-jars/postgresql-42.7.2.jar)
[2026-04-03T06:19:29.788+0000] {spark_submit.py:579} INFO - (spark.executor.extraClassPath,/opt/bitnami/spark/extra-jars/postgresql-42.7.2.jar)
[2026-04-03T06:19:29.788+0000] {spark_submit.py:579} INFO - 
[2026-04-03T06:19:29.788+0000] {spark_submit.py:579} INFO - 
[2026-04-03T06:19:30.256+0000] {spark_submit.py:579} INFO - 26/04/03 06:19:30 WARN NativeCodeLoader: Unable to load native-hadoop library for your platform... using builtin-java classes where applicable
[2026-04-03T06:19:30.511+0000] {spark_submit.py:579} INFO - Main class:
[2026-04-03T06:19:30.512+0000] {spark_submit.py:579} INFO - org.apache.spark.deploy.PythonRunner
[2026-04-03T06:19:30.513+0000] {spark_submit.py:579} INFO - Arguments:
[2026-04-03T06:19:30.513+0000] {spark_submit.py:579} INFO - file:/opt/bitnami/spark/scripts/process_data.py
[2026-04-03T06:19:30.514+0000] {spark_submit.py:579} INFO - null
[2026-04-03T06:19:30.515+0000] {spark_submit.py:579} INFO - Spark config:
[2026-04-03T06:19:30.516+0000] {spark_submit.py:579} INFO - (spark.app.name,sensor_elt_job)
[2026-04-03T06:19:30.516+0000] {spark_submit.py:579} INFO - (spark.app.submitTime,1775197170454)
[2026-04-03T06:19:30.516+0000] {spark_submit.py:579} INFO - (spark.driver.extraClassPath,/opt/bitnami/spark/extra-jars/postgresql-42.7.2.jar)
[2026-04-03T06:19:30.516+0000] {spark_submit.py:579} INFO - (spark.executor.extraClassPath,/opt/bitnami/spark/extra-jars/postgresql-42.7.2.jar)
[2026-04-03T06:19:30.517+0000] {spark_submit.py:579} INFO - (spark.jars,file:/opt/bitnami/spark/extra-jars/postgresql-42.7.2.jar)
[2026-04-03T06:19:30.517+0000] {spark_submit.py:579} INFO - (spark.master,spark://spark-master:7077)
[2026-04-03T06:19:30.517+0000] {spark_submit.py:579} INFO - (spark.repl.local.jars,file:/opt/bitnami/spark/extra-jars/postgresql-42.7.2.jar)
[2026-04-03T06:19:30.517+0000] {spark_submit.py:579} INFO - (spark.submit.deployMode,client)
[2026-04-03T06:19:30.518+0000] {spark_submit.py:579} INFO - (spark.submit.pyFiles,)
[2026-04-03T06:19:30.518+0000] {spark_submit.py:579} INFO - Classpath elements:
[2026-04-03T06:19:30.518+0000] {spark_submit.py:579} INFO - file:/opt/bitnami/spark/extra-jars/postgresql-42.7.2.jar
[2026-04-03T06:19:30.518+0000] {spark_submit.py:579} INFO - 
[2026-04-03T06:19:30.519+0000] {spark_submit.py:579} INFO - 
[2026-04-03T06:19:30.536+0000] {spark_submit.py:579} INFO - Using Spark's default log4j profile: org/apache/spark/log4j2-defaults.properties
[2026-04-03T06:19:30.538+0000] {spark_submit.py:579} INFO - 26/04/03 06:19:30 WARN DependencyUtils: Local jar /opt/bitnami/spark/extra-jars/postgresql-42.7.2.jar does not exist, skipping.
[2026-04-03T06:19:30.738+0000] {spark_submit.py:579} INFO - python3: can't open file '/opt/bitnami/spark/scripts/process_data.py': [Errno 2] No such file or directory
[2026-04-03T06:19:30.862+0000] {taskinstance.py:3313} ERROR - Task failed with exception
Traceback (most recent call last):
  File "/home/airflow/.local/lib/python3.12/site-packages/airflow/models/taskinstance.py", line 768, in _execute_task
    result = _execute_callable(context=context, **execute_callable_kwargs)
             ^^^^^^^^^^^^^^^^^^^^^^^^^^^^^^^^^^^^^^^^^^^^^^^^^^^^^^^^^^^^^
  File "/home/airflow/.local/lib/python3.12/site-packages/airflow/models/taskinstance.py", line 734, in _execute_callable
    return ExecutionCallableRunner(
           ^^^^^^^^^^^^^^^^^^^^^^^^
  File "/home/airflow/.local/lib/python3.12/site-packages/airflow/utils/operator_helpers.py", line 252, in run
    return self.func(*args, **kwargs)
           ^^^^^^^^^^^^^^^^^^^^^^^^^^
  File "/home/airflow/.local/lib/python3.12/site-packages/airflow/models/baseoperator.py", line 424, in wrapper
    return func(self, *args, **kwargs)
           ^^^^^^^^^^^^^^^^^^^^^^^^^^^
  File "/home/airflow/.local/lib/python3.12/site-packages/airflow/providers/apache/spark/operators/spark_submit.py", line 174, in execute
    self._hook.submit(self.application)
  File "/home/airflow/.local/lib/python3.12/site-packages/airflow/providers/apache/spark/hooks/spark_submit.py", line 505, in submit
    raise AirflowException(
airflow.exceptions.AirflowException: Cannot execute: spark-submit --master spark://spark-master:7077 --conf spark.driver.extraClassPath=/opt/bitnami/spark/extra-jars/postgresql-42.7.2.jar --conf spark.executor.extraClassPath=/opt/bitnami/spark/extra-jars/postgresql-42.7.2.jar --driver-class-path /opt/bitnami/spark/extra-jars/postgresql-42.7.2.jar --jars /opt/bitnami/spark/extra-jars/postgresql-42.7.2.jar --name sensor_elt_job --verbose --deploy-mode client /opt/bitnami/spark/scripts/process_data.py. Error code is: 2.
[2026-04-03T06:19:30.869+0000] {taskinstance.py:1226} INFO - Marking task as FAILED. dag_id=02_industrial_sensor_elt, task_id=run_sensor_elt, run_id=manual__2026-04-03T05:59:01.915977+00:00, execution_date=20260403T055901, start_date=20260403T061926, end_date=20260403T061930
[2026-04-03T06:19:30.945+0000] {taskinstance.py:341} INFO - ::group::Post task execution logs
[2026-04-03T06:19:30.946+0000] {standard_task_runner.py:124} ERROR - Failed to execute job 5 for task run_sensor_elt (Cannot execute: spark-submit --master spark://spark-master:7077 --conf spark.driver.extraClassPath=/opt/bitnami/spark/extra-jars/postgresql-42.7.2.jar --conf spark.executor.extraClassPath=/opt/bitnami/spark/extra-jars/postgresql-42.7.2.jar --driver-class-path /opt/bitnami/spark/extra-jars/postgresql-42.7.2.jar --jars /opt/bitnami/spark/extra-jars/postgresql-42.7.2.jar --name sensor_elt_job --verbose --deploy-mode client /opt/bitnami/spark/scripts/process_data.py. Error code is: 2.; 1070)
Traceback (most recent call last):
  File "/home/airflow/.local/lib/python3.12/site-packages/airflow/task/task_runner/standard_task_runner.py", line 117, in _start_by_fork
    ret = args.func(args, dag=self.dag)
          ^^^^^^^^^^^^^^^^^^^^^^^^^^^^^
  File "/home/airflow/.local/lib/python3.12/site-packages/airflow/cli/cli_config.py", line 49, in command
    return func(*args, **kwargs)
           ^^^^^^^^^^^^^^^^^^^^^
  File "/home/airflow/.local/lib/python3.12/site-packages/airflow/utils/cli.py", line 116, in wrapper
    return f(*args, **kwargs)
           ^^^^^^^^^^^^^^^^^^
  File "/home/airflow/.local/lib/python3.12/site-packages/airflow/cli/commands/task_command.py", line 483, in task_run
    task_return_code = _run_task_by_selected_method(args, _dag, ti)
                       ^^^^^^^^^^^^^^^^^^^^^^^^^^^^^^^^^^^^^^^^^^^^
  File "/home/airflow/.local/lib/python3.12/site-packages/airflow/cli/commands/task_command.py", line 256, in _run_task_by_selected_method
    return _run_raw_task(args, ti)
           ^^^^^^^^^^^^^^^^^^^^^^^
  File "/home/airflow/.local/lib/python3.12/site-packages/airflow/cli/commands/task_command.py", line 341, in _run_raw_task
    return ti._run_raw_task(
           ^^^^^^^^^^^^^^^^^
  File "/home/airflow/.local/lib/python3.12/site-packages/airflow/utils/session.py", line 97, in wrapper
    return func(*args, session=session, **kwargs)
           ^^^^^^^^^^^^^^^^^^^^^^^^^^^^^^^^^^^^^^
  File "/home/airflow/.local/lib/python3.12/site-packages/airflow/models/taskinstance.py", line 3006, in _run_raw_task
    return _run_raw_task(
           ^^^^^^^^^^^^^^
  File "/home/airflow/.local/lib/python3.12/site-packages/airflow/models/taskinstance.py", line 274, in _run_raw_task
    TaskInstance._execute_task_with_callbacks(
  File "/home/airflow/.local/lib/python3.12/site-packages/airflow/models/taskinstance.py", line 3161, in _execute_task_with_callbacks
    result = self._execute_task(context, task_orig)
             ^^^^^^^^^^^^^^^^^^^^^^^^^^^^^^^^^^^^^^
  File "/home/airflow/.local/lib/python3.12/site-packages/airflow/models/taskinstance.py", line 3185, in _execute_task
    return _execute_task(self, context, task_orig)
           ^^^^^^^^^^^^^^^^^^^^^^^^^^^^^^^^^^^^^^^
  File "/home/airflow/.local/lib/python3.12/site-packages/airflow/models/taskinstance.py", line 768, in _execute_task
    result = _execute_callable(context=context, **execute_callable_kwargs)
             ^^^^^^^^^^^^^^^^^^^^^^^^^^^^^^^^^^^^^^^^^^^^^^^^^^^^^^^^^^^^^
  File "/home/airflow/.local/lib/python3.12/site-packages/airflow/models/taskinstance.py", line 734, in _execute_callable
    return ExecutionCallableRunner(
           ^^^^^^^^^^^^^^^^^^^^^^^^
  File "/home/airflow/.local/lib/python3.12/site-packages/airflow/utils/operator_helpers.py", line 252, in run
    return self.func(*args, **kwargs)
           ^^^^^^^^^^^^^^^^^^^^^^^^^^
  File "/home/airflow/.local/lib/python3.12/site-packages/airflow/models/baseoperator.py", line 424, in wrapper
    return func(self, *args, **kwargs)
           ^^^^^^^^^^^^^^^^^^^^^^^^^^^
  File "/home/airflow/.local/lib/python3.12/site-packages/airflow/providers/apache/spark/operators/spark_submit.py", line 174, in execute
    self._hook.submit(self.application)
  File "/home/airflow/.local/lib/python3.12/site-packages/airflow/providers/apache/spark/hooks/spark_submit.py", line 505, in submit
    raise AirflowException(
airflow.exceptions.AirflowException: Cannot execute: spark-submit --master spark://spark-master:7077 --conf spark.driver.extraClassPath=/opt/bitnami/spark/extra-jars/postgresql-42.7.2.jar --conf spark.executor.extraClassPath=/opt/bitnami/spark/extra-jars/postgresql-42.7.2.jar --driver-class-path /opt/bitnami/spark/extra-jars/postgresql-42.7.2.jar --jars /opt/bitnami/spark/extra-jars/postgresql-42.7.2.jar --name sensor_elt_job --verbose --deploy-mode client /opt/bitnami/spark/scripts/process_data.py. Error code is: 2.
[2026-04-03T06:19:30.978+0000] {local_task_job_runner.py:266} INFO - Task exited with return code 1
[2026-04-03T06:19:31.023+0000] {taskinstance.py:3901} INFO - 0 downstream tasks scheduled from follow-on schedule check
[2026-04-03T06:19:31.028+0000] {local_task_job_runner.py:245} INFO - ::endgroup::
