[2026-04-03T08:04:45.972+0000] {local_task_job_runner.py:123} INFO - ::group::Pre task execution logs
[2026-04-03T08:04:46.021+0000] {taskinstance.py:2614} INFO - Dependencies all met for dep_context=non-requeueable deps ti=<TaskInstance: 02_industrial_sensor_elt.run_sensor_elt manual__2026-04-03T07:49:33.294184+00:00 [queued]>
[2026-04-03T08:04:46.041+0000] {taskinstance.py:2614} INFO - Dependencies all met for dep_context=requeueable deps ti=<TaskInstance: 02_industrial_sensor_elt.run_sensor_elt manual__2026-04-03T07:49:33.294184+00:00 [queued]>
[2026-04-03T08:04:46.042+0000] {taskinstance.py:2867} INFO - Starting attempt 4 of 5
[2026-04-03T08:04:46.077+0000] {taskinstance.py:2890} INFO - Executing <Task(SparkSubmitOperator): run_sensor_elt> on 2026-04-03 07:49:33.294184+00:00
[2026-04-03T08:04:46.099+0000] {standard_task_runner.py:104} INFO - Running: ['***', 'tasks', 'run', '02_industrial_sensor_elt', 'run_sensor_elt', 'manual__2026-04-03T07:49:33.294184+00:00', '--job-id', '7', '--raw', '--subdir', 'DAGS_FOLDER/dag_datalab_main.py', '--cfg-path', '/tmp/tmpc8gxxj0t']
[2026-04-03T08:04:46.104+0000] {standard_task_runner.py:105} INFO - Job 7: Subtask run_sensor_elt
[2026-04-03T08:04:46.108+0000] {logging_mixin.py:190} WARNING - /home/***/.local/lib/python3.12/site-packages/***/task/task_runner/standard_task_runner.py:70 DeprecationWarning: This process (pid=1787) is multi-threaded, use of fork() may lead to deadlocks in the child.
[2026-04-03T08:04:46.109+0000] {standard_task_runner.py:72} INFO - Started process 1788 to run task
[2026-04-03T08:04:46.241+0000] {task_command.py:467} INFO - Running <TaskInstance: 02_industrial_sensor_elt.run_sensor_elt manual__2026-04-03T07:49:33.294184+00:00 [running]> on host fc8b7795bdf4
[2026-04-03T08:04:46.476+0000] {taskinstance.py:3134} INFO - Exporting env vars: AIRFLOW_CTX_DAG_OWNER='juan_pablo' AIRFLOW_CTX_DAG_ID='02_industrial_sensor_elt' AIRFLOW_CTX_TASK_ID='run_sensor_elt' AIRFLOW_CTX_EXECUTION_DATE='2026-04-03T07:49:33.294184+00:00' AIRFLOW_CTX_TRY_NUMBER='4' AIRFLOW_CTX_DAG_RUN_ID='manual__2026-04-03T07:49:33.294184+00:00'
[2026-04-03T08:04:46.477+0000] {taskinstance.py:732} INFO - ::endgroup::
[2026-04-03T08:04:46.539+0000] {base.py:84} INFO - Retrieving connection 'spark_new'
[2026-04-03T08:04:46.542+0000] {spark_submit.py:403} INFO - Spark-Submit cmd: /opt/spark_dist/bin/spark-submit --master spark://spark-master:7077 --conf spark.driver.extraClassPath=/opt/***/plugins/postgresql-42.7.2.jar --conf spark.executor.extraClassPath=/opt/bitnami/spark/extra-jars/postgresql-42.7.2.jar --conf spark.driver.host=***_scheduler --conf spark.driver.bindAddress=0.0.0.0 --conf spark.sql.shuffle.partitions=2 --conf spark.default.parallelism=2 --conf spark.driver.extraJavaOptions=-Dderby.system.home=/tmp --jars /opt/***/plugins/postgresql-42.7.2.jar --name sensor_elt_job --verbose --deploy-mode client /opt/***/scripts/process_data.py
[2026-04-03T08:04:47.209+0000] {spark_submit.py:579} INFO - WARNING: Using incubator modules: jdk.incubator.vector
[2026-04-03T08:04:49.220+0000] {spark_submit.py:579} INFO - Using properties file: /opt/spark_dist/conf/spark-defaults.conf
[2026-04-03T08:04:49.860+0000] {spark_submit.py:579} INFO - Parsed arguments:
[2026-04-03T08:04:49.861+0000] {spark_submit.py:579} INFO - master                  spark://spark-master:7077
[2026-04-03T08:04:49.861+0000] {spark_submit.py:579} INFO - remote                  null
[2026-04-03T08:04:49.862+0000] {spark_submit.py:579} INFO - deployMode              client
[2026-04-03T08:04:49.862+0000] {spark_submit.py:579} INFO - executorMemory          null
[2026-04-03T08:04:49.862+0000] {spark_submit.py:579} INFO - executorCores           null
[2026-04-03T08:04:49.863+0000] {spark_submit.py:579} INFO - totalExecutorCores      null
[2026-04-03T08:04:49.863+0000] {spark_submit.py:579} INFO - propertiesFile          null
[2026-04-03T08:04:49.863+0000] {spark_submit.py:579} INFO - driverMemory            null
[2026-04-03T08:04:49.863+0000] {spark_submit.py:579} INFO - driverCores             null
[2026-04-03T08:04:49.864+0000] {spark_submit.py:579} INFO - driverExtraClassPath    /opt/***/plugins/postgresql-42.7.2.jar
[2026-04-03T08:04:49.864+0000] {spark_submit.py:579} INFO - driverExtraLibraryPath  null
[2026-04-03T08:04:49.864+0000] {spark_submit.py:579} INFO - driverExtraJavaOptions  -Dderby.system.home=/tmp
[2026-04-03T08:04:49.865+0000] {spark_submit.py:579} INFO - supervise               false
[2026-04-03T08:04:49.865+0000] {spark_submit.py:579} INFO - queue                   null
[2026-04-03T08:04:49.865+0000] {spark_submit.py:579} INFO - numExecutors            null
[2026-04-03T08:04:49.865+0000] {spark_submit.py:579} INFO - files                   null
[2026-04-03T08:04:49.866+0000] {spark_submit.py:579} INFO - pyFiles                 null
[2026-04-03T08:04:49.866+0000] {spark_submit.py:579} INFO - archives                null
[2026-04-03T08:04:49.866+0000] {spark_submit.py:579} INFO - mainClass               null
[2026-04-03T08:04:49.866+0000] {spark_submit.py:579} INFO - primaryResource         file:/opt/***/scripts/process_data.py
[2026-04-03T08:04:49.867+0000] {spark_submit.py:579} INFO - name                    sensor_elt_job
[2026-04-03T08:04:49.867+0000] {spark_submit.py:579} INFO - childArgs               []
[2026-04-03T08:04:49.867+0000] {spark_submit.py:579} INFO - jars                    file:/opt/***/plugins/postgresql-42.7.2.jar
[2026-04-03T08:04:49.868+0000] {spark_submit.py:579} INFO - packages                null
[2026-04-03T08:04:49.868+0000] {spark_submit.py:579} INFO - packagesExclusions      null
[2026-04-03T08:04:49.868+0000] {spark_submit.py:579} INFO - repositories            null
[2026-04-03T08:04:49.869+0000] {spark_submit.py:579} INFO - verbose                 true
[2026-04-03T08:04:49.869+0000] {spark_submit.py:579} INFO - 
[2026-04-03T08:04:49.869+0000] {spark_submit.py:579} INFO - Spark properties used, including those specified through
[2026-04-03T08:04:49.869+0000] {spark_submit.py:579} INFO - --conf and those from the properties file null:
[2026-04-03T08:04:49.869+0000] {spark_submit.py:579} INFO - (spark.default.parallelism,2)
[2026-04-03T08:04:49.870+0000] {spark_submit.py:579} INFO - (spark.driver.bindAddress,0.0.0.0)
[2026-04-03T08:04:49.870+0000] {spark_submit.py:579} INFO - (spark.driver.extraClassPath,/opt/***/plugins/postgresql-42.7.2.jar)
[2026-04-03T08:04:49.870+0000] {spark_submit.py:579} INFO - (spark.driver.extraJavaOptions,-Dderby.system.home=/tmp)
[2026-04-03T08:04:49.871+0000] {spark_submit.py:579} INFO - (spark.driver.host,***_scheduler)
[2026-04-03T08:04:49.871+0000] {spark_submit.py:579} INFO - (spark.executor.extraClassPath,/opt/bitnami/spark/extra-jars/postgresql-42.7.2.jar)
[2026-04-03T08:04:49.871+0000] {spark_submit.py:579} INFO - (spark.sql.shuffle.partitions,2)
[2026-04-03T08:04:49.871+0000] {spark_submit.py:579} INFO - 
[2026-04-03T08:04:49.872+0000] {spark_submit.py:579} INFO - 
[2026-04-03T08:04:50.479+0000] {spark_submit.py:579} INFO - 26/04/03 08:04:50 WARN NativeCodeLoader: Unable to load native-hadoop library for your platform... using builtin-java classes where applicable
[2026-04-03T08:04:50.831+0000] {spark_submit.py:579} INFO - Main class:
[2026-04-03T08:04:50.832+0000] {spark_submit.py:579} INFO - org.apache.spark.deploy.PythonRunner
[2026-04-03T08:04:50.833+0000] {spark_submit.py:579} INFO - Arguments:
[2026-04-03T08:04:50.833+0000] {spark_submit.py:579} INFO - file:/opt/***/scripts/process_data.py
[2026-04-03T08:04:50.834+0000] {spark_submit.py:579} INFO - null
[2026-04-03T08:04:50.836+0000] {spark_submit.py:579} INFO - Spark config:
[2026-04-03T08:04:50.837+0000] {spark_submit.py:579} INFO - (spark.app.name,sensor_elt_job)
[2026-04-03T08:04:50.838+0000] {spark_submit.py:579} INFO - (spark.app.submitTime,1775203490755)
[2026-04-03T08:04:50.838+0000] {spark_submit.py:579} INFO - (spark.default.parallelism,2)
[2026-04-03T08:04:50.838+0000] {spark_submit.py:579} INFO - (spark.driver.bindAddress,0.0.0.0)
[2026-04-03T08:04:50.838+0000] {spark_submit.py:579} INFO - (spark.driver.extraClassPath,/opt/***/plugins/postgresql-42.7.2.jar)
[2026-04-03T08:04:50.839+0000] {spark_submit.py:579} INFO - (spark.driver.extraJavaOptions,-Dderby.system.home=/tmp)
[2026-04-03T08:04:50.839+0000] {spark_submit.py:579} INFO - (spark.driver.host,***_scheduler)
[2026-04-03T08:04:50.840+0000] {spark_submit.py:579} INFO - (spark.executor.extraClassPath,/opt/bitnami/spark/extra-jars/postgresql-42.7.2.jar)
[2026-04-03T08:04:50.840+0000] {spark_submit.py:579} INFO - (spark.jars,file:///opt/***/plugins/postgresql-42.7.2.jar)
[2026-04-03T08:04:50.840+0000] {spark_submit.py:579} INFO - (spark.master,spark://spark-master:7077)
[2026-04-03T08:04:50.841+0000] {spark_submit.py:579} INFO - (spark.repl.local.jars,file:///opt/***/plugins/postgresql-42.7.2.jar)
[2026-04-03T08:04:50.841+0000] {spark_submit.py:579} INFO - (spark.sql.shuffle.partitions,2)
[2026-04-03T08:04:50.842+0000] {spark_submit.py:579} INFO - (spark.submit.deployMode,client)
[2026-04-03T08:04:50.842+0000] {spark_submit.py:579} INFO - (spark.submit.pyFiles,)
[2026-04-03T08:04:50.843+0000] {spark_submit.py:579} INFO - Classpath elements:
[2026-04-03T08:04:50.843+0000] {spark_submit.py:579} INFO - file:///opt/***/plugins/postgresql-42.7.2.jar
[2026-04-03T08:04:50.843+0000] {spark_submit.py:579} INFO - 
[2026-04-03T08:04:50.844+0000] {spark_submit.py:579} INFO - 
[2026-04-03T08:04:52.391+0000] {spark_submit.py:579} INFO - Using Spark's default log4j profile: org/apache/spark/log4j2-defaults.properties
[2026-04-03T08:04:52.400+0000] {spark_submit.py:579} INFO - 26/04/03 08:04:52 INFO SparkContext: Running Spark version 4.1.1
[2026-04-03T08:04:52.402+0000] {spark_submit.py:579} INFO - 26/04/03 08:04:52 INFO SparkContext: OS info Linux, 6.18.13-200.fc43.x86_64, amd64
[2026-04-03T08:04:52.403+0000] {spark_submit.py:579} INFO - 26/04/03 08:04:52 INFO SparkContext: Java version 17.0.18+8-Debian-1deb12u1
[2026-04-03T08:04:52.470+0000] {spark_submit.py:579} INFO - 26/04/03 08:04:52 INFO ResourceUtils: ==============================================================
[2026-04-03T08:04:52.471+0000] {spark_submit.py:579} INFO - 26/04/03 08:04:52 INFO ResourceUtils: No custom resources configured for spark.driver.
[2026-04-03T08:04:52.471+0000] {spark_submit.py:579} INFO - 26/04/03 08:04:52 INFO ResourceUtils: ==============================================================
[2026-04-03T08:04:52.473+0000] {spark_submit.py:579} INFO - 26/04/03 08:04:52 INFO SparkContext: Submitted application: Industrial-ELT-Pipeline
[2026-04-03T08:04:52.607+0000] {spark_submit.py:579} INFO - 26/04/03 08:04:52 INFO SecurityManager: Changing view acls to: default
[2026-04-03T08:04:52.608+0000] {spark_submit.py:579} INFO - 26/04/03 08:04:52 INFO SecurityManager: Changing modify acls to: default
[2026-04-03T08:04:52.609+0000] {spark_submit.py:579} INFO - 26/04/03 08:04:52 INFO SecurityManager: Changing view acls groups to: default
[2026-04-03T08:04:52.609+0000] {spark_submit.py:579} INFO - 26/04/03 08:04:52 INFO SecurityManager: Changing modify acls groups to: default
[2026-04-03T08:04:52.611+0000] {spark_submit.py:579} INFO - 26/04/03 08:04:52 INFO SecurityManager: SecurityManager: authentication disabled; ui acls disabled; users with view permissions: default groups with view permissions: EMPTY; users with modify permissions: default; groups with modify permissions: EMPTY; RPC SSL disabled
[2026-04-03T08:04:53.096+0000] {spark_submit.py:579} INFO - 26/04/03 08:04:53 INFO Utils: Successfully started service 'sparkDriver' on port 43251.
[2026-04-03T08:04:53.146+0000] {spark_submit.py:579} INFO - 26/04/03 08:04:53 INFO SparkEnv: Registering MapOutputTracker
[2026-04-03T08:04:53.173+0000] {spark_submit.py:579} INFO - 26/04/03 08:04:53 INFO SparkEnv: Registering BlockManagerMaster
[2026-04-03T08:04:53.203+0000] {spark_submit.py:579} INFO - 26/04/03 08:04:53 INFO BlockManagerMasterEndpoint: Using org.apache.spark.storage.DefaultTopologyMapper for getting topology information
[2026-04-03T08:04:53.204+0000] {spark_submit.py:579} INFO - 26/04/03 08:04:53 INFO BlockManagerMasterEndpoint: BlockManagerMasterEndpoint up
[2026-04-03T08:04:53.209+0000] {spark_submit.py:579} INFO - 26/04/03 08:04:53 INFO SparkEnv: Registering BlockManagerMasterHeartbeat
[2026-04-03T08:04:53.264+0000] {spark_submit.py:579} INFO - 26/04/03 08:04:53 INFO DiskBlockManager: Created local directory at /tmp/blockmgr-16d233b7-c28e-4e66-ab3b-440115d6dd5c
[2026-04-03T08:04:53.307+0000] {spark_submit.py:579} INFO - 26/04/03 08:04:53 INFO SparkEnv: Registering OutputCommitCoordinator
[2026-04-03T08:04:53.598+0000] {spark_submit.py:579} INFO - 26/04/03 08:04:53 INFO JettyUtils: Start Jetty 0.0.0.0:4040 for SparkUI
[2026-04-03T08:04:53.776+0000] {spark_submit.py:579} INFO - 26/04/03 08:04:53 INFO Utils: Successfully started service 'SparkUI' on port 4040.
[2026-04-03T08:04:53.856+0000] {spark_submit.py:579} INFO - 26/04/03 08:04:53 ERROR SparkContext: Failed to add /opt/bitnami/spark/extra-jars/postgresql-42.7.2.jar to Spark environment
[2026-04-03T08:04:53.857+0000] {spark_submit.py:579} INFO - java.io.FileNotFoundException: Jar /opt/bitnami/spark/extra-jars/postgresql-42.7.2.jar not found
[2026-04-03T08:04:53.857+0000] {spark_submit.py:579} INFO - at org.apache.spark.SparkContext.addLocalJarFile$1(SparkContext.scala:2185)
[2026-04-03T08:04:53.858+0000] {spark_submit.py:579} INFO - at org.apache.spark.SparkContext.addJar(SparkContext.scala:2241)
[2026-04-03T08:04:53.858+0000] {spark_submit.py:579} INFO - at org.apache.spark.SparkContext.$anonfun$new$16(SparkContext.scala:544)
[2026-04-03T08:04:53.858+0000] {spark_submit.py:579} INFO - at org.apache.spark.SparkContext.$anonfun$new$16$adapted(SparkContext.scala:544)
[2026-04-03T08:04:53.859+0000] {spark_submit.py:579} INFO - at scala.collection.IterableOnceOps.foreach(IterableOnce.scala:630)
[2026-04-03T08:04:53.859+0000] {spark_submit.py:579} INFO - at scala.collection.IterableOnceOps.foreach$(IterableOnce.scala:628)
[2026-04-03T08:04:53.860+0000] {spark_submit.py:579} INFO - at scala.collection.AbstractIterable.foreach(Iterable.scala:936)
[2026-04-03T08:04:53.860+0000] {spark_submit.py:579} INFO - at org.apache.spark.SparkContext.<init>(SparkContext.scala:544)
[2026-04-03T08:04:53.860+0000] {spark_submit.py:579} INFO - at org.apache.spark.api.java.JavaSparkContext.<init>(JavaSparkContext.scala:59)
[2026-04-03T08:04:53.861+0000] {spark_submit.py:579} INFO - at java.base/jdk.internal.reflect.NativeConstructorAccessorImpl.newInstance0(Native Method)
[2026-04-03T08:04:53.861+0000] {spark_submit.py:579} INFO - at java.base/jdk.internal.reflect.NativeConstructorAccessorImpl.newInstance(NativeConstructorAccessorImpl.java:77)
[2026-04-03T08:04:53.861+0000] {spark_submit.py:579} INFO - at java.base/jdk.internal.reflect.DelegatingConstructorAccessorImpl.newInstance(DelegatingConstructorAccessorImpl.java:45)
[2026-04-03T08:04:53.862+0000] {spark_submit.py:579} INFO - at java.base/java.lang.reflect.Constructor.newInstanceWithCaller(Constructor.java:500)
[2026-04-03T08:04:53.862+0000] {spark_submit.py:579} INFO - at java.base/java.lang.reflect.Constructor.newInstance(Constructor.java:481)
[2026-04-03T08:04:53.863+0000] {spark_submit.py:579} INFO - at py4j.reflection.MethodInvoker.invoke(MethodInvoker.java:247)
[2026-04-03T08:04:53.863+0000] {spark_submit.py:579} INFO - at py4j.reflection.ReflectionEngine.invoke(ReflectionEngine.java:374)
[2026-04-03T08:04:53.864+0000] {spark_submit.py:579} INFO - at py4j.Gateway.invoke(Gateway.java:238)
[2026-04-03T08:04:53.864+0000] {spark_submit.py:579} INFO - at py4j.commands.ConstructorCommand.invokeConstructor(ConstructorCommand.java:80)
[2026-04-03T08:04:53.865+0000] {spark_submit.py:579} INFO - at py4j.commands.ConstructorCommand.execute(ConstructorCommand.java:69)
[2026-04-03T08:04:53.865+0000] {spark_submit.py:579} INFO - at py4j.ClientServerConnection.waitForCommands(ClientServerConnection.java:184)
[2026-04-03T08:04:53.865+0000] {spark_submit.py:579} INFO - at py4j.ClientServerConnection.run(ClientServerConnection.java:108)
[2026-04-03T08:04:53.866+0000] {spark_submit.py:579} INFO - at java.base/java.lang.Thread.run(Thread.java:840)
[2026-04-03T08:04:53.910+0000] {spark_submit.py:579} INFO - 26/04/03 08:04:53 INFO ResourceProfile: Default ResourceProfile created, executor resources: Map(memory -> name: memory, amount: 1024, script: , vendor: , offHeap -> name: offHeap, amount: 0, script: , vendor: ), task resources: Map(cpus -> name: cpus, amount: 1.0)
[2026-04-03T08:04:53.914+0000] {spark_submit.py:579} INFO - 26/04/03 08:04:53 INFO ResourceProfile: Limiting resource is cpu
[2026-04-03T08:04:53.916+0000] {spark_submit.py:579} INFO - 26/04/03 08:04:53 INFO ResourceProfileManager: Added ResourceProfile id: 0
[2026-04-03T08:04:53.942+0000] {spark_submit.py:579} INFO - 26/04/03 08:04:53 INFO SecurityManager: Changing view acls to: default
[2026-04-03T08:04:53.943+0000] {spark_submit.py:579} INFO - 26/04/03 08:04:53 INFO SecurityManager: Changing modify acls to: default
[2026-04-03T08:04:53.944+0000] {spark_submit.py:579} INFO - 26/04/03 08:04:53 INFO SecurityManager: Changing view acls groups to: default
[2026-04-03T08:04:53.944+0000] {spark_submit.py:579} INFO - 26/04/03 08:04:53 INFO SecurityManager: Changing modify acls groups to: default
[2026-04-03T08:04:53.944+0000] {spark_submit.py:579} INFO - 26/04/03 08:04:53 INFO SecurityManager: SecurityManager: authentication disabled; ui acls disabled; users with view permissions: default groups with view permissions: EMPTY; users with modify permissions: default; groups with modify permissions: EMPTY; RPC SSL disabled
[2026-04-03T08:04:54.215+0000] {spark_submit.py:579} INFO - 26/04/03 08:04:54 INFO StandaloneAppClient$ClientEndpoint: Connecting to master spark://spark-master:7077...
[2026-04-03T08:04:54.344+0000] {spark_submit.py:579} INFO - 26/04/03 08:04:54 INFO TransportClientFactory: Successfully created connection to spark-master/172.20.0.4:7077 after 71 ms (0 ms spent in bootstraps)
[2026-04-03T08:04:54.626+0000] {spark_submit.py:579} INFO - 26/04/03 08:04:54 INFO StandaloneSchedulerBackend: Connected to Spark cluster with app ID app-20260403080454-0006
[2026-04-03T08:04:54.644+0000] {spark_submit.py:579} INFO - 26/04/03 08:04:54 INFO Utils: Successfully started service 'org.apache.spark.network.netty.NettyBlockTransferService' on port 44371.
[2026-04-03T08:04:54.644+0000] {spark_submit.py:579} INFO - 26/04/03 08:04:54 INFO NettyBlockTransferService: Server created on ***_scheduler 0.0.0.0:44371
[2026-04-03T08:04:54.648+0000] {spark_submit.py:579} INFO - 26/04/03 08:04:54 INFO BlockManager: Using org.apache.spark.storage.RandomBlockReplicationPolicy for block replication policy
[2026-04-03T08:04:54.687+0000] {spark_submit.py:579} INFO - 26/04/03 08:04:54 INFO BlockManagerMaster: Registering BlockManager BlockManagerId(driver, ***_scheduler, 44371, None)
[2026-04-03T08:04:54.697+0000] {spark_submit.py:579} INFO - 26/04/03 08:04:54 INFO BlockManagerMasterEndpoint: Registering block manager ***_scheduler:44371 with 434.4 MiB RAM, BlockManagerId(driver, ***_scheduler, 44371, None)
[2026-04-03T08:04:54.705+0000] {spark_submit.py:579} INFO - 26/04/03 08:04:54 INFO BlockManagerMaster: Registered BlockManager BlockManagerId(driver, ***_scheduler, 44371, None)
[2026-04-03T08:04:54.707+0000] {spark_submit.py:579} INFO - 26/04/03 08:04:54 INFO BlockManager: Initialized BlockManager: BlockManagerId(driver, ***_scheduler, 44371, None)
[2026-04-03T08:04:54.992+0000] {spark_submit.py:579} INFO - 26/04/03 08:04:54 INFO StandaloneSchedulerBackend: SchedulerBackend is ready for scheduling beginning after reached minRegisteredResourcesRatio: 0.0
[2026-04-03T08:04:59.862+0000] {spark_submit.py:579} INFO - 26/04/03 08:04:59 INFO SharedState: Setting hive.metastore.warehouse.dir ('null') to the value of spark.sql.warehouse.dir.
[2026-04-03T08:04:59.869+0000] {spark_submit.py:579} INFO - 26/04/03 08:04:59 INFO SharedState: Warehouse path is 'file:/opt/***/spark-warehouse'.
[2026-04-03T08:05:01.138+0000] {spark_submit.py:579} INFO - 26/04/03 08:05:01 WARN FileStreamSink: Assume no metadata directory. Error while looking for metadata directory in the path: /data/raw/sensors/*.json.
[2026-04-03T08:05:01.139+0000] {spark_submit.py:579} INFO - java.io.FileNotFoundException: File /data/raw/sensors/*.json does not exist
[2026-04-03T08:05:01.139+0000] {spark_submit.py:579} INFO - at org.apache.hadoop.fs.RawLocalFileSystem.deprecatedGetFileStatus(RawLocalFileSystem.java:980)
[2026-04-03T08:05:01.140+0000] {spark_submit.py:579} INFO - at org.apache.hadoop.fs.RawLocalFileSystem.getFileLinkStatusInternal(RawLocalFileSystem.java:1301)
[2026-04-03T08:05:01.140+0000] {spark_submit.py:579} INFO - at org.apache.hadoop.fs.RawLocalFileSystem.getFileStatus(RawLocalFileSystem.java:970)
[2026-04-03T08:05:01.141+0000] {spark_submit.py:579} INFO - at org.apache.hadoop.fs.FilterFileSystem.getFileStatus(FilterFileSystem.java:462)
[2026-04-03T08:05:01.141+0000] {spark_submit.py:579} INFO - at org.apache.spark.sql.execution.streaming.sinks.FileStreamSink$.hasMetadata(FileStreamSink.scala:58)
[2026-04-03T08:05:01.141+0000] {spark_submit.py:579} INFO - at org.apache.spark.sql.execution.datasources.DataSource.resolveRelation(DataSource.scala:384)
[2026-04-03T08:05:01.141+0000] {spark_submit.py:579} INFO - at org.apache.spark.sql.catalyst.analysis.ResolveDataSource.org$apache$spark$sql$catalyst$analysis$ResolveDataSource$$loadV1BatchSource(ResolveDataSource.scala:143)
[2026-04-03T08:05:01.142+0000] {spark_submit.py:579} INFO - at org.apache.spark.sql.catalyst.analysis.ResolveDataSource$$anonfun$apply$1.$anonfun$applyOrElse$2(ResolveDataSource.scala:61)
[2026-04-03T08:05:01.142+0000] {spark_submit.py:579} INFO - at scala.Option.getOrElse(Option.scala:201)
[2026-04-03T08:05:01.142+0000] {spark_submit.py:579} INFO - at org.apache.spark.sql.catalyst.analysis.ResolveDataSource$$anonfun$apply$1.applyOrElse(ResolveDataSource.scala:61)
[2026-04-03T08:05:01.143+0000] {spark_submit.py:579} INFO - at org.apache.spark.sql.catalyst.analysis.ResolveDataSource$$anonfun$apply$1.applyOrElse(ResolveDataSource.scala:45)
[2026-04-03T08:05:01.143+0000] {spark_submit.py:579} INFO - at org.apache.spark.sql.catalyst.plans.logical.AnalysisHelper.$anonfun$resolveOperatorsUpWithPruning$3(AnalysisHelper.scala:139)
[2026-04-03T08:05:01.143+0000] {spark_submit.py:579} INFO - at org.apache.spark.sql.catalyst.trees.CurrentOrigin$.withOrigin(origin.scala:107)
[2026-04-03T08:05:01.144+0000] {spark_submit.py:579} INFO - at org.apache.spark.sql.catalyst.plans.logical.AnalysisHelper.$anonfun$resolveOperatorsUpWithPruning$1(AnalysisHelper.scala:139)
[2026-04-03T08:05:01.144+0000] {spark_submit.py:579} INFO - at org.apache.spark.sql.catalyst.plans.logical.AnalysisHelper$.allowInvokingTransformsInAnalyzer(AnalysisHelper.scala:416)
[2026-04-03T08:05:01.145+0000] {spark_submit.py:579} INFO - at org.apache.spark.sql.catalyst.plans.logical.AnalysisHelper.resolveOperatorsUpWithPruning(AnalysisHelper.scala:135)
[2026-04-03T08:05:01.145+0000] {spark_submit.py:579} INFO - at org.apache.spark.sql.catalyst.plans.logical.AnalysisHelper.resolveOperatorsUpWithPruning$(AnalysisHelper.scala:131)
[2026-04-03T08:05:01.146+0000] {spark_submit.py:579} INFO - at org.apache.spark.sql.catalyst.plans.logical.LogicalPlan.resolveOperatorsUpWithPruning(LogicalPlan.scala:37)
[2026-04-03T08:05:01.146+0000] {spark_submit.py:579} INFO - at org.apache.spark.sql.catalyst.plans.logical.AnalysisHelper.resolveOperatorsUp(AnalysisHelper.scala:112)
[2026-04-03T08:05:01.147+0000] {spark_submit.py:579} INFO - at org.apache.spark.sql.catalyst.plans.logical.AnalysisHelper.resolveOperatorsUp$(AnalysisHelper.scala:111)
[2026-04-03T08:05:01.147+0000] {spark_submit.py:579} INFO - at org.apache.spark.sql.catalyst.plans.logical.LogicalPlan.resolveOperatorsUp(LogicalPlan.scala:37)
[2026-04-03T08:05:01.148+0000] {spark_submit.py:579} INFO - at org.apache.spark.sql.catalyst.analysis.ResolveDataSource.apply(ResolveDataSource.scala:45)
[2026-04-03T08:05:01.148+0000] {spark_submit.py:579} INFO - at org.apache.spark.sql.catalyst.analysis.ResolveDataSource.apply(ResolveDataSource.scala:43)
[2026-04-03T08:05:01.148+0000] {spark_submit.py:579} INFO - at org.apache.spark.sql.catalyst.rules.RuleExecutor.$anonfun$execute$2(RuleExecutor.scala:248)
[2026-04-03T08:05:01.149+0000] {spark_submit.py:579} INFO - at scala.collection.LinearSeqOps.foldLeft(LinearSeq.scala:183)
[2026-04-03T08:05:01.149+0000] {spark_submit.py:579} INFO - at scala.collection.LinearSeqOps.foldLeft$(LinearSeq.scala:179)
[2026-04-03T08:05:01.149+0000] {spark_submit.py:579} INFO - at scala.collection.immutable.List.foldLeft(List.scala:79)
[2026-04-03T08:05:01.150+0000] {spark_submit.py:579} INFO - at org.apache.spark.sql.catalyst.rules.RuleExecutor.$anonfun$execute$1(RuleExecutor.scala:245)
[2026-04-03T08:05:01.150+0000] {spark_submit.py:579} INFO - at org.apache.spark.sql.catalyst.rules.RuleExecutor.$anonfun$execute$1$adapted(RuleExecutor.scala:237)
[2026-04-03T08:05:01.151+0000] {spark_submit.py:579} INFO - at scala.collection.immutable.List.foreach(List.scala:323)
[2026-04-03T08:05:01.151+0000] {spark_submit.py:579} INFO - at org.apache.spark.sql.catalyst.rules.RuleExecutor.execute(RuleExecutor.scala:237)
[2026-04-03T08:05:01.152+0000] {spark_submit.py:579} INFO - at org.apache.spark.sql.catalyst.analysis.Analyzer.org$apache$spark$sql$catalyst$analysis$Analyzer$$executeSameContext(Analyzer.scala:343)
[2026-04-03T08:05:01.152+0000] {spark_submit.py:579} INFO - at org.apache.spark.sql.catalyst.analysis.Analyzer.$anonfun$execute$1(Analyzer.scala:339)
[2026-04-03T08:05:01.153+0000] {spark_submit.py:579} INFO - at org.apache.spark.sql.catalyst.analysis.AnalysisContext$.withNewAnalysisContext(Analyzer.scala:224)
[2026-04-03T08:05:01.153+0000] {spark_submit.py:579} INFO - at org.apache.spark.sql.catalyst.analysis.Analyzer.execute(Analyzer.scala:339)
[2026-04-03T08:05:01.154+0000] {spark_submit.py:579} INFO - at org.apache.spark.sql.catalyst.analysis.Analyzer.execute(Analyzer.scala:289)
[2026-04-03T08:05:01.154+0000] {spark_submit.py:579} INFO - at org.apache.spark.sql.catalyst.rules.RuleExecutor.$anonfun$executeAndTrack$1(RuleExecutor.scala:207)
[2026-04-03T08:05:01.155+0000] {spark_submit.py:579} INFO - at org.apache.spark.sql.catalyst.QueryPlanningTracker$.withTracker(QueryPlanningTracker.scala:89)
[2026-04-03T08:05:01.155+0000] {spark_submit.py:579} INFO - at org.apache.spark.sql.catalyst.rules.RuleExecutor.executeAndTrack(RuleExecutor.scala:207)
[2026-04-03T08:05:01.155+0000] {spark_submit.py:579} INFO - at org.apache.spark.sql.catalyst.analysis.resolver.HybridAnalyzer.resolveInFixedPoint(HybridAnalyzer.scala:236)
[2026-04-03T08:05:01.156+0000] {spark_submit.py:579} INFO - at org.apache.spark.sql.catalyst.analysis.resolver.HybridAnalyzer.$anonfun$apply$1(HybridAnalyzer.scala:91)
[2026-04-03T08:05:01.156+0000] {spark_submit.py:579} INFO - at org.apache.spark.sql.catalyst.analysis.resolver.HybridAnalyzer.withTrackedAnalyzerBridgeState(HybridAnalyzer.scala:122)
[2026-04-03T08:05:01.156+0000] {spark_submit.py:579} INFO - at org.apache.spark.sql.catalyst.analysis.resolver.HybridAnalyzer.apply(HybridAnalyzer.scala:84)
[2026-04-03T08:05:01.157+0000] {spark_submit.py:579} INFO - at org.apache.spark.sql.catalyst.analysis.Analyzer.$anonfun$executeAndCheck$1(Analyzer.scala:322)
[2026-04-03T08:05:01.157+0000] {spark_submit.py:579} INFO - at org.apache.spark.sql.catalyst.plans.logical.AnalysisHelper$.markInAnalyzer(AnalysisHelper.scala:423)
[2026-04-03T08:05:01.157+0000] {spark_submit.py:579} INFO - at org.apache.spark.sql.catalyst.analysis.Analyzer.executeAndCheck(Analyzer.scala:322)
[2026-04-03T08:05:01.158+0000] {spark_submit.py:579} INFO - at org.apache.spark.sql.execution.QueryExecution.$anonfun$lazyAnalyzed$2(QueryExecution.scala:139)
[2026-04-03T08:05:01.158+0000] {spark_submit.py:579} INFO - at org.apache.spark.sql.catalyst.QueryPlanningTracker.measurePhase(QueryPlanningTracker.scala:148)
[2026-04-03T08:05:01.158+0000] {spark_submit.py:579} INFO - at org.apache.spark.sql.execution.QueryExecution.$anonfun$executePhase$2(QueryExecution.scala:330)
[2026-04-03T08:05:01.158+0000] {spark_submit.py:579} INFO - at org.apache.spark.sql.execution.QueryExecution$.withInternalError(QueryExecution.scala:717)
[2026-04-03T08:05:01.159+0000] {spark_submit.py:579} INFO - at org.apache.spark.sql.execution.QueryExecution.$anonfun$executePhase$1(QueryExecution.scala:330)
[2026-04-03T08:05:01.159+0000] {spark_submit.py:579} INFO - at org.apache.spark.sql.SparkSession.withActive(SparkSession.scala:804)
[2026-04-03T08:05:01.160+0000] {spark_submit.py:579} INFO - at org.apache.spark.sql.execution.QueryExecution.executePhase(QueryExecution.scala:329)
[2026-04-03T08:05:01.160+0000] {spark_submit.py:579} INFO - at org.apache.spark.sql.execution.QueryExecution.$anonfun$lazyAnalyzed$1(QueryExecution.scala:139)
[2026-04-03T08:05:01.160+0000] {spark_submit.py:579} INFO - at scala.util.Try$.apply(Try.scala:217)
[2026-04-03T08:05:01.161+0000] {spark_submit.py:579} INFO - at org.apache.spark.util.Utils$.doTryWithCallerStacktrace(Utils.scala:1392)
[2026-04-03T08:05:01.161+0000] {spark_submit.py:579} INFO - at org.apache.spark.util.LazyTry.tryT$lzycompute(LazyTry.scala:46)
[2026-04-03T08:05:01.162+0000] {spark_submit.py:579} INFO - at org.apache.spark.util.LazyTry.tryT(LazyTry.scala:46)
[2026-04-03T08:05:01.162+0000] {spark_submit.py:579} INFO - at org.apache.spark.util.LazyTry.get(LazyTry.scala:58)
[2026-04-03T08:05:01.163+0000] {spark_submit.py:579} INFO - at org.apache.spark.sql.execution.QueryExecution.analyzed(QueryExecution.scala:150)
[2026-04-03T08:05:01.163+0000] {spark_submit.py:579} INFO - at org.apache.spark.sql.execution.QueryExecution.assertAnalyzed(QueryExecution.scala:90)
[2026-04-03T08:05:01.163+0000] {spark_submit.py:579} INFO - at org.apache.spark.sql.classic.Dataset$.$anonfun$ofRows$1(Dataset.scala:114)
[2026-04-03T08:05:01.164+0000] {spark_submit.py:579} INFO - at org.apache.spark.sql.SparkSession.withActive(SparkSession.scala:804)
[2026-04-03T08:05:01.164+0000] {spark_submit.py:579} INFO - at org.apache.spark.sql.classic.Dataset$.ofRows(Dataset.scala:112)
[2026-04-03T08:05:01.165+0000] {spark_submit.py:579} INFO - at org.apache.spark.sql.classic.DataFrameReader.load(DataFrameReader.scala:108)
[2026-04-03T08:05:01.165+0000] {spark_submit.py:579} INFO - at org.apache.spark.sql.classic.DataFrameReader.load(DataFrameReader.scala:57)
[2026-04-03T08:05:01.165+0000] {spark_submit.py:579} INFO - at org.apache.spark.sql.DataFrameReader.json(DataFrameReader.scala:296)
[2026-04-03T08:05:01.166+0000] {spark_submit.py:579} INFO - at org.apache.spark.sql.classic.DataFrameReader.json(DataFrameReader.scala:149)
[2026-04-03T08:05:01.166+0000] {spark_submit.py:579} INFO - at java.base/jdk.internal.reflect.NativeMethodAccessorImpl.invoke0(Native Method)
[2026-04-03T08:05:01.166+0000] {spark_submit.py:579} INFO - at java.base/jdk.internal.reflect.NativeMethodAccessorImpl.invoke(NativeMethodAccessorImpl.java:77)
[2026-04-03T08:05:01.167+0000] {spark_submit.py:579} INFO - at java.base/jdk.internal.reflect.DelegatingMethodAccessorImpl.invoke(DelegatingMethodAccessorImpl.java:43)
[2026-04-03T08:05:01.167+0000] {spark_submit.py:579} INFO - at java.base/java.lang.reflect.Method.invoke(Method.java:569)
[2026-04-03T08:05:01.168+0000] {spark_submit.py:579} INFO - at py4j.reflection.MethodInvoker.invoke(MethodInvoker.java:244)
[2026-04-03T08:05:01.168+0000] {spark_submit.py:579} INFO - at py4j.reflection.ReflectionEngine.invoke(ReflectionEngine.java:374)
[2026-04-03T08:05:01.169+0000] {spark_submit.py:579} INFO - at py4j.Gateway.invoke(Gateway.java:282)
[2026-04-03T08:05:01.169+0000] {spark_submit.py:579} INFO - at py4j.commands.AbstractCommand.invokeMethod(AbstractCommand.java:132)
[2026-04-03T08:05:01.170+0000] {spark_submit.py:579} INFO - at py4j.commands.CallCommand.execute(CallCommand.java:79)
[2026-04-03T08:05:01.170+0000] {spark_submit.py:579} INFO - at py4j.ClientServerConnection.waitForCommands(ClientServerConnection.java:184)
[2026-04-03T08:05:01.170+0000] {spark_submit.py:579} INFO - at py4j.ClientServerConnection.run(ClientServerConnection.java:108)
[2026-04-03T08:05:01.170+0000] {spark_submit.py:579} INFO - at java.base/java.lang.Thread.run(Thread.java:840)
[2026-04-03T08:05:01.258+0000] {spark_submit.py:579} INFO - 26/04/03 08:05:01 INFO HadoopFSUtils: Listing leaf files and directories in parallel under50 paths. The first several paths are: file:/data/raw/sensors/log_00562d.json, file:/data/raw/sensors/log_0170c3.json, file:/data/raw/sensors/log_028779.json, file:/data/raw/sensors/log_0394c3.json, file:/data/raw/sensors/log_16ba56.json, file:/data/raw/sensors/log_1f5f24.json, file:/data/raw/sensors/log_213236.json, file:/data/raw/sensors/log_25cef9.json, file:/data/raw/sensors/log_2b3ddf.json, file:/data/raw/sensors/log_32bc05.json.
[2026-04-03T08:05:01.399+0000] {local_task_job_runner.py:346} WARNING - State of this instance has been externally set to skipped. Terminating instance.
[2026-04-03T08:05:01.400+0000] {local_task_job_runner.py:245} INFO - ::endgroup::
[2026-04-03T08:05:01.406+0000] {process_utils.py:132} INFO - Sending 15 to group 1788. PIDs of all processes in the group: [1790, 1864, 1788]
[2026-04-03T08:05:01.406+0000] {process_utils.py:87} INFO - Sending the signal 15 to group 1788
[2026-04-03T08:05:01.407+0000] {taskinstance.py:3094} ERROR - Received SIGTERM. Terminating subprocesses.
[2026-04-03T08:05:01.416+0000] {taskinstance.py:3095} ERROR - Stacktrace: 
  File "/home/***/.local/bin/***", line 8, in <module>
    sys.exit(main())
  File "/home/***/.local/lib/python3.12/site-packages/***/__main__.py", line 62, in main
    args.func(args)
  File "/home/***/.local/lib/python3.12/site-packages/***/cli/cli_config.py", line 49, in command
    return func(*args, **kwargs)
  File "/home/***/.local/lib/python3.12/site-packages/***/utils/cli.py", line 116, in wrapper
    return f(*args, **kwargs)
  File "/home/***/.local/lib/python3.12/site-packages/***/utils/providers_configuration_loader.py", line 55, in wrapped_function
    return func(*args, **kwargs)
  File "/home/***/.local/lib/python3.12/site-packages/***/cli/commands/scheduler_command.py", line 56, in scheduler
    run_command_with_daemon_option(
  File "/home/***/.local/lib/python3.12/site-packages/***/cli/commands/daemon_utils.py", line 86, in run_command_with_daemon_option
    callback()
  File "/home/***/.local/lib/python3.12/site-packages/***/cli/commands/scheduler_command.py", line 59, in <lambda>
    callback=lambda: _run_scheduler_job(args),
  File "/home/***/.local/lib/python3.12/site-packages/***/cli/commands/scheduler_command.py", line 47, in _run_scheduler_job
    run_job(job=job_runner.job, execute_callable=job_runner._execute)
  File "/home/***/.local/lib/python3.12/site-packages/***/utils/session.py", line 97, in wrapper
    return func(*args, session=session, **kwargs)
  File "/home/***/.local/lib/python3.12/site-packages/***/jobs/job.py", line 421, in run_job
    return execute_job(job, execute_callable=execute_callable)
  File "/home/***/.local/lib/python3.12/site-packages/***/jobs/job.py", line 450, in execute_job
    ret = execute_callable()
  File "/home/***/.local/lib/python3.12/site-packages/***/jobs/scheduler_job_runner.py", line 990, in _execute
    executor.start()
  File "/home/***/.local/lib/python3.12/site-packages/***/executors/local_executor.py", line 392, in start
    self.impl.start()
  File "/home/***/.local/lib/python3.12/site-packages/***/executors/local_executor.py", line 330, in start
    worker.start()
  File "/usr/local/lib/python3.12/multiprocessing/process.py", line 121, in start
    self._popen = self._Popen(self)
  File "/usr/local/lib/python3.12/multiprocessing/context.py", line 224, in _Popen
    return _default_context.get_context().Process._Popen(process_obj)
  File "/usr/local/lib/python3.12/multiprocessing/context.py", line 282, in _Popen
    return Popen(process_obj)
  File "/usr/local/lib/python3.12/multiprocessing/popen_fork.py", line 19, in __init__
    self._launch(process_obj)
  File "/usr/local/lib/python3.12/multiprocessing/popen_fork.py", line 71, in _launch
    code = process_obj._bootstrap(parent_sentinel=child_r)
  File "/usr/local/lib/python3.12/multiprocessing/process.py", line 314, in _bootstrap
    self.run()
  File "/home/***/.local/lib/python3.12/site-packages/***/executors/local_executor.py", line 80, in run
    return super().run()
  File "/usr/local/lib/python3.12/multiprocessing/process.py", line 108, in run
    self._target(*self._args, **self._kwargs)
  File "/home/***/.local/lib/python3.12/site-packages/***/traces/tracer.py", line 58, in wrapper
    return func(*args, **kwargs)
  File "/home/***/.local/lib/python3.12/site-packages/***/executors/local_executor.py", line 211, in do_work
    self.execute_work(key=key, command=command)
  File "/home/***/.local/lib/python3.12/site-packages/***/traces/tracer.py", line 58, in wrapper
    return func(*args, **kwargs)
  File "/home/***/.local/lib/python3.12/site-packages/***/executors/local_executor.py", line 100, in execute_work
    state = self._execute_work_in_fork(command)
  File "/home/***/.local/lib/python3.12/site-packages/***/traces/tracer.py", line 58, in wrapper
    return func(*args, **kwargs)
  File "/home/***/.local/lib/python3.12/site-packages/***/executors/local_executor.py", line 142, in _execute_work_in_fork
    args.func(args)
  File "/home/***/.local/lib/python3.12/site-packages/***/cli/cli_config.py", line 49, in command
    return func(*args, **kwargs)
  File "/home/***/.local/lib/python3.12/site-packages/***/utils/cli.py", line 116, in wrapper
    return f(*args, **kwargs)
  File "/home/***/.local/lib/python3.12/site-packages/***/cli/commands/task_command.py", line 483, in task_run
    task_return_code = _run_task_by_selected_method(args, _dag, ti)
  File "/home/***/.local/lib/python3.12/site-packages/***/cli/commands/task_command.py", line 254, in _run_task_by_selected_method
    return _run_task_by_local_task_job(args, ti)
  File "/home/***/.local/lib/python3.12/site-packages/***/cli/commands/task_command.py", line 322, in _run_task_by_local_task_job
    ret = run_job(job=job_runner.job, execute_callable=job_runner._execute)
  File "/home/***/.local/lib/python3.12/site-packages/***/utils/session.py", line 97, in wrapper
    return func(*args, session=session, **kwargs)
  File "/home/***/.local/lib/python3.12/site-packages/***/jobs/job.py", line 421, in run_job
    return execute_job(job, execute_callable=execute_callable)
  File "/home/***/.local/lib/python3.12/site-packages/***/jobs/job.py", line 450, in execute_job
    ret = execute_callable()
  File "/home/***/.local/lib/python3.12/site-packages/***/jobs/local_task_job_runner.py", line 171, in _execute
    self.task_runner.start()
  File "/home/***/.local/lib/python3.12/site-packages/***/task/task_runner/standard_task_runner.py", line 55, in start
    self.process = self._start_by_fork()
  File "/home/***/.local/lib/python3.12/site-packages/***/task/task_runner/standard_task_runner.py", line 117, in _start_by_fork
    ret = args.func(args, dag=self.dag)
  File "/home/***/.local/lib/python3.12/site-packages/***/cli/cli_config.py", line 49, in command
    return func(*args, **kwargs)
  File "/home/***/.local/lib/python3.12/site-packages/***/utils/cli.py", line 116, in wrapper
    return f(*args, **kwargs)
  File "/home/***/.local/lib/python3.12/site-packages/***/cli/commands/task_command.py", line 483, in task_run
    task_return_code = _run_task_by_selected_method(args, _dag, ti)
  File "/home/***/.local/lib/python3.12/site-packages/***/cli/commands/task_command.py", line 256, in _run_task_by_selected_method
    return _run_raw_task(args, ti)
  File "/home/***/.local/lib/python3.12/site-packages/***/cli/commands/task_command.py", line 341, in _run_raw_task
    return ti._run_raw_task(
  File "/home/***/.local/lib/python3.12/site-packages/***/utils/session.py", line 97, in wrapper
    return func(*args, session=session, **kwargs)
  File "/home/***/.local/lib/python3.12/site-packages/***/models/taskinstance.py", line 3006, in _run_raw_task
    return _run_raw_task(
  File "/home/***/.local/lib/python3.12/site-packages/***/models/taskinstance.py", line 274, in _run_raw_task
    TaskInstance._execute_task_with_callbacks(
  File "/home/***/.local/lib/python3.12/site-packages/***/models/taskinstance.py", line 3161, in _execute_task_with_callbacks
    result = self._execute_task(context, task_orig)
  File "/home/***/.local/lib/python3.12/site-packages/***/models/taskinstance.py", line 3185, in _execute_task
    return _execute_task(self, context, task_orig)
  File "/home/***/.local/lib/python3.12/site-packages/***/models/taskinstance.py", line 768, in _execute_task
    result = _execute_callable(context=context, **execute_callable_kwargs)
  File "/home/***/.local/lib/python3.12/site-packages/***/models/taskinstance.py", line 734, in _execute_callable
    return ExecutionCallableRunner(
  File "/home/***/.local/lib/python3.12/site-packages/***/utils/operator_helpers.py", line 252, in run
    return self.func(*args, **kwargs)
  File "/home/***/.local/lib/python3.12/site-packages/***/models/baseoperator.py", line 424, in wrapper
    return func(self, *args, **kwargs)
  File "/home/***/.local/lib/python3.12/site-packages/***/providers/apache/spark/operators/spark_submit.py", line 174, in execute
    self._hook.submit(self.application)
  File "/home/***/.local/lib/python3.12/site-packages/***/providers/apache/spark/hooks/spark_submit.py", line 493, in submit
    self._process_spark_submit_log(iter(self._submit_sp.stdout))  # type: ignore
  File "/home/***/.local/lib/python3.12/site-packages/***/providers/apache/spark/hooks/spark_submit.py", line 542, in _process_spark_submit_log
    for line in itr:
  File "/home/***/.local/lib/python3.12/site-packages/***/models/taskinstance.py", line 3095, in signal_handler
    self.log.error("Stacktrace: \n%s", "".join(traceback.format_stack()))

[2026-04-03T08:05:01.421+0000] {spark_submit.py:705} INFO - Sending kill signal to /opt/spark_dist/bin/spark-submit
[2026-04-03T08:05:01.527+0000] {taskinstance.py:341} INFO - ::group::Post task execution logs
[2026-04-03T08:05:01.580+0000] {process_utils.py:80} INFO - Process psutil.Process(pid=1788, status='terminated', exitcode=0, started='08:04:45') (1788) terminated with exit code 0
[2026-04-03T08:05:01.581+0000] {process_utils.py:80} INFO - Process psutil.Process(pid=1864, status='terminated', started='08:04:50') (1864) terminated with exit code None
[2026-04-03T08:05:01.582+0000] {process_utils.py:80} INFO - Process psutil.Process(pid=1790, status='terminated', started='08:04:46') (1790) terminated with exit code None
