[2026-04-03T03:17:27.909+0000] {taskinstance.py:1157} INFO - Dependencies all met for dep_context=non-requeueable deps ti=<TaskInstance: 02_industrial_sensor_elt.run_sensor_elt manual__2026-04-03T03:15:24.810544+00:00 [queued]>
[2026-04-03T03:17:27.923+0000] {taskinstance.py:1157} INFO - Dependencies all met for dep_context=requeueable deps ti=<TaskInstance: 02_industrial_sensor_elt.run_sensor_elt manual__2026-04-03T03:15:24.810544+00:00 [queued]>
[2026-04-03T03:17:27.924+0000] {taskinstance.py:1359} INFO - Starting attempt 2 of 2
[2026-04-03T03:17:27.949+0000] {taskinstance.py:1380} INFO - Executing <Task(SparkSubmitOperator): run_sensor_elt> on 2026-04-03 03:15:24.810544+00:00
[2026-04-03T03:17:27.963+0000] {standard_task_runner.py:57} INFO - Started process 271 to run task
[2026-04-03T03:17:27.967+0000] {standard_task_runner.py:84} INFO - Running: ['***', 'tasks', 'run', '02_industrial_sensor_elt', 'run_sensor_elt', 'manual__2026-04-03T03:15:24.810544+00:00', '--job-id', '4', '--raw', '--subdir', 'DAGS_FOLDER/dag_datalab_main.py', '--cfg-path', '/tmp/tmpbw4wp96u']
[2026-04-03T03:17:27.971+0000] {standard_task_runner.py:85} INFO - Job 4: Subtask run_sensor_elt
[2026-04-03T03:17:28.053+0000] {task_command.py:415} INFO - Running <TaskInstance: 02_industrial_sensor_elt.run_sensor_elt manual__2026-04-03T03:15:24.810544+00:00 [running]> on host 8e6b814a9db4
[2026-04-03T03:17:28.194+0000] {taskinstance.py:1660} INFO - Exporting env vars: AIRFLOW_CTX_DAG_OWNER='juan_pablo' AIRFLOW_CTX_DAG_ID='02_industrial_sensor_elt' AIRFLOW_CTX_TASK_ID='run_sensor_elt' AIRFLOW_CTX_EXECUTION_DATE='2026-04-03T03:15:24.810544+00:00' AIRFLOW_CTX_TRY_NUMBER='2' AIRFLOW_CTX_DAG_RUN_ID='manual__2026-04-03T03:15:24.810544+00:00'
[2026-04-03T03:17:28.211+0000] {base.py:73} INFO - Using connection ID 'spark_default' for task execution.
[2026-04-03T03:17:28.212+0000] {taskinstance.py:1935} ERROR - Task failed with exception
Traceback (most recent call last):
  File "/home/airflow/.local/lib/python3.8/site-packages/airflow/providers/apache/spark/operators/spark_submit.py", line 155, in execute
    self._hook = self._get_hook()
  File "/home/airflow/.local/lib/python3.8/site-packages/airflow/providers/apache/spark/operators/spark_submit.py", line 164, in _get_hook
    return SparkSubmitHook(
  File "/home/airflow/.local/lib/python3.8/site-packages/airflow/providers/apache/spark/hooks/spark_submit.py", line 153, in __init__
    self._connection = self._resolve_connection()
  File "/home/airflow/.local/lib/python3.8/site-packages/airflow/providers/apache/spark/hooks/spark_submit.py", line 210, in _resolve_connection
    raise RuntimeError(
RuntimeError: The `spark-home` extra is not allowed any more. Please make sure one of ['spark-submit', 'spark2-submit', 'spark3-submit'] is available on the PATH, and set `spark-binary` if needed.
[2026-04-03T03:17:28.227+0000] {taskinstance.py:1398} INFO - Marking task as FAILED. dag_id=02_industrial_sensor_elt, task_id=run_sensor_elt, execution_date=20260403T031524, start_date=20260403T031727, end_date=20260403T031728
[2026-04-03T03:17:28.252+0000] {standard_task_runner.py:104} ERROR - Failed to execute job 4 for task run_sensor_elt (The `spark-home` extra is not allowed any more. Please make sure one of ['spark-submit', 'spark2-submit', 'spark3-submit'] is available on the PATH, and set `spark-binary` if needed.; 271)
[2026-04-03T03:17:28.300+0000] {local_task_job_runner.py:228} INFO - Task exited with return code 1
[2026-04-03T03:17:28.329+0000] {taskinstance.py:2776} INFO - 0 downstream tasks scheduled from follow-on schedule check
