[2026-04-03T03:15:26.295+0000] {taskinstance.py:1157} INFO - Dependencies all met for dep_context=non-requeueable deps ti=<TaskInstance: 02_industrial_sensor_elt.run_sensor_elt manual__2026-04-03T03:15:24.810544+00:00 [queued]>
[2026-04-03T03:15:26.313+0000] {taskinstance.py:1157} INFO - Dependencies all met for dep_context=requeueable deps ti=<TaskInstance: 02_industrial_sensor_elt.run_sensor_elt manual__2026-04-03T03:15:24.810544+00:00 [queued]>
[2026-04-03T03:15:26.313+0000] {taskinstance.py:1359} INFO - Starting attempt 1 of 2
[2026-04-03T03:15:26.341+0000] {taskinstance.py:1380} INFO - Executing <Task(SparkSubmitOperator): run_sensor_elt> on 2026-04-03 03:15:24.810544+00:00
[2026-04-03T03:15:26.355+0000] {standard_task_runner.py:57} INFO - Started process 229 to run task
[2026-04-03T03:15:26.360+0000] {standard_task_runner.py:84} INFO - Running: ['***', 'tasks', 'run', '02_industrial_sensor_elt', 'run_sensor_elt', 'manual__2026-04-03T03:15:24.810544+00:00', '--job-id', '3', '--raw', '--subdir', 'DAGS_FOLDER/dag_datalab_main.py', '--cfg-path', '/tmp/tmp69dfcip6']
[2026-04-03T03:15:26.365+0000] {standard_task_runner.py:85} INFO - Job 3: Subtask run_sensor_elt
[2026-04-03T03:15:26.453+0000] {task_command.py:415} INFO - Running <TaskInstance: 02_industrial_sensor_elt.run_sensor_elt manual__2026-04-03T03:15:24.810544+00:00 [running]> on host 8e6b814a9db4
[2026-04-03T03:15:26.606+0000] {taskinstance.py:1660} INFO - Exporting env vars: AIRFLOW_CTX_DAG_OWNER='juan_pablo' AIRFLOW_CTX_DAG_ID='02_industrial_sensor_elt' AIRFLOW_CTX_TASK_ID='run_sensor_elt' AIRFLOW_CTX_EXECUTION_DATE='2026-04-03T03:15:24.810544+00:00' AIRFLOW_CTX_TRY_NUMBER='1' AIRFLOW_CTX_DAG_RUN_ID='manual__2026-04-03T03:15:24.810544+00:00'
[2026-04-03T03:15:26.622+0000] {base.py:73} INFO - Using connection ID 'spark_default' for task execution.
[2026-04-03T03:15:26.623+0000] {taskinstance.py:1935} ERROR - Task failed with exception
Traceback (most recent call last):
  File "/home/airflow/.local/lib/python3.8/site-packages/airflow/providers/apache/spark/operators/spark_submit.py", line 155, in execute
    self._hook = self._get_hook()
  File "/home/airflow/.local/lib/python3.8/site-packages/airflow/providers/apache/spark/operators/spark_submit.py", line 164, in _get_hook
    return SparkSubmitHook(
  File "/home/airflow/.local/lib/python3.8/site-packages/airflow/providers/apache/spark/hooks/spark_submit.py", line 153, in __init__
    self._connection = self._resolve_connection()
  File "/home/airflow/.local/lib/python3.8/site-packages/airflow/providers/apache/spark/hooks/spark_submit.py", line 210, in _resolve_connection
    raise RuntimeError(
RuntimeError: The `spark-home` extra is not allowed any more. Please make sure one of ['spark-submit', 'spark2-submit', 'spark3-submit'] is available on the PATH, and set `spark-binary` if needed.
[2026-04-03T03:15:26.638+0000] {taskinstance.py:1398} INFO - Marking task as UP_FOR_RETRY. dag_id=02_industrial_sensor_elt, task_id=run_sensor_elt, execution_date=20260403T031524, start_date=20260403T031526, end_date=20260403T031526
[2026-04-03T03:15:26.661+0000] {standard_task_runner.py:104} ERROR - Failed to execute job 3 for task run_sensor_elt (The `spark-home` extra is not allowed any more. Please make sure one of ['spark-submit', 'spark2-submit', 'spark3-submit'] is available on the PATH, and set `spark-binary` if needed.; 229)
[2026-04-03T03:15:26.694+0000] {local_task_job_runner.py:228} INFO - Task exited with return code 1
[2026-04-03T03:15:26.721+0000] {taskinstance.py:2776} INFO - 0 downstream tasks scheduled from follow-on schedule check
