[2026-04-03T07:49:34.338+0000] {local_task_job_runner.py:123} INFO - ::group::Pre task execution logs
[2026-04-03T07:49:34.396+0000] {taskinstance.py:2614} INFO - Dependencies all met for dep_context=non-requeueable deps ti=<TaskInstance: 02_industrial_sensor_elt.run_sensor_elt __airflow_temporary_run_2026-04-03T07:46:31.347857+00:00__ [queued]>
[2026-04-03T07:49:34.418+0000] {taskinstance.py:2614} INFO - Dependencies all met for dep_context=requeueable deps ti=<TaskInstance: 02_industrial_sensor_elt.run_sensor_elt __airflow_temporary_run_2026-04-03T07:46:31.347857+00:00__ [queued]>
[2026-04-03T07:49:34.418+0000] {taskinstance.py:2867} INFO - Starting attempt 1 of 2
[2026-04-03T07:49:34.450+0000] {taskinstance.py:2890} INFO - Executing <Task(SparkSubmitOperator): run_sensor_elt> on 2026-04-03 00:00:00+00:00
[2026-04-03T07:49:34.471+0000] {standard_task_runner.py:104} INFO - Running: ['***', 'tasks', 'run', '02_industrial_sensor_elt', 'run_sensor_elt', '__***_temporary_run_2026-04-03T07:46:31.347857+00:00__', '--job-id', '3', '--raw', '--subdir', 'DAGS_FOLDER/dag_datalab_main.py', '--cfg-path', '/tmp/tmpka8dgief']
[2026-04-03T07:49:34.475+0000] {standard_task_runner.py:105} INFO - Job 3: Subtask run_sensor_elt
[2026-04-03T07:49:34.478+0000] {logging_mixin.py:190} WARNING - /home/***/.local/lib/python3.12/site-packages/***/task/task_runner/standard_task_runner.py:70 DeprecationWarning: This process (pid=544) is multi-threaded, use of fork() may lead to deadlocks in the child.
[2026-04-03T07:49:34.479+0000] {standard_task_runner.py:72} INFO - Started process 546 to run task
[2026-04-03T07:49:34.604+0000] {task_command.py:467} INFO - Running <TaskInstance: 02_industrial_sensor_elt.run_sensor_elt __airflow_temporary_run_2026-04-03T07:46:31.347857+00:00__ [running]> on host fc8b7795bdf4
[2026-04-03T07:49:34.829+0000] {taskinstance.py:3134} INFO - Exporting env vars: AIRFLOW_CTX_DAG_OWNER='juan_pablo' AIRFLOW_CTX_DAG_ID='02_industrial_sensor_elt' AIRFLOW_CTX_TASK_ID='run_sensor_elt' AIRFLOW_CTX_EXECUTION_DATE='2026-04-03T00:00:00+00:00' AIRFLOW_CTX_TRY_NUMBER='1' AIRFLOW_CTX_DAG_RUN_ID='__***_temporary_run_2026-04-03T07:46:31.347857+00:00__'
[2026-04-03T07:49:34.831+0000] {taskinstance.py:732} INFO - ::endgroup::
[2026-04-03T07:49:34.904+0000] {base.py:84} INFO - Retrieving connection 'spark_new'
[2026-04-03T07:49:34.908+0000] {spark_submit.py:403} INFO - Spark-Submit cmd: /opt/spark_dist/bin/spark-submit --master spark://spark-master:7077 --conf spark.driver.extraClassPath=/opt/***/plugins/postgresql-42.7.2.jar --conf spark.executor.extraClassPath=/opt/bitnami/spark/extra-jars/postgresql-42.7.2.jar --conf spark.driver.host=***_scheduler --conf spark.driver.bindAddress=0.0.0.0 --jars /opt/***/plugins/postgresql-42.7.2.jar --name sensor_elt_job --verbose --deploy-mode client /opt/***/scripts/process_data.py
[2026-04-03T07:49:35.638+0000] {spark_submit.py:579} INFO - WARNING: Using incubator modules: jdk.incubator.vector
[2026-04-03T07:49:38.130+0000] {spark_submit.py:579} INFO - Using properties file: /opt/spark_dist/conf/spark-defaults.conf
[2026-04-03T07:49:38.909+0000] {spark_submit.py:579} INFO - Parsed arguments:
[2026-04-03T07:49:38.910+0000] {spark_submit.py:579} INFO - master                  spark://spark-master:7077
[2026-04-03T07:49:38.910+0000] {spark_submit.py:579} INFO - remote                  null
[2026-04-03T07:49:38.911+0000] {spark_submit.py:579} INFO - deployMode              client
[2026-04-03T07:49:38.911+0000] {spark_submit.py:579} INFO - executorMemory          null
[2026-04-03T07:49:38.911+0000] {spark_submit.py:579} INFO - executorCores           null
[2026-04-03T07:49:38.912+0000] {spark_submit.py:579} INFO - totalExecutorCores      null
[2026-04-03T07:49:38.912+0000] {spark_submit.py:579} INFO - propertiesFile          null
[2026-04-03T07:49:38.912+0000] {spark_submit.py:579} INFO - driverMemory            null
[2026-04-03T07:49:38.913+0000] {spark_submit.py:579} INFO - driverCores             null
[2026-04-03T07:49:38.913+0000] {spark_submit.py:579} INFO - driverExtraClassPath    /opt/***/plugins/postgresql-42.7.2.jar
[2026-04-03T07:49:38.913+0000] {spark_submit.py:579} INFO - driverExtraLibraryPath  null
[2026-04-03T07:49:38.914+0000] {spark_submit.py:579} INFO - driverExtraJavaOptions  --add-exports java.base/sun.nio.ch=ALL-UNNAMED
[2026-04-03T07:49:38.914+0000] {spark_submit.py:579} INFO - supervise               false
[2026-04-03T07:49:38.914+0000] {spark_submit.py:579} INFO - queue                   null
[2026-04-03T07:49:38.915+0000] {spark_submit.py:579} INFO - numExecutors            null
[2026-04-03T07:49:38.915+0000] {spark_submit.py:579} INFO - files                   null
[2026-04-03T07:49:38.915+0000] {spark_submit.py:579} INFO - pyFiles                 null
[2026-04-03T07:49:38.915+0000] {spark_submit.py:579} INFO - archives                null
[2026-04-03T07:49:38.916+0000] {spark_submit.py:579} INFO - mainClass               null
[2026-04-03T07:49:38.916+0000] {spark_submit.py:579} INFO - primaryResource         file:/opt/***/scripts/process_data.py
[2026-04-03T07:49:38.916+0000] {spark_submit.py:579} INFO - name                    sensor_elt_job
[2026-04-03T07:49:38.917+0000] {spark_submit.py:579} INFO - childArgs               []
[2026-04-03T07:49:38.917+0000] {spark_submit.py:579} INFO - jars                    file:/opt/***/plugins/postgresql-42.7.2.jar
[2026-04-03T07:49:38.917+0000] {spark_submit.py:579} INFO - packages                null
[2026-04-03T07:49:38.917+0000] {spark_submit.py:579} INFO - packagesExclusions      null
[2026-04-03T07:49:38.918+0000] {spark_submit.py:579} INFO - repositories            null
[2026-04-03T07:49:38.918+0000] {spark_submit.py:579} INFO - verbose                 true
[2026-04-03T07:49:38.918+0000] {spark_submit.py:579} INFO - 
[2026-04-03T07:49:38.919+0000] {spark_submit.py:579} INFO - Spark properties used, including those specified through
[2026-04-03T07:49:38.919+0000] {spark_submit.py:579} INFO - --conf and those from the properties file null:
[2026-04-03T07:49:38.919+0000] {spark_submit.py:579} INFO - (spark.driver.bindAddress,0.0.0.0)
[2026-04-03T07:49:38.919+0000] {spark_submit.py:579} INFO - (spark.driver.extraClassPath,/opt/***/plugins/postgresql-42.7.2.jar)
[2026-04-03T07:49:38.920+0000] {spark_submit.py:579} INFO - (spark.driver.extraJavaOptions,--add-exports java.base/sun.nio.ch=ALL-UNNAMED)
[2026-04-03T07:49:38.920+0000] {spark_submit.py:579} INFO - (spark.driver.host,***_scheduler)
[2026-04-03T07:49:38.920+0000] {spark_submit.py:579} INFO - (spark.executor.extraClassPath,/opt/bitnami/spark/extra-jars/postgresql-42.7.2.jar)
[2026-04-03T07:49:38.921+0000] {spark_submit.py:579} INFO - 
[2026-04-03T07:49:38.922+0000] {spark_submit.py:579} INFO - 
[2026-04-03T07:49:39.535+0000] {spark_submit.py:579} INFO - 26/04/03 07:49:39 WARN NativeCodeLoader: Unable to load native-hadoop library for your platform... using builtin-java classes where applicable
[2026-04-03T07:49:39.858+0000] {spark_submit.py:579} INFO - Main class:
[2026-04-03T07:49:39.859+0000] {spark_submit.py:579} INFO - org.apache.spark.deploy.PythonRunner
[2026-04-03T07:49:39.860+0000] {spark_submit.py:579} INFO - Arguments:
[2026-04-03T07:49:39.860+0000] {spark_submit.py:579} INFO - file:/opt/***/scripts/process_data.py
[2026-04-03T07:49:39.861+0000] {spark_submit.py:579} INFO - null
[2026-04-03T07:49:39.861+0000] {spark_submit.py:579} INFO - Spark config:
[2026-04-03T07:49:39.862+0000] {spark_submit.py:579} INFO - (spark.app.name,sensor_elt_job)
[2026-04-03T07:49:39.862+0000] {spark_submit.py:579} INFO - (spark.app.submitTime,1775202579819)
[2026-04-03T07:49:39.862+0000] {spark_submit.py:579} INFO - (spark.driver.bindAddress,0.0.0.0)
[2026-04-03T07:49:39.863+0000] {spark_submit.py:579} INFO - (spark.driver.extraClassPath,/opt/***/plugins/postgresql-42.7.2.jar)
[2026-04-03T07:49:39.863+0000] {spark_submit.py:579} INFO - (spark.driver.extraJavaOptions,--add-exports java.base/sun.nio.ch=ALL-UNNAMED)
[2026-04-03T07:49:39.863+0000] {spark_submit.py:579} INFO - (spark.driver.host,***_scheduler)
[2026-04-03T07:49:39.864+0000] {spark_submit.py:579} INFO - (spark.executor.extraClassPath,/opt/bitnami/spark/extra-jars/postgresql-42.7.2.jar)
[2026-04-03T07:49:39.865+0000] {spark_submit.py:579} INFO - (spark.jars,file:///opt/***/plugins/postgresql-42.7.2.jar)
[2026-04-03T07:49:39.865+0000] {spark_submit.py:579} INFO - (spark.master,spark://spark-master:7077)
[2026-04-03T07:49:39.865+0000] {spark_submit.py:579} INFO - (spark.repl.local.jars,file:///opt/***/plugins/postgresql-42.7.2.jar)
[2026-04-03T07:49:39.866+0000] {spark_submit.py:579} INFO - (spark.submit.deployMode,client)
[2026-04-03T07:49:39.866+0000] {spark_submit.py:579} INFO - (spark.submit.pyFiles,)
[2026-04-03T07:49:39.866+0000] {spark_submit.py:579} INFO - Classpath elements:
[2026-04-03T07:49:39.867+0000] {spark_submit.py:579} INFO - file:///opt/***/plugins/postgresql-42.7.2.jar
[2026-04-03T07:49:39.867+0000] {spark_submit.py:579} INFO - 
[2026-04-03T07:49:39.867+0000] {spark_submit.py:579} INFO - 
[2026-04-03T07:49:41.434+0000] {spark_submit.py:579} INFO - Using Spark's default log4j profile: org/apache/spark/log4j2-defaults.properties
[2026-04-03T07:49:41.444+0000] {spark_submit.py:579} INFO - 26/04/03 07:49:41 INFO SparkContext: Running Spark version 4.1.1
[2026-04-03T07:49:41.447+0000] {spark_submit.py:579} INFO - 26/04/03 07:49:41 INFO SparkContext: OS info Linux, 6.18.13-200.fc43.x86_64, amd64
[2026-04-03T07:49:41.449+0000] {spark_submit.py:579} INFO - 26/04/03 07:49:41 INFO SparkContext: Java version 17.0.18+8-Debian-1deb12u1
[2026-04-03T07:49:41.509+0000] {spark_submit.py:579} INFO - 26/04/03 07:49:41 INFO ResourceUtils: ==============================================================
[2026-04-03T07:49:41.510+0000] {spark_submit.py:579} INFO - 26/04/03 07:49:41 INFO ResourceUtils: No custom resources configured for spark.driver.
[2026-04-03T07:49:41.511+0000] {spark_submit.py:579} INFO - 26/04/03 07:49:41 INFO ResourceUtils: ==============================================================
[2026-04-03T07:49:41.513+0000] {spark_submit.py:579} INFO - 26/04/03 07:49:41 INFO SparkContext: Submitted application: Industrial-ELT-Pipeline
[2026-04-03T07:49:41.636+0000] {spark_submit.py:579} INFO - 26/04/03 07:49:41 INFO SecurityManager: Changing view acls to: default
[2026-04-03T07:49:41.637+0000] {spark_submit.py:579} INFO - 26/04/03 07:49:41 INFO SecurityManager: Changing modify acls to: default
[2026-04-03T07:49:41.639+0000] {spark_submit.py:579} INFO - 26/04/03 07:49:41 INFO SecurityManager: Changing view acls groups to: default
[2026-04-03T07:49:41.640+0000] {spark_submit.py:579} INFO - 26/04/03 07:49:41 INFO SecurityManager: Changing modify acls groups to: default
[2026-04-03T07:49:41.642+0000] {spark_submit.py:579} INFO - 26/04/03 07:49:41 INFO SecurityManager: SecurityManager: authentication disabled; ui acls disabled; users with view permissions: default groups with view permissions: EMPTY; users with modify permissions: default; groups with modify permissions: EMPTY; RPC SSL disabled
[2026-04-03T07:49:42.206+0000] {spark_submit.py:579} INFO - 26/04/03 07:49:42 INFO Utils: Successfully started service 'sparkDriver' on port 34393.
[2026-04-03T07:49:42.269+0000] {spark_submit.py:579} INFO - 26/04/03 07:49:42 INFO SparkEnv: Registering MapOutputTracker
[2026-04-03T07:49:42.298+0000] {spark_submit.py:579} INFO - 26/04/03 07:49:42 INFO SparkEnv: Registering BlockManagerMaster
[2026-04-03T07:49:42.362+0000] {spark_submit.py:579} INFO - 26/04/03 07:49:42 INFO BlockManagerMasterEndpoint: Using org.apache.spark.storage.DefaultTopologyMapper for getting topology information
[2026-04-03T07:49:42.364+0000] {spark_submit.py:579} INFO - 26/04/03 07:49:42 INFO BlockManagerMasterEndpoint: BlockManagerMasterEndpoint up
[2026-04-03T07:49:42.372+0000] {spark_submit.py:579} INFO - 26/04/03 07:49:42 INFO SparkEnv: Registering BlockManagerMasterHeartbeat
[2026-04-03T07:49:42.437+0000] {spark_submit.py:579} INFO - 26/04/03 07:49:42 INFO DiskBlockManager: Created local directory at /tmp/blockmgr-1c184688-f50b-4ce1-9aaa-10fc70abf4ab
[2026-04-03T07:49:42.502+0000] {spark_submit.py:579} INFO - 26/04/03 07:49:42 INFO SparkEnv: Registering OutputCommitCoordinator
[2026-04-03T07:49:42.863+0000] {spark_submit.py:579} INFO - 26/04/03 07:49:42 INFO JettyUtils: Start Jetty 0.0.0.0:4040 for SparkUI
[2026-04-03T07:49:43.035+0000] {spark_submit.py:579} INFO - 26/04/03 07:49:43 WARN Utils: Service 'SparkUI' could not bind on port 4040. Attempting port 4041.
[2026-04-03T07:49:43.036+0000] {spark_submit.py:579} INFO - 26/04/03 07:49:43 WARN Utils: Service 'SparkUI' could not bind on port 4041. Attempting port 4042.
[2026-04-03T07:49:43.063+0000] {spark_submit.py:579} INFO - 26/04/03 07:49:43 INFO Utils: Successfully started service 'SparkUI' on port 4042.
[2026-04-03T07:49:43.162+0000] {spark_submit.py:579} INFO - 26/04/03 07:49:43 ERROR SparkContext: Failed to add /opt/bitnami/spark/extra-jars/postgresql-42.7.2.jar to Spark environment
[2026-04-03T07:49:43.163+0000] {spark_submit.py:579} INFO - java.io.FileNotFoundException: Jar /opt/bitnami/spark/extra-jars/postgresql-42.7.2.jar not found
[2026-04-03T07:49:43.164+0000] {spark_submit.py:579} INFO - at org.apache.spark.SparkContext.addLocalJarFile$1(SparkContext.scala:2185)
[2026-04-03T07:49:43.164+0000] {spark_submit.py:579} INFO - at org.apache.spark.SparkContext.addJar(SparkContext.scala:2241)
[2026-04-03T07:49:43.165+0000] {spark_submit.py:579} INFO - at org.apache.spark.SparkContext.$anonfun$new$16(SparkContext.scala:544)
[2026-04-03T07:49:43.165+0000] {spark_submit.py:579} INFO - at org.apache.spark.SparkContext.$anonfun$new$16$adapted(SparkContext.scala:544)
[2026-04-03T07:49:43.166+0000] {spark_submit.py:579} INFO - at scala.collection.IterableOnceOps.foreach(IterableOnce.scala:630)
[2026-04-03T07:49:43.166+0000] {spark_submit.py:579} INFO - at scala.collection.IterableOnceOps.foreach$(IterableOnce.scala:628)
[2026-04-03T07:49:43.167+0000] {spark_submit.py:579} INFO - at scala.collection.AbstractIterable.foreach(Iterable.scala:936)
[2026-04-03T07:49:43.167+0000] {spark_submit.py:579} INFO - at org.apache.spark.SparkContext.<init>(SparkContext.scala:544)
[2026-04-03T07:49:43.167+0000] {spark_submit.py:579} INFO - at org.apache.spark.api.java.JavaSparkContext.<init>(JavaSparkContext.scala:59)
[2026-04-03T07:49:43.168+0000] {spark_submit.py:579} INFO - at java.base/jdk.internal.reflect.NativeConstructorAccessorImpl.newInstance0(Native Method)
[2026-04-03T07:49:43.168+0000] {spark_submit.py:579} INFO - at java.base/jdk.internal.reflect.NativeConstructorAccessorImpl.newInstance(NativeConstructorAccessorImpl.java:77)
[2026-04-03T07:49:43.169+0000] {spark_submit.py:579} INFO - at java.base/jdk.internal.reflect.DelegatingConstructorAccessorImpl.newInstance(DelegatingConstructorAccessorImpl.java:45)
[2026-04-03T07:49:43.169+0000] {spark_submit.py:579} INFO - at java.base/java.lang.reflect.Constructor.newInstanceWithCaller(Constructor.java:500)
[2026-04-03T07:49:43.170+0000] {spark_submit.py:579} INFO - at java.base/java.lang.reflect.Constructor.newInstance(Constructor.java:481)
[2026-04-03T07:49:43.170+0000] {spark_submit.py:579} INFO - at py4j.reflection.MethodInvoker.invoke(MethodInvoker.java:247)
[2026-04-03T07:49:43.171+0000] {spark_submit.py:579} INFO - at py4j.reflection.ReflectionEngine.invoke(ReflectionEngine.java:374)
[2026-04-03T07:49:43.171+0000] {spark_submit.py:579} INFO - at py4j.Gateway.invoke(Gateway.java:238)
[2026-04-03T07:49:43.172+0000] {spark_submit.py:579} INFO - at py4j.commands.ConstructorCommand.invokeConstructor(ConstructorCommand.java:80)
[2026-04-03T07:49:43.173+0000] {spark_submit.py:579} INFO - at py4j.commands.ConstructorCommand.execute(ConstructorCommand.java:69)
[2026-04-03T07:49:43.173+0000] {spark_submit.py:579} INFO - at py4j.ClientServerConnection.waitForCommands(ClientServerConnection.java:184)
[2026-04-03T07:49:43.174+0000] {spark_submit.py:579} INFO - at py4j.ClientServerConnection.run(ClientServerConnection.java:108)
[2026-04-03T07:49:43.174+0000] {spark_submit.py:579} INFO - at java.base/java.lang.Thread.run(Thread.java:840)
[2026-04-03T07:49:43.233+0000] {spark_submit.py:579} INFO - 26/04/03 07:49:43 INFO ResourceProfile: Default ResourceProfile created, executor resources: Map(memory -> name: memory, amount: 1024, script: , vendor: , offHeap -> name: offHeap, amount: 0, script: , vendor: ), task resources: Map(cpus -> name: cpus, amount: 1.0)
[2026-04-03T07:49:43.238+0000] {spark_submit.py:579} INFO - 26/04/03 07:49:43 INFO ResourceProfile: Limiting resource is cpu
[2026-04-03T07:49:43.240+0000] {spark_submit.py:579} INFO - 26/04/03 07:49:43 INFO ResourceProfileManager: Added ResourceProfile id: 0
[2026-04-03T07:49:43.269+0000] {spark_submit.py:579} INFO - 26/04/03 07:49:43 INFO SecurityManager: Changing view acls to: default
[2026-04-03T07:49:43.269+0000] {spark_submit.py:579} INFO - 26/04/03 07:49:43 INFO SecurityManager: Changing modify acls to: default
[2026-04-03T07:49:43.270+0000] {spark_submit.py:579} INFO - 26/04/03 07:49:43 INFO SecurityManager: Changing view acls groups to: default
[2026-04-03T07:49:43.270+0000] {spark_submit.py:579} INFO - 26/04/03 07:49:43 INFO SecurityManager: Changing modify acls groups to: default
[2026-04-03T07:49:43.271+0000] {spark_submit.py:579} INFO - 26/04/03 07:49:43 INFO SecurityManager: SecurityManager: authentication disabled; ui acls disabled; users with view permissions: default groups with view permissions: EMPTY; users with modify permissions: default; groups with modify permissions: EMPTY; RPC SSL disabled
[2026-04-03T07:49:43.693+0000] {spark_submit.py:579} INFO - 26/04/03 07:49:43 INFO StandaloneAppClient$ClientEndpoint: Connecting to master spark://spark-master:7077...
[2026-04-03T07:49:43.810+0000] {spark_submit.py:579} INFO - 26/04/03 07:49:43 INFO TransportClientFactory: Successfully created connection to spark-master/172.20.0.4:7077 after 65 ms (0 ms spent in bootstraps)
[2026-04-03T07:49:44.190+0000] {spark_submit.py:579} INFO - 26/04/03 07:49:44 INFO StandaloneSchedulerBackend: Connected to Spark cluster with app ID app-20260403074944-0001
[2026-04-03T07:49:44.210+0000] {spark_submit.py:579} INFO - 26/04/03 07:49:44 INFO Utils: Successfully started service 'org.apache.spark.network.netty.NettyBlockTransferService' on port 42755.
[2026-04-03T07:49:44.211+0000] {spark_submit.py:579} INFO - 26/04/03 07:49:44 INFO NettyBlockTransferService: Server created on ***_scheduler 0.0.0.0:42755
[2026-04-03T07:49:44.215+0000] {spark_submit.py:579} INFO - 26/04/03 07:49:44 INFO BlockManager: Using org.apache.spark.storage.RandomBlockReplicationPolicy for block replication policy
[2026-04-03T07:49:44.258+0000] {spark_submit.py:579} INFO - 26/04/03 07:49:44 INFO BlockManagerMaster: Registering BlockManager BlockManagerId(driver, ***_scheduler, 42755, None)
[2026-04-03T07:49:44.270+0000] {spark_submit.py:579} INFO - 26/04/03 07:49:44 INFO BlockManagerMasterEndpoint: Registering block manager ***_scheduler:42755 with 434.4 MiB RAM, BlockManagerId(driver, ***_scheduler, 42755, None)
[2026-04-03T07:49:44.276+0000] {spark_submit.py:579} INFO - 26/04/03 07:49:44 INFO BlockManagerMaster: Registered BlockManager BlockManagerId(driver, ***_scheduler, 42755, None)
[2026-04-03T07:49:44.280+0000] {spark_submit.py:579} INFO - 26/04/03 07:49:44 INFO BlockManager: Initialized BlockManager: BlockManagerId(driver, ***_scheduler, 42755, None)
[2026-04-03T07:49:44.657+0000] {spark_submit.py:579} INFO - 26/04/03 07:49:44 INFO StandaloneSchedulerBackend: SchedulerBackend is ready for scheduling beginning after reached minRegisteredResourcesRatio: 0.0
[2026-04-03T07:49:49.746+0000] {spark_submit.py:579} INFO - 26/04/03 07:49:49 INFO SharedState: Setting hive.metastore.warehouse.dir ('null') to the value of spark.sql.warehouse.dir.
[2026-04-03T07:49:49.752+0000] {spark_submit.py:579} INFO - 26/04/03 07:49:49 INFO SharedState: Warehouse path is 'file:/opt/***/spark-warehouse'.
[2026-04-03T07:49:51.167+0000] {spark_submit.py:579} INFO - 26/04/03 07:49:51 WARN FileStreamSink: Assume no metadata directory. Error while looking for metadata directory in the path: /data/raw/sensors/*.json.
[2026-04-03T07:49:51.168+0000] {spark_submit.py:579} INFO - java.io.FileNotFoundException: File /data/raw/sensors/*.json does not exist
[2026-04-03T07:49:51.168+0000] {spark_submit.py:579} INFO - at org.apache.hadoop.fs.RawLocalFileSystem.deprecatedGetFileStatus(RawLocalFileSystem.java:980)
[2026-04-03T07:49:51.168+0000] {spark_submit.py:579} INFO - at org.apache.hadoop.fs.RawLocalFileSystem.getFileLinkStatusInternal(RawLocalFileSystem.java:1301)
[2026-04-03T07:49:51.169+0000] {spark_submit.py:579} INFO - at org.apache.hadoop.fs.RawLocalFileSystem.getFileStatus(RawLocalFileSystem.java:970)
[2026-04-03T07:49:51.169+0000] {spark_submit.py:579} INFO - at org.apache.hadoop.fs.FilterFileSystem.getFileStatus(FilterFileSystem.java:462)
[2026-04-03T07:49:51.169+0000] {spark_submit.py:579} INFO - at org.apache.spark.sql.execution.streaming.sinks.FileStreamSink$.hasMetadata(FileStreamSink.scala:58)
[2026-04-03T07:49:51.170+0000] {spark_submit.py:579} INFO - at org.apache.spark.sql.execution.datasources.DataSource.resolveRelation(DataSource.scala:384)
[2026-04-03T07:49:51.170+0000] {spark_submit.py:579} INFO - at org.apache.spark.sql.catalyst.analysis.ResolveDataSource.org$apache$spark$sql$catalyst$analysis$ResolveDataSource$$loadV1BatchSource(ResolveDataSource.scala:143)
[2026-04-03T07:49:51.171+0000] {spark_submit.py:579} INFO - at org.apache.spark.sql.catalyst.analysis.ResolveDataSource$$anonfun$apply$1.$anonfun$applyOrElse$2(ResolveDataSource.scala:61)
[2026-04-03T07:49:51.171+0000] {spark_submit.py:579} INFO - at scala.Option.getOrElse(Option.scala:201)
[2026-04-03T07:49:51.171+0000] {spark_submit.py:579} INFO - at org.apache.spark.sql.catalyst.analysis.ResolveDataSource$$anonfun$apply$1.applyOrElse(ResolveDataSource.scala:61)
[2026-04-03T07:49:51.171+0000] {spark_submit.py:579} INFO - at org.apache.spark.sql.catalyst.analysis.ResolveDataSource$$anonfun$apply$1.applyOrElse(ResolveDataSource.scala:45)
[2026-04-03T07:49:51.172+0000] {spark_submit.py:579} INFO - at org.apache.spark.sql.catalyst.plans.logical.AnalysisHelper.$anonfun$resolveOperatorsUpWithPruning$3(AnalysisHelper.scala:139)
[2026-04-03T07:49:51.172+0000] {spark_submit.py:579} INFO - at org.apache.spark.sql.catalyst.trees.CurrentOrigin$.withOrigin(origin.scala:107)
[2026-04-03T07:49:51.173+0000] {spark_submit.py:579} INFO - at org.apache.spark.sql.catalyst.plans.logical.AnalysisHelper.$anonfun$resolveOperatorsUpWithPruning$1(AnalysisHelper.scala:139)
[2026-04-03T07:49:51.173+0000] {spark_submit.py:579} INFO - at org.apache.spark.sql.catalyst.plans.logical.AnalysisHelper$.allowInvokingTransformsInAnalyzer(AnalysisHelper.scala:416)
[2026-04-03T07:49:51.173+0000] {spark_submit.py:579} INFO - at org.apache.spark.sql.catalyst.plans.logical.AnalysisHelper.resolveOperatorsUpWithPruning(AnalysisHelper.scala:135)
[2026-04-03T07:49:51.174+0000] {spark_submit.py:579} INFO - at org.apache.spark.sql.catalyst.plans.logical.AnalysisHelper.resolveOperatorsUpWithPruning$(AnalysisHelper.scala:131)
[2026-04-03T07:49:51.174+0000] {spark_submit.py:579} INFO - at org.apache.spark.sql.catalyst.plans.logical.LogicalPlan.resolveOperatorsUpWithPruning(LogicalPlan.scala:37)
[2026-04-03T07:49:51.174+0000] {spark_submit.py:579} INFO - at org.apache.spark.sql.catalyst.plans.logical.AnalysisHelper.resolveOperatorsUp(AnalysisHelper.scala:112)
[2026-04-03T07:49:51.175+0000] {spark_submit.py:579} INFO - at org.apache.spark.sql.catalyst.plans.logical.AnalysisHelper.resolveOperatorsUp$(AnalysisHelper.scala:111)
[2026-04-03T07:49:51.175+0000] {spark_submit.py:579} INFO - at org.apache.spark.sql.catalyst.plans.logical.LogicalPlan.resolveOperatorsUp(LogicalPlan.scala:37)
[2026-04-03T07:49:51.175+0000] {spark_submit.py:579} INFO - at org.apache.spark.sql.catalyst.analysis.ResolveDataSource.apply(ResolveDataSource.scala:45)
[2026-04-03T07:49:51.175+0000] {spark_submit.py:579} INFO - at org.apache.spark.sql.catalyst.analysis.ResolveDataSource.apply(ResolveDataSource.scala:43)
[2026-04-03T07:49:51.176+0000] {spark_submit.py:579} INFO - at org.apache.spark.sql.catalyst.rules.RuleExecutor.$anonfun$execute$2(RuleExecutor.scala:248)
[2026-04-03T07:49:51.176+0000] {spark_submit.py:579} INFO - at scala.collection.LinearSeqOps.foldLeft(LinearSeq.scala:183)
[2026-04-03T07:49:51.176+0000] {spark_submit.py:579} INFO - at scala.collection.LinearSeqOps.foldLeft$(LinearSeq.scala:179)
[2026-04-03T07:49:51.177+0000] {spark_submit.py:579} INFO - at scala.collection.immutable.List.foldLeft(List.scala:79)
[2026-04-03T07:49:51.177+0000] {spark_submit.py:579} INFO - at org.apache.spark.sql.catalyst.rules.RuleExecutor.$anonfun$execute$1(RuleExecutor.scala:245)
[2026-04-03T07:49:51.177+0000] {spark_submit.py:579} INFO - at org.apache.spark.sql.catalyst.rules.RuleExecutor.$anonfun$execute$1$adapted(RuleExecutor.scala:237)
[2026-04-03T07:49:51.178+0000] {spark_submit.py:579} INFO - at scala.collection.immutable.List.foreach(List.scala:323)
[2026-04-03T07:49:51.178+0000] {spark_submit.py:579} INFO - at org.apache.spark.sql.catalyst.rules.RuleExecutor.execute(RuleExecutor.scala:237)
[2026-04-03T07:49:51.178+0000] {spark_submit.py:579} INFO - at org.apache.spark.sql.catalyst.analysis.Analyzer.org$apache$spark$sql$catalyst$analysis$Analyzer$$executeSameContext(Analyzer.scala:343)
[2026-04-03T07:49:51.179+0000] {spark_submit.py:579} INFO - at org.apache.spark.sql.catalyst.analysis.Analyzer.$anonfun$execute$1(Analyzer.scala:339)
[2026-04-03T07:49:51.179+0000] {spark_submit.py:579} INFO - at org.apache.spark.sql.catalyst.analysis.AnalysisContext$.withNewAnalysisContext(Analyzer.scala:224)
[2026-04-03T07:49:51.179+0000] {spark_submit.py:579} INFO - at org.apache.spark.sql.catalyst.analysis.Analyzer.execute(Analyzer.scala:339)
[2026-04-03T07:49:51.180+0000] {spark_submit.py:579} INFO - at org.apache.spark.sql.catalyst.analysis.Analyzer.execute(Analyzer.scala:289)
[2026-04-03T07:49:51.180+0000] {spark_submit.py:579} INFO - at org.apache.spark.sql.catalyst.rules.RuleExecutor.$anonfun$executeAndTrack$1(RuleExecutor.scala:207)
[2026-04-03T07:49:51.180+0000] {spark_submit.py:579} INFO - at org.apache.spark.sql.catalyst.QueryPlanningTracker$.withTracker(QueryPlanningTracker.scala:89)
[2026-04-03T07:49:51.181+0000] {spark_submit.py:579} INFO - at org.apache.spark.sql.catalyst.rules.RuleExecutor.executeAndTrack(RuleExecutor.scala:207)
[2026-04-03T07:49:51.181+0000] {spark_submit.py:579} INFO - at org.apache.spark.sql.catalyst.analysis.resolver.HybridAnalyzer.resolveInFixedPoint(HybridAnalyzer.scala:236)
[2026-04-03T07:49:51.181+0000] {spark_submit.py:579} INFO - at org.apache.spark.sql.catalyst.analysis.resolver.HybridAnalyzer.$anonfun$apply$1(HybridAnalyzer.scala:91)
[2026-04-03T07:49:51.182+0000] {spark_submit.py:579} INFO - at org.apache.spark.sql.catalyst.analysis.resolver.HybridAnalyzer.withTrackedAnalyzerBridgeState(HybridAnalyzer.scala:122)
[2026-04-03T07:49:51.182+0000] {spark_submit.py:579} INFO - at org.apache.spark.sql.catalyst.analysis.resolver.HybridAnalyzer.apply(HybridAnalyzer.scala:84)
[2026-04-03T07:49:51.182+0000] {spark_submit.py:579} INFO - at org.apache.spark.sql.catalyst.analysis.Analyzer.$anonfun$executeAndCheck$1(Analyzer.scala:322)
[2026-04-03T07:49:51.183+0000] {spark_submit.py:579} INFO - at org.apache.spark.sql.catalyst.plans.logical.AnalysisHelper$.markInAnalyzer(AnalysisHelper.scala:423)
[2026-04-03T07:49:51.183+0000] {spark_submit.py:579} INFO - at org.apache.spark.sql.catalyst.analysis.Analyzer.executeAndCheck(Analyzer.scala:322)
[2026-04-03T07:49:51.183+0000] {spark_submit.py:579} INFO - at org.apache.spark.sql.execution.QueryExecution.$anonfun$lazyAnalyzed$2(QueryExecution.scala:139)
[2026-04-03T07:49:51.184+0000] {spark_submit.py:579} INFO - at org.apache.spark.sql.catalyst.QueryPlanningTracker.measurePhase(QueryPlanningTracker.scala:148)
[2026-04-03T07:49:51.184+0000] {spark_submit.py:579} INFO - at org.apache.spark.sql.execution.QueryExecution.$anonfun$executePhase$2(QueryExecution.scala:330)
[2026-04-03T07:49:51.184+0000] {spark_submit.py:579} INFO - at org.apache.spark.sql.execution.QueryExecution$.withInternalError(QueryExecution.scala:717)
[2026-04-03T07:49:51.185+0000] {spark_submit.py:579} INFO - at org.apache.spark.sql.execution.QueryExecution.$anonfun$executePhase$1(QueryExecution.scala:330)
[2026-04-03T07:49:51.185+0000] {spark_submit.py:579} INFO - at org.apache.spark.sql.SparkSession.withActive(SparkSession.scala:804)
[2026-04-03T07:49:51.185+0000] {spark_submit.py:579} INFO - at org.apache.spark.sql.execution.QueryExecution.executePhase(QueryExecution.scala:329)
[2026-04-03T07:49:51.186+0000] {spark_submit.py:579} INFO - at org.apache.spark.sql.execution.QueryExecution.$anonfun$lazyAnalyzed$1(QueryExecution.scala:139)
[2026-04-03T07:49:51.186+0000] {spark_submit.py:579} INFO - at scala.util.Try$.apply(Try.scala:217)
[2026-04-03T07:49:51.186+0000] {spark_submit.py:579} INFO - at org.apache.spark.util.Utils$.doTryWithCallerStacktrace(Utils.scala:1392)
[2026-04-03T07:49:51.186+0000] {spark_submit.py:579} INFO - at org.apache.spark.util.LazyTry.tryT$lzycompute(LazyTry.scala:46)
[2026-04-03T07:49:51.187+0000] {spark_submit.py:579} INFO - at org.apache.spark.util.LazyTry.tryT(LazyTry.scala:46)
[2026-04-03T07:49:51.187+0000] {spark_submit.py:579} INFO - at org.apache.spark.util.LazyTry.get(LazyTry.scala:58)
[2026-04-03T07:49:51.187+0000] {spark_submit.py:579} INFO - at org.apache.spark.sql.execution.QueryExecution.analyzed(QueryExecution.scala:150)
[2026-04-03T07:49:51.188+0000] {spark_submit.py:579} INFO - at org.apache.spark.sql.execution.QueryExecution.assertAnalyzed(QueryExecution.scala:90)
[2026-04-03T07:49:51.188+0000] {spark_submit.py:579} INFO - at org.apache.spark.sql.classic.Dataset$.$anonfun$ofRows$1(Dataset.scala:114)
[2026-04-03T07:49:51.188+0000] {spark_submit.py:579} INFO - at org.apache.spark.sql.SparkSession.withActive(SparkSession.scala:804)
[2026-04-03T07:49:51.189+0000] {spark_submit.py:579} INFO - at org.apache.spark.sql.classic.Dataset$.ofRows(Dataset.scala:112)
[2026-04-03T07:49:51.189+0000] {spark_submit.py:579} INFO - at org.apache.spark.sql.classic.DataFrameReader.load(DataFrameReader.scala:108)
[2026-04-03T07:49:51.189+0000] {spark_submit.py:579} INFO - at org.apache.spark.sql.classic.DataFrameReader.load(DataFrameReader.scala:57)
[2026-04-03T07:49:51.190+0000] {spark_submit.py:579} INFO - at org.apache.spark.sql.DataFrameReader.json(DataFrameReader.scala:296)
[2026-04-03T07:49:51.190+0000] {spark_submit.py:579} INFO - at org.apache.spark.sql.classic.DataFrameReader.json(DataFrameReader.scala:149)
[2026-04-03T07:49:51.190+0000] {spark_submit.py:579} INFO - at java.base/jdk.internal.reflect.NativeMethodAccessorImpl.invoke0(Native Method)
[2026-04-03T07:49:51.191+0000] {spark_submit.py:579} INFO - at java.base/jdk.internal.reflect.NativeMethodAccessorImpl.invoke(NativeMethodAccessorImpl.java:77)
[2026-04-03T07:49:51.191+0000] {spark_submit.py:579} INFO - at java.base/jdk.internal.reflect.DelegatingMethodAccessorImpl.invoke(DelegatingMethodAccessorImpl.java:43)
[2026-04-03T07:49:51.191+0000] {spark_submit.py:579} INFO - at java.base/java.lang.reflect.Method.invoke(Method.java:569)
[2026-04-03T07:49:51.191+0000] {spark_submit.py:579} INFO - at py4j.reflection.MethodInvoker.invoke(MethodInvoker.java:244)
[2026-04-03T07:49:51.192+0000] {spark_submit.py:579} INFO - at py4j.reflection.ReflectionEngine.invoke(ReflectionEngine.java:374)
[2026-04-03T07:49:51.192+0000] {spark_submit.py:579} INFO - at py4j.Gateway.invoke(Gateway.java:282)
[2026-04-03T07:49:51.192+0000] {spark_submit.py:579} INFO - at py4j.commands.AbstractCommand.invokeMethod(AbstractCommand.java:132)
[2026-04-03T07:49:51.193+0000] {spark_submit.py:579} INFO - at py4j.commands.CallCommand.execute(CallCommand.java:79)
[2026-04-03T07:49:51.193+0000] {spark_submit.py:579} INFO - at py4j.ClientServerConnection.waitForCommands(ClientServerConnection.java:184)
[2026-04-03T07:49:51.193+0000] {spark_submit.py:579} INFO - at py4j.ClientServerConnection.run(ClientServerConnection.java:108)
[2026-04-03T07:49:51.194+0000] {spark_submit.py:579} INFO - at java.base/java.lang.Thread.run(Thread.java:840)
[2026-04-03T07:49:51.306+0000] {spark_submit.py:579} INFO - 26/04/03 07:49:51 INFO HadoopFSUtils: Listing leaf files and directories in parallel under50 paths. The first several paths are: file:/data/raw/sensors/log_00562d.json, file:/data/raw/sensors/log_0170c3.json, file:/data/raw/sensors/log_028779.json, file:/data/raw/sensors/log_0394c3.json, file:/data/raw/sensors/log_16ba56.json, file:/data/raw/sensors/log_1f5f24.json, file:/data/raw/sensors/log_213236.json, file:/data/raw/sensors/log_25cef9.json, file:/data/raw/sensors/log_2b3ddf.json, file:/data/raw/sensors/log_32bc05.json.
[2026-04-03T07:49:51.639+0000] {spark_submit.py:579} INFO - 26/04/03 07:49:51 INFO SparkContext: Starting job: json at NativeMethodAccessorImpl.java:0
[2026-04-03T07:49:51.669+0000] {spark_submit.py:579} INFO - 26/04/03 07:49:51 INFO DAGScheduler: Got job 0 (json at NativeMethodAccessorImpl.java:0) with 50 output partitions
[2026-04-03T07:49:51.670+0000] {spark_submit.py:579} INFO - 26/04/03 07:49:51 INFO DAGScheduler: Final stage: ResultStage 0 (json at NativeMethodAccessorImpl.java:0)
[2026-04-03T07:49:51.671+0000] {spark_submit.py:579} INFO - 26/04/03 07:49:51 INFO DAGScheduler: Parents of final stage: List()
[2026-04-03T07:49:51.675+0000] {spark_submit.py:579} INFO - 26/04/03 07:49:51 INFO DAGScheduler: Missing parents: List()
[2026-04-03T07:49:51.681+0000] {spark_submit.py:579} INFO - 26/04/03 07:49:51 INFO DAGScheduler: Missing parents found for ResultStage 0: List()
[2026-04-03T07:49:51.685+0000] {spark_submit.py:579} INFO - 26/04/03 07:49:51 INFO DAGScheduler: Submitting ResultStage 0 (MapPartitionsRDD[1] at json at NativeMethodAccessorImpl.java:0), which has no missing parents
[2026-04-03T07:49:51.781+0000] {spark_submit.py:579} INFO - 26/04/03 07:49:51 INFO MemoryStore: MemoryStore started with capacity 434.4 MiB
[2026-04-03T07:49:51.820+0000] {spark_submit.py:579} INFO - 26/04/03 07:49:51 INFO MemoryStore: Block broadcast_0 stored as values in memory (estimated size 114.9 KiB, free 434.3 MiB)
[2026-04-03T07:49:51.879+0000] {spark_submit.py:579} INFO - 26/04/03 07:49:51 INFO MemoryStore: Block broadcast_0_piece0 stored as bytes in memory (estimated size 41.3 KiB, free 434.2 MiB)
[2026-04-03T07:49:51.894+0000] {spark_submit.py:579} INFO - 26/04/03 07:49:51 INFO SparkContext: Created broadcast 0 from broadcast at DAGScheduler.scala:1686
[2026-04-03T07:49:51.938+0000] {spark_submit.py:579} INFO - 26/04/03 07:49:51 INFO DAGScheduler: Submitting 50 missing tasks from ResultStage 0 (MapPartitionsRDD[1] at json at NativeMethodAccessorImpl.java:0) (first 15 tasks are for partitions Vector(0, 1, 2, 3, 4, 5, 6, 7, 8, 9, 10, 11, 12, 13, 14))
[2026-04-03T07:49:51.944+0000] {spark_submit.py:579} INFO - 26/04/03 07:49:51 INFO TaskSchedulerImpl: Adding task set 0.0 with 50 tasks resource profile 0
[2026-04-03T07:50:06.970+0000] {spark_submit.py:579} INFO - 26/04/03 07:50:06 WARN TaskSchedulerImpl: Initial job has not accepted any resources; check your cluster UI to ensure that workers are registered and have sufficient resources
[2026-04-03T07:50:21.970+0000] {spark_submit.py:579} INFO - 26/04/03 07:50:21 WARN TaskSchedulerImpl: Initial job has not accepted any resources; check your cluster UI to ensure that workers are registered and have sufficient resources
[2026-04-03T07:50:36.969+0000] {spark_submit.py:579} INFO - 26/04/03 07:50:36 WARN TaskSchedulerImpl: Initial job has not accepted any resources; check your cluster UI to ensure that workers are registered and have sufficient resources
[2026-04-03T07:50:51.970+0000] {spark_submit.py:579} INFO - 26/04/03 07:50:51 WARN TaskSchedulerImpl: Initial job has not accepted any resources; check your cluster UI to ensure that workers are registered and have sufficient resources
[2026-04-03T07:51:06.970+0000] {spark_submit.py:579} INFO - 26/04/03 07:51:06 WARN TaskSchedulerImpl: Initial job has not accepted any resources; check your cluster UI to ensure that workers are registered and have sufficient resources
[2026-04-03T07:51:21.970+0000] {spark_submit.py:579} INFO - 26/04/03 07:51:21 WARN TaskSchedulerImpl: Initial job has not accepted any resources; check your cluster UI to ensure that workers are registered and have sufficient resources
[2026-04-03T07:51:36.970+0000] {spark_submit.py:579} INFO - 26/04/03 07:51:36 WARN TaskSchedulerImpl: Initial job has not accepted any resources; check your cluster UI to ensure that workers are registered and have sufficient resources
[2026-04-03T07:51:51.969+0000] {spark_submit.py:579} INFO - 26/04/03 07:51:51 WARN TaskSchedulerImpl: Initial job has not accepted any resources; check your cluster UI to ensure that workers are registered and have sufficient resources
[2026-04-03T07:52:06.969+0000] {spark_submit.py:579} INFO - 26/04/03 07:52:06 WARN TaskSchedulerImpl: Initial job has not accepted any resources; check your cluster UI to ensure that workers are registered and have sufficient resources
[2026-04-03T07:52:21.969+0000] {spark_submit.py:579} INFO - 26/04/03 07:52:21 WARN TaskSchedulerImpl: Initial job has not accepted any resources; check your cluster UI to ensure that workers are registered and have sufficient resources
[2026-04-03T07:52:36.969+0000] {spark_submit.py:579} INFO - 26/04/03 07:52:36 WARN TaskSchedulerImpl: Initial job has not accepted any resources; check your cluster UI to ensure that workers are registered and have sufficient resources
[2026-04-03T07:52:51.969+0000] {spark_submit.py:579} INFO - 26/04/03 07:52:51 WARN TaskSchedulerImpl: Initial job has not accepted any resources; check your cluster UI to ensure that workers are registered and have sufficient resources
[2026-04-03T07:53:06.970+0000] {spark_submit.py:579} INFO - 26/04/03 07:53:06 WARN TaskSchedulerImpl: Initial job has not accepted any resources; check your cluster UI to ensure that workers are registered and have sufficient resources
[2026-04-03T07:53:21.969+0000] {spark_submit.py:579} INFO - 26/04/03 07:53:21 WARN TaskSchedulerImpl: Initial job has not accepted any resources; check your cluster UI to ensure that workers are registered and have sufficient resources
[2026-04-03T07:53:36.970+0000] {spark_submit.py:579} INFO - 26/04/03 07:53:36 WARN TaskSchedulerImpl: Initial job has not accepted any resources; check your cluster UI to ensure that workers are registered and have sufficient resources
[2026-04-03T07:53:51.970+0000] {spark_submit.py:579} INFO - 26/04/03 07:53:51 WARN TaskSchedulerImpl: Initial job has not accepted any resources; check your cluster UI to ensure that workers are registered and have sufficient resources
[2026-04-03T07:54:06.969+0000] {spark_submit.py:579} INFO - 26/04/03 07:54:06 WARN TaskSchedulerImpl: Initial job has not accepted any resources; check your cluster UI to ensure that workers are registered and have sufficient resources
[2026-04-03T07:54:21.969+0000] {spark_submit.py:579} INFO - 26/04/03 07:54:21 WARN TaskSchedulerImpl: Initial job has not accepted any resources; check your cluster UI to ensure that workers are registered and have sufficient resources
[2026-04-03T07:54:36.970+0000] {spark_submit.py:579} INFO - 26/04/03 07:54:36 WARN TaskSchedulerImpl: Initial job has not accepted any resources; check your cluster UI to ensure that workers are registered and have sufficient resources
[2026-04-03T07:54:51.970+0000] {spark_submit.py:579} INFO - 26/04/03 07:54:51 WARN TaskSchedulerImpl: Initial job has not accepted any resources; check your cluster UI to ensure that workers are registered and have sufficient resources
[2026-04-03T07:55:06.970+0000] {spark_submit.py:579} INFO - 26/04/03 07:55:06 WARN TaskSchedulerImpl: Initial job has not accepted any resources; check your cluster UI to ensure that workers are registered and have sufficient resources
[2026-04-03T07:55:21.970+0000] {spark_submit.py:579} INFO - 26/04/03 07:55:21 WARN TaskSchedulerImpl: Initial job has not accepted any resources; check your cluster UI to ensure that workers are registered and have sufficient resources
[2026-04-03T07:55:36.970+0000] {spark_submit.py:579} INFO - 26/04/03 07:55:36 WARN TaskSchedulerImpl: Initial job has not accepted any resources; check your cluster UI to ensure that workers are registered and have sufficient resources
[2026-04-03T07:55:51.970+0000] {spark_submit.py:579} INFO - 26/04/03 07:55:51 WARN TaskSchedulerImpl: Initial job has not accepted any resources; check your cluster UI to ensure that workers are registered and have sufficient resources
[2026-04-03T07:55:55.973+0000] {local_task_job_runner.py:346} WARNING - State of this instance has been externally set to None. Terminating instance.
[2026-04-03T07:55:55.974+0000] {local_task_job_runner.py:245} INFO - ::endgroup::
[2026-04-03T07:55:55.980+0000] {process_utils.py:132} INFO - Sending 15 to group 546. PIDs of all processes in the group: [551, 677, 546]
[2026-04-03T07:55:55.980+0000] {process_utils.py:87} INFO - Sending the signal 15 to group 546
[2026-04-03T07:55:55.981+0000] {taskinstance.py:3094} ERROR - Received SIGTERM. Terminating subprocesses.
[2026-04-03T07:55:55.999+0000] {taskinstance.py:3095} ERROR - Stacktrace: 
  File "/home/***/.local/bin/***", line 8, in <module>
    sys.exit(main())
  File "/home/***/.local/lib/python3.12/site-packages/***/__main__.py", line 62, in main
    args.func(args)
  File "/home/***/.local/lib/python3.12/site-packages/***/cli/cli_config.py", line 49, in command
    return func(*args, **kwargs)
  File "/home/***/.local/lib/python3.12/site-packages/***/utils/cli.py", line 116, in wrapper
    return f(*args, **kwargs)
  File "/home/***/.local/lib/python3.12/site-packages/***/utils/providers_configuration_loader.py", line 55, in wrapped_function
    return func(*args, **kwargs)
  File "/home/***/.local/lib/python3.12/site-packages/***/cli/commands/scheduler_command.py", line 56, in scheduler
    run_command_with_daemon_option(
  File "/home/***/.local/lib/python3.12/site-packages/***/cli/commands/daemon_utils.py", line 86, in run_command_with_daemon_option
    callback()
  File "/home/***/.local/lib/python3.12/site-packages/***/cli/commands/scheduler_command.py", line 59, in <lambda>
    callback=lambda: _run_scheduler_job(args),
  File "/home/***/.local/lib/python3.12/site-packages/***/cli/commands/scheduler_command.py", line 47, in _run_scheduler_job
    run_job(job=job_runner.job, execute_callable=job_runner._execute)
  File "/home/***/.local/lib/python3.12/site-packages/***/utils/session.py", line 97, in wrapper
    return func(*args, session=session, **kwargs)
  File "/home/***/.local/lib/python3.12/site-packages/***/jobs/job.py", line 421, in run_job
    return execute_job(job, execute_callable=execute_callable)
  File "/home/***/.local/lib/python3.12/site-packages/***/jobs/job.py", line 450, in execute_job
    ret = execute_callable()
  File "/home/***/.local/lib/python3.12/site-packages/***/jobs/scheduler_job_runner.py", line 990, in _execute
    executor.start()
  File "/home/***/.local/lib/python3.12/site-packages/***/executors/local_executor.py", line 392, in start
    self.impl.start()
  File "/home/***/.local/lib/python3.12/site-packages/***/executors/local_executor.py", line 330, in start
    worker.start()
  File "/usr/local/lib/python3.12/multiprocessing/process.py", line 121, in start
    self._popen = self._Popen(self)
  File "/usr/local/lib/python3.12/multiprocessing/context.py", line 224, in _Popen
    return _default_context.get_context().Process._Popen(process_obj)
  File "/usr/local/lib/python3.12/multiprocessing/context.py", line 282, in _Popen
    return Popen(process_obj)
  File "/usr/local/lib/python3.12/multiprocessing/popen_fork.py", line 19, in __init__
    self._launch(process_obj)
  File "/usr/local/lib/python3.12/multiprocessing/popen_fork.py", line 71, in _launch
    code = process_obj._bootstrap(parent_sentinel=child_r)
  File "/usr/local/lib/python3.12/multiprocessing/process.py", line 314, in _bootstrap
    self.run()
  File "/home/***/.local/lib/python3.12/site-packages/***/executors/local_executor.py", line 80, in run
    return super().run()
  File "/usr/local/lib/python3.12/multiprocessing/process.py", line 108, in run
    self._target(*self._args, **self._kwargs)
  File "/home/***/.local/lib/python3.12/site-packages/***/traces/tracer.py", line 58, in wrapper
    return func(*args, **kwargs)
  File "/home/***/.local/lib/python3.12/site-packages/***/executors/local_executor.py", line 211, in do_work
    self.execute_work(key=key, command=command)
  File "/home/***/.local/lib/python3.12/site-packages/***/traces/tracer.py", line 58, in wrapper
    return func(*args, **kwargs)
  File "/home/***/.local/lib/python3.12/site-packages/***/executors/local_executor.py", line 100, in execute_work
    state = self._execute_work_in_fork(command)
  File "/home/***/.local/lib/python3.12/site-packages/***/traces/tracer.py", line 58, in wrapper
    return func(*args, **kwargs)
  File "/home/***/.local/lib/python3.12/site-packages/***/executors/local_executor.py", line 142, in _execute_work_in_fork
    args.func(args)
  File "/home/***/.local/lib/python3.12/site-packages/***/cli/cli_config.py", line 49, in command
    return func(*args, **kwargs)
  File "/home/***/.local/lib/python3.12/site-packages/***/utils/cli.py", line 116, in wrapper
    return f(*args, **kwargs)
  File "/home/***/.local/lib/python3.12/site-packages/***/cli/commands/task_command.py", line 483, in task_run
    task_return_code = _run_task_by_selected_method(args, _dag, ti)
  File "/home/***/.local/lib/python3.12/site-packages/***/cli/commands/task_command.py", line 254, in _run_task_by_selected_method
    return _run_task_by_local_task_job(args, ti)
  File "/home/***/.local/lib/python3.12/site-packages/***/cli/commands/task_command.py", line 322, in _run_task_by_local_task_job
    ret = run_job(job=job_runner.job, execute_callable=job_runner._execute)
  File "/home/***/.local/lib/python3.12/site-packages/***/utils/session.py", line 97, in wrapper
    return func(*args, session=session, **kwargs)
  File "/home/***/.local/lib/python3.12/site-packages/***/jobs/job.py", line 421, in run_job
    return execute_job(job, execute_callable=execute_callable)
  File "/home/***/.local/lib/python3.12/site-packages/***/jobs/job.py", line 450, in execute_job
    ret = execute_callable()
  File "/home/***/.local/lib/python3.12/site-packages/***/jobs/local_task_job_runner.py", line 171, in _execute
    self.task_runner.start()
  File "/home/***/.local/lib/python3.12/site-packages/***/task/task_runner/standard_task_runner.py", line 55, in start
    self.process = self._start_by_fork()
  File "/home/***/.local/lib/python3.12/site-packages/***/task/task_runner/standard_task_runner.py", line 117, in _start_by_fork
    ret = args.func(args, dag=self.dag)
  File "/home/***/.local/lib/python3.12/site-packages/***/cli/cli_config.py", line 49, in command
    return func(*args, **kwargs)
  File "/home/***/.local/lib/python3.12/site-packages/***/utils/cli.py", line 116, in wrapper
    return f(*args, **kwargs)
  File "/home/***/.local/lib/python3.12/site-packages/***/cli/commands/task_command.py", line 483, in task_run
    task_return_code = _run_task_by_selected_method(args, _dag, ti)
  File "/home/***/.local/lib/python3.12/site-packages/***/cli/commands/task_command.py", line 256, in _run_task_by_selected_method
    return _run_raw_task(args, ti)
  File "/home/***/.local/lib/python3.12/site-packages/***/cli/commands/task_command.py", line 341, in _run_raw_task
    return ti._run_raw_task(
  File "/home/***/.local/lib/python3.12/site-packages/***/utils/session.py", line 97, in wrapper
    return func(*args, session=session, **kwargs)
  File "/home/***/.local/lib/python3.12/site-packages/***/models/taskinstance.py", line 3006, in _run_raw_task
    return _run_raw_task(
  File "/home/***/.local/lib/python3.12/site-packages/***/models/taskinstance.py", line 274, in _run_raw_task
    TaskInstance._execute_task_with_callbacks(
  File "/home/***/.local/lib/python3.12/site-packages/***/models/taskinstance.py", line 3161, in _execute_task_with_callbacks
    result = self._execute_task(context, task_orig)
  File "/home/***/.local/lib/python3.12/site-packages/***/models/taskinstance.py", line 3185, in _execute_task
    return _execute_task(self, context, task_orig)
  File "/home/***/.local/lib/python3.12/site-packages/***/models/taskinstance.py", line 768, in _execute_task
    result = _execute_callable(context=context, **execute_callable_kwargs)
  File "/home/***/.local/lib/python3.12/site-packages/***/models/taskinstance.py", line 734, in _execute_callable
    return ExecutionCallableRunner(
  File "/home/***/.local/lib/python3.12/site-packages/***/utils/operator_helpers.py", line 252, in run
    return self.func(*args, **kwargs)
  File "/home/***/.local/lib/python3.12/site-packages/***/models/baseoperator.py", line 424, in wrapper
    return func(self, *args, **kwargs)
  File "/home/***/.local/lib/python3.12/site-packages/***/providers/apache/spark/operators/spark_submit.py", line 174, in execute
    self._hook.submit(self.application)
  File "/home/***/.local/lib/python3.12/site-packages/***/providers/apache/spark/hooks/spark_submit.py", line 493, in submit
    self._process_spark_submit_log(iter(self._submit_sp.stdout))  # type: ignore
  File "/home/***/.local/lib/python3.12/site-packages/***/providers/apache/spark/hooks/spark_submit.py", line 542, in _process_spark_submit_log
    for line in itr:
  File "/home/***/.local/lib/python3.12/site-packages/***/models/taskinstance.py", line 3095, in signal_handler
    self.log.error("Stacktrace: \n%s", "".join(traceback.format_stack()))

[2026-04-03T07:55:56.002+0000] {spark_submit.py:705} INFO - Sending kill signal to /opt/spark_dist/bin/spark-submit
[2026-04-03T07:55:56.030+0000] {taskinstance.py:3313} ERROR - Task failed with exception
Traceback (most recent call last):
  File "/home/airflow/.local/lib/python3.12/site-packages/airflow/models/taskinstance.py", line 768, in _execute_task
    result = _execute_callable(context=context, **execute_callable_kwargs)
             ^^^^^^^^^^^^^^^^^^^^^^^^^^^^^^^^^^^^^^^^^^^^^^^^^^^^^^^^^^^^^
  File "/home/airflow/.local/lib/python3.12/site-packages/airflow/models/taskinstance.py", line 734, in _execute_callable
    return ExecutionCallableRunner(
           ^^^^^^^^^^^^^^^^^^^^^^^^
  File "/home/airflow/.local/lib/python3.12/site-packages/airflow/utils/operator_helpers.py", line 252, in run
    return self.func(*args, **kwargs)
           ^^^^^^^^^^^^^^^^^^^^^^^^^^
  File "/home/airflow/.local/lib/python3.12/site-packages/airflow/models/baseoperator.py", line 424, in wrapper
    return func(self, *args, **kwargs)
           ^^^^^^^^^^^^^^^^^^^^^^^^^^^
  File "/home/airflow/.local/lib/python3.12/site-packages/airflow/providers/apache/spark/operators/spark_submit.py", line 174, in execute
    self._hook.submit(self.application)
  File "/home/airflow/.local/lib/python3.12/site-packages/airflow/providers/apache/spark/hooks/spark_submit.py", line 493, in submit
    self._process_spark_submit_log(iter(self._submit_sp.stdout))  # type: ignore
    ^^^^^^^^^^^^^^^^^^^^^^^^^^^^^^^^^^^^^^^^^^^^^^^^^^^^^^^^^^^^
  File "/home/airflow/.local/lib/python3.12/site-packages/airflow/providers/apache/spark/hooks/spark_submit.py", line 542, in _process_spark_submit_log
    for line in itr:
                ^^^
  File "/home/airflow/.local/lib/python3.12/site-packages/airflow/models/taskinstance.py", line 3097, in signal_handler
    raise AirflowTaskTerminated("Task received SIGTERM signal")
airflow.exceptions.AirflowTaskTerminated: Task received SIGTERM signal
[2026-04-03T07:55:56.037+0000] {taskinstance.py:1226} INFO - Marking task as UP_FOR_RETRY. dag_id=02_industrial_sensor_elt, task_id=run_sensor_elt, run_id=__***_temporary_run_2026-04-03T07:46:31.347857+00:00__, execution_date=20260403T000000, start_date=20260403T074934, end_date=20260403T075556
[2026-04-03T07:55:56.052+0000] {taskinstance.py:341} INFO - ::group::Post task execution logs
[2026-04-03T07:55:56.054+0000] {standard_task_runner.py:124} ERROR - Failed to execute job 3 for task run_sensor_elt ((psycopg2.errors.ForeignKeyViolation) insert or update on table "task_fail" violates foreign key constraint "task_fail_ti_fkey"
DETAIL:  Key (dag_id, task_id, run_id, map_index)=(02_industrial_sensor_elt, run_sensor_elt, __***_temporary_run_2026-04-03T07:46:31.347857+00:00__, -1) is not present in table "task_instance".

[SQL: INSERT INTO task_fail (task_id, dag_id, run_id, map_index, start_date, end_date, duration) VALUES (%(task_id)s, %(dag_id)s, %(run_id)s, %(map_index)s, %(start_date)s, %(end_date)s, %(duration)s) RETURNING task_fail.id]
[parameters: {'task_id': 'run_sensor_elt', 'dag_id': '02_industrial_sensor_elt', 'run_id': '__airflow_temporary_run_2026-04-03T07:46:31.347857+00:00__', 'map_index': -1, 'start_date': datetime.datetime(2026, 4, 3, 7, 49, 34, 397034, tzinfo=Timezone('UTC')), 'end_date': datetime.datetime(2026, 4, 3, 7, 55, 56, 36244, tzinfo=Timezone('UTC')), 'duration': 381}]
(Background on this error at: https://sqlalche.me/e/14/gkpj); 546)
Traceback (most recent call last):
  File "/home/airflow/.local/lib/python3.12/site-packages/airflow/models/taskinstance.py", line 274, in _run_raw_task
    TaskInstance._execute_task_with_callbacks(
  File "/home/airflow/.local/lib/python3.12/site-packages/airflow/models/taskinstance.py", line 3161, in _execute_task_with_callbacks
    result = self._execute_task(context, task_orig)
             ^^^^^^^^^^^^^^^^^^^^^^^^^^^^^^^^^^^^^^
  File "/home/airflow/.local/lib/python3.12/site-packages/airflow/models/taskinstance.py", line 3185, in _execute_task
    return _execute_task(self, context, task_orig)
           ^^^^^^^^^^^^^^^^^^^^^^^^^^^^^^^^^^^^^^^
  File "/home/airflow/.local/lib/python3.12/site-packages/airflow/models/taskinstance.py", line 768, in _execute_task
    result = _execute_callable(context=context, **execute_callable_kwargs)
             ^^^^^^^^^^^^^^^^^^^^^^^^^^^^^^^^^^^^^^^^^^^^^^^^^^^^^^^^^^^^^
  File "/home/airflow/.local/lib/python3.12/site-packages/airflow/models/taskinstance.py", line 734, in _execute_callable
    return ExecutionCallableRunner(
           ^^^^^^^^^^^^^^^^^^^^^^^^
  File "/home/airflow/.local/lib/python3.12/site-packages/airflow/utils/operator_helpers.py", line 252, in run
    return self.func(*args, **kwargs)
           ^^^^^^^^^^^^^^^^^^^^^^^^^^
  File "/home/airflow/.local/lib/python3.12/site-packages/airflow/models/baseoperator.py", line 424, in wrapper
    return func(self, *args, **kwargs)
           ^^^^^^^^^^^^^^^^^^^^^^^^^^^
  File "/home/airflow/.local/lib/python3.12/site-packages/airflow/providers/apache/spark/operators/spark_submit.py", line 174, in execute
    self._hook.submit(self.application)
  File "/home/airflow/.local/lib/python3.12/site-packages/airflow/providers/apache/spark/hooks/spark_submit.py", line 493, in submit
    self._process_spark_submit_log(iter(self._submit_sp.stdout))  # type: ignore
    ^^^^^^^^^^^^^^^^^^^^^^^^^^^^^^^^^^^^^^^^^^^^^^^^^^^^^^^^^^^^
  File "/home/airflow/.local/lib/python3.12/site-packages/airflow/providers/apache/spark/hooks/spark_submit.py", line 542, in _process_spark_submit_log
    for line in itr:
                ^^^
  File "/home/airflow/.local/lib/python3.12/site-packages/airflow/models/taskinstance.py", line 3097, in signal_handler
    raise AirflowTaskTerminated("Task received SIGTERM signal")
airflow.exceptions.AirflowTaskTerminated: Task received SIGTERM signal

During handling of the above exception, another exception occurred:

Traceback (most recent call last):
  File "/home/airflow/.local/lib/python3.12/site-packages/sqlalchemy/engine/base.py", line 1910, in _execute_context
    self.dialect.do_execute(
  File "/home/airflow/.local/lib/python3.12/site-packages/sqlalchemy/engine/default.py", line 736, in do_execute
    cursor.execute(statement, parameters)
psycopg2.errors.ForeignKeyViolation: insert or update on table "task_fail" violates foreign key constraint "task_fail_ti_fkey"
DETAIL:  Key (dag_id, task_id, run_id, map_index)=(02_industrial_sensor_elt, run_sensor_elt, __***_temporary_run_2026-04-03T07:46:31.347857+00:00__, -1) is not present in table "task_instance".


The above exception was the direct cause of the following exception:

Traceback (most recent call last):
  File "/home/airflow/.local/lib/python3.12/site-packages/airflow/task/task_runner/standard_task_runner.py", line 117, in _start_by_fork
    ret = args.func(args, dag=self.dag)
          ^^^^^^^^^^^^^^^^^^^^^^^^^^^^^
  File "/home/airflow/.local/lib/python3.12/site-packages/airflow/cli/cli_config.py", line 49, in command
    return func(*args, **kwargs)
           ^^^^^^^^^^^^^^^^^^^^^
  File "/home/airflow/.local/lib/python3.12/site-packages/airflow/utils/cli.py", line 116, in wrapper
    return f(*args, **kwargs)
           ^^^^^^^^^^^^^^^^^^
  File "/home/airflow/.local/lib/python3.12/site-packages/airflow/cli/commands/task_command.py", line 483, in task_run
    task_return_code = _run_task_by_selected_method(args, _dag, ti)
                       ^^^^^^^^^^^^^^^^^^^^^^^^^^^^^^^^^^^^^^^^^^^^
  File "/home/airflow/.local/lib/python3.12/site-packages/airflow/cli/commands/task_command.py", line 256, in _run_task_by_selected_method
    return _run_raw_task(args, ti)
           ^^^^^^^^^^^^^^^^^^^^^^^
  File "/home/airflow/.local/lib/python3.12/site-packages/airflow/cli/commands/task_command.py", line 341, in _run_raw_task
    return ti._run_raw_task(
           ^^^^^^^^^^^^^^^^^
  File "/home/airflow/.local/lib/python3.12/site-packages/airflow/utils/session.py", line 97, in wrapper
    return func(*args, session=session, **kwargs)
           ^^^^^^^^^^^^^^^^^^^^^^^^^^^^^^^^^^^^^^
  File "/home/airflow/.local/lib/python3.12/site-packages/airflow/models/taskinstance.py", line 3006, in _run_raw_task
    return _run_raw_task(
           ^^^^^^^^^^^^^^
  File "/home/airflow/.local/lib/python3.12/site-packages/airflow/models/taskinstance.py", line 328, in _run_raw_task
    ti.handle_failure(e, test_mode, context, session=session)
  File "/home/airflow/.local/lib/python3.12/site-packages/airflow/utils/session.py", line 94, in wrapper
    return func(*args, **kwargs)
           ^^^^^^^^^^^^^^^^^^^^^
  File "/home/airflow/.local/lib/python3.12/site-packages/airflow/models/taskinstance.py", line 3434, in handle_failure
    _handle_failure(
  File "/home/airflow/.local/lib/python3.12/site-packages/airflow/utils/session.py", line 94, in wrapper
    return func(*args, **kwargs)
           ^^^^^^^^^^^^^^^^^^^^^
  File "/home/airflow/.local/lib/python3.12/site-packages/airflow/api_internal/internal_api_call.py", line 166, in wrapper
    return func(*args, **kwargs)
           ^^^^^^^^^^^^^^^^^^^^^
  File "/home/airflow/.local/lib/python3.12/site-packages/airflow/models/taskinstance.py", line 1244, in _handle_failure
    TaskInstance.save_to_db(task_instance, session)
  File "/home/airflow/.local/lib/python3.12/site-packages/airflow/api_internal/internal_api_call.py", line 166, in wrapper
    return func(*args, **kwargs)
           ^^^^^^^^^^^^^^^^^^^^^
  File "/home/airflow/.local/lib/python3.12/site-packages/airflow/utils/session.py", line 94, in wrapper
    return func(*args, **kwargs)
           ^^^^^^^^^^^^^^^^^^^^^
  File "/home/airflow/.local/lib/python3.12/site-packages/airflow/models/taskinstance.py", line 3402, in save_to_db
    ti.get_dagrun().refresh_from_db()
    ^^^^^^^^^^^^^^^
  File "/home/airflow/.local/lib/python3.12/site-packages/airflow/utils/session.py", line 96, in wrapper
    with create_session() as session:
         ^^^^^^^^^^^^^^^^
  File "/usr/local/lib/python3.12/contextlib.py", line 144, in __exit__
    next(self.gen)
  File "/home/airflow/.local/lib/python3.12/site-packages/airflow/utils/session.py", line 57, in create_session
    session.commit()
  File "/home/airflow/.local/lib/python3.12/site-packages/sqlalchemy/orm/session.py", line 1454, in commit
    self._transaction.commit(_to_root=self.future)
  File "/home/airflow/.local/lib/python3.12/site-packages/sqlalchemy/orm/session.py", line 832, in commit
    self._prepare_impl()
  File "/home/airflow/.local/lib/python3.12/site-packages/sqlalchemy/orm/session.py", line 811, in _prepare_impl
    self.session.flush()
  File "/home/airflow/.local/lib/python3.12/site-packages/sqlalchemy/orm/session.py", line 3449, in flush
    self._flush(objects)
  File "/home/airflow/.local/lib/python3.12/site-packages/sqlalchemy/orm/session.py", line 3588, in _flush
    with util.safe_reraise():
         ^^^^^^^^^^^^^^^^^^^
  File "/home/airflow/.local/lib/python3.12/site-packages/sqlalchemy/util/langhelpers.py", line 70, in __exit__
    compat.raise_(
  File "/home/airflow/.local/lib/python3.12/site-packages/sqlalchemy/util/compat.py", line 211, in raise_
    raise exception
  File "/home/airflow/.local/lib/python3.12/site-packages/sqlalchemy/orm/session.py", line 3549, in _flush
    flush_context.execute()
  File "/home/airflow/.local/lib/python3.12/site-packages/sqlalchemy/orm/unitofwork.py", line 456, in execute
    rec.execute(self)
  File "/home/airflow/.local/lib/python3.12/site-packages/sqlalchemy/orm/unitofwork.py", line 630, in execute
    util.preloaded.orm_persistence.save_obj(
  File "/home/airflow/.local/lib/python3.12/site-packages/sqlalchemy/orm/persistence.py", line 245, in save_obj
    _emit_insert_statements(
  File "/home/airflow/.local/lib/python3.12/site-packages/sqlalchemy/orm/persistence.py", line 1238, in _emit_insert_statements
    result = connection._execute_20(
             ^^^^^^^^^^^^^^^^^^^^^^^
  File "/home/airflow/.local/lib/python3.12/site-packages/sqlalchemy/engine/base.py", line 1710, in _execute_20
    return meth(self, args_10style, kwargs_10style, execution_options)
           ^^^^^^^^^^^^^^^^^^^^^^^^^^^^^^^^^^^^^^^^^^^^^^^^^^^^^^^^^^^
  File "/home/airflow/.local/lib/python3.12/site-packages/sqlalchemy/sql/elements.py", line 334, in _execute_on_connection
    return connection._execute_clauseelement(
           ^^^^^^^^^^^^^^^^^^^^^^^^^^^^^^^^^^
  File "/home/airflow/.local/lib/python3.12/site-packages/sqlalchemy/engine/base.py", line 1577, in _execute_clauseelement
    ret = self._execute_context(
          ^^^^^^^^^^^^^^^^^^^^^^
  File "/home/airflow/.local/lib/python3.12/site-packages/sqlalchemy/engine/base.py", line 1953, in _execute_context
    self._handle_dbapi_exception(
  File "/home/airflow/.local/lib/python3.12/site-packages/sqlalchemy/engine/base.py", line 2134, in _handle_dbapi_exception
    util.raise_(
  File "/home/airflow/.local/lib/python3.12/site-packages/sqlalchemy/util/compat.py", line 211, in raise_
    raise exception
  File "/home/airflow/.local/lib/python3.12/site-packages/sqlalchemy/engine/base.py", line 1910, in _execute_context
    self.dialect.do_execute(
  File "/home/airflow/.local/lib/python3.12/site-packages/sqlalchemy/engine/default.py", line 736, in do_execute
    cursor.execute(statement, parameters)
sqlalchemy.exc.IntegrityError: (psycopg2.errors.ForeignKeyViolation) insert or update on table "task_fail" violates foreign key constraint "task_fail_ti_fkey"
DETAIL:  Key (dag_id, task_id, run_id, map_index)=(02_industrial_sensor_elt, run_sensor_elt, __***_temporary_run_2026-04-03T07:46:31.347857+00:00__, -1) is not present in table "task_instance".

[SQL: INSERT INTO task_fail (task_id, dag_id, run_id, map_index, start_date, end_date, duration) VALUES (%(task_id)s, %(dag_id)s, %(run_id)s, %(map_index)s, %(start_date)s, %(end_date)s, %(duration)s) RETURNING task_fail.id]
[parameters: {'task_id': 'run_sensor_elt', 'dag_id': '02_industrial_sensor_elt', 'run_id': '__airflow_temporary_run_2026-04-03T07:46:31.347857+00:00__', 'map_index': -1, 'start_date': datetime.datetime(2026, 4, 3, 7, 49, 34, 397034, tzinfo=Timezone('UTC')), 'end_date': datetime.datetime(2026, 4, 3, 7, 55, 56, 36244, tzinfo=Timezone('UTC')), 'duration': 381}]
(Background on this error at: https://sqlalche.me/e/14/gkpj)
[2026-04-03T07:55:56.153+0000] {process_utils.py:80} INFO - Process psutil.Process(pid=551, status='terminated', started='07:49:34') (551) terminated with exit code None
[2026-04-03T07:55:56.154+0000] {process_utils.py:80} INFO - Process psutil.Process(pid=677, status='terminated', started='07:49:39') (677) terminated with exit code None
[2026-04-03T07:55:56.155+0000] {process_utils.py:80} INFO - Process psutil.Process(pid=546, status='terminated', exitcode=1, started='07:49:34') (546) terminated with exit code 1
